Component: ARM Compiler 5.06 update 7 (build 960) Tool: armlink [4d3601]

==============================================================================

Section Cross References

    main.o(i.Bsp_Init) refers to stm32f10x_rcc.o(i.RCC_AHBPeriphClockCmd) for RCC_AHBPeriphClockCmd
    main.o(i.Bsp_Init) refers to bsp_delay.o(i.Delay_Init) for Delay_Init
    main.o(i.Bsp_Init) refers to misc.o(i.NVIC_PriorityGroupConfig) for NVIC_PriorityGroupConfig
    main.o(i.Bsp_Init) refers to bsp_usart.o(i.Usart1_Init) for Usart1_Init
    main.o(i.Bsp_Init) refers to bsp_rtc.o(i.RTC_Init) for RTC_Init
    main.o(i.Bsp_Init) refers to bsp_lcd7_0.o(i.MD070SD_Init) for MD070SD_Init
    main.o(i.Bsp_Init) refers to bsp_delay.o(i.Delay_Ms) for Delay_Ms
    main.o(i.Bsp_Init) refers to bsp_ds18b20.o(i.Ds18b20_Init) for Ds18b20_Init
    main.o(i.Bsp_Init) refers to bsp_timer.o(i.Timer3_Init) for Timer3_Init
    main.o(i.Bsp_Init) refers to main.o(.data) for wendudat
    main.o(i.TIM2_IRQHandler) refers to taskmanage.o(.bss) for stTaskManager
    main.o(i.TIM3_IRQHandler) refers to main.o(.data) for tim3_dat
    main.o(i.Task1_CallBack) refers to bsp_rtc.o(i.RTC_Init) for RTC_Init
    main.o(i.Task1_CallBack) refers to dfltui.o(.text) for __aeabi_ui2d
    main.o(i.Task1_CallBack) refers to dmul.o(.text) for __aeabi_dmul
    main.o(i.Task1_CallBack) refers to ddiv.o(.text) for __aeabi_ddiv
    main.o(i.Task1_CallBack) refers to dadd.o(.text) for __aeabi_dadd
    main.o(i.Task1_CallBack) refers to f2d.o(.text) for __aeabi_f2d
    main.o(i.Task1_CallBack) refers to cdcmple.o(.text) for __aeabi_cdcmple
    main.o(i.Task1_CallBack) refers to d2f.o(.text) for __aeabi_d2f
    main.o(i.Task1_CallBack) refers to printfa.o(i.__0printf) for __2printf
    main.o(i.Task1_CallBack) refers to bsp_pwr.o(i.Standby_mode) for Standby_mode
    main.o(i.Task1_CallBack) refers to main.o(.data) for CAN_Recive_Flag
    main.o(i.Task1_CallBack) refers to bsp_rtc.o(.data) for RTCvalue
    main.o(i.Task2_CallBack) refers to bsp_rtc.o(i.RTC_Get) for RTC_Get
    main.o(i.Task3_CallBack) refers to GUI_Common.o(.text.GUI_SetBkColor) for GUI_SetBkColor
    main.o(i.Task3_CallBack) refers to GUI_Common.o(.text.GUI_SetColor) for GUI_SetColor
    main.o(i.Task3_CallBack) refers to GUI_Common.o(.text.GUI_SetFont) for GUI_SetFont
    main.o(i.Task3_CallBack) refers to printfa.o(i.__0sprintf) for __2sprintf
    main.o(i.Task3_CallBack) refers to GUI_Common.o(.text.GUI_SetTextMode) for GUI_SetTextMode
    main.o(i.Task3_CallBack) refers to GUI_DispString.o(.text.GUI_DispStringAt) for GUI_DispStringAt
    main.o(i.Task3_CallBack) refers to dfltui.o(.text) for __aeabi_ui2d
    main.o(i.Task3_CallBack) refers to ddiv.o(.text) for __aeabi_ddiv
    main.o(i.Task3_CallBack) refers to memdev_banding.o(i._DemoBandingMemdev_Speed) for _DemoBandingMemdev_Speed
    main.o(i.Task3_CallBack) refers to memdev_banding.o(i._DemoBandingMemdev_Mileage) for _DemoBandingMemdev_Mileage
    main.o(i.Task3_CallBack) refers to memdev_banding.o(i._DemoBandingMemdev_Oil) for _DemoBandingMemdev_Oil
    main.o(i.Task3_CallBack) refers to ffltui.o(.text) for __aeabi_ui2f
    main.o(i.Task3_CallBack) refers to memdev_banding.o(i._DemoBandingMemdev_Battery) for _DemoBandingMemdev_Battery
    main.o(i.Task3_CallBack) refers to memdev_banding.o(i._DemoBandingMemdev_Network) for _DemoBandingMemdev_Network
    main.o(i.Task3_CallBack) refers to F24_ASCII.o(.rodata) for GUI_Font24_ASCII
    main.o(i.Task3_CallBack) refers to main.o(.data) for Calendar
    main.o(i.Task3_CallBack) refers to main.o(.bss) for Display_Buf
    main.o(i.Task3_CallBack) refers to F20B_ASCII.o(.rodata) for GUI_Font20B_ASCII
    main.o(i.Task4_CallBack) refers to bsp_ds18b20.o(i.Ds18b20_ReadSingleTemp) for Ds18b20_ReadSingleTemp
    main.o(i.Task4_CallBack) refers to main.o(.data) for Temperature
    main.o(i._BkcbWindow) refers to GUI_Common.o(.text.GUI_SetBkColor) for GUI_SetBkColor
    main.o(i._BkcbWindow) refers to GUI_Core.o(.text.GUI_Clear) for GUI_Clear
    main.o(i._BkcbWindow) refers to ff.o(i.f_mount) for f_mount
    main.o(i._BkcbWindow) refers to GUI_Stream.o(.text.GUI_DrawStreamedBitmapExAuto) for GUI_DrawStreamedBitmapExAuto
    main.o(i._BkcbWindow) refers to main.o(.bss) for fsp
    main.o(i._BkcbWindow) refers to main.o(i._Get_Data) for _Get_Data
    main.o(i._Get_Data) refers to ff.o(i.f_open) for f_open
    main.o(i._Get_Data) refers to ff.o(i.f_lseek) for f_lseek
    main.o(i._Get_Data) refers to ff.o(i.f_read) for f_read
    main.o(i._Get_Data) refers to ff.o(i.f_close) for f_close
    main.o(i.main) refers to main.o(i.Bsp_Init) for Bsp_Init
    main.o(i.main) refers to GUI_Core.o(.text.GUI_Init) for GUI_Init
    main.o(i.main) refers to WM.o(.text.WM_CreateWindow) for WM_CreateWindow
    main.o(i.main) refers to bsp_ds18b20.o(i.Ds18b20_ReadSingleTemp) for Ds18b20_ReadSingleTemp
    main.o(i.main) refers to bsp_can.o(i.CAN_Config) for CAN_Config
[...]
    0x080039cc   0x080039cc   0x00000084   Code   RO         6235    .text.GUI__MixColorsBulk  STemWin_CM3_wc16_ARGB.a(GUI__Alpha.o)
    0x08003a50   0x08003a50   0x0000000c   Code   RO         5721    .text.GUI__Read16   STemWin_CM3_wc16_ARGB.a(GUI__Private.o)
    0x08003a5c   0x08003a5c   0x0000000c   Code   RO         5722    .text.GUI__Read32   STemWin_CM3_wc16_ARGB.a(GUI__Private.o)
    0x08003a68   0x08003a68   0x0000004e   Code   RO         5314    .text.GUI__ReadHeaderFromStream  STemWin_CM3_wc16_ARGB.a(GUI_Stream.o)
    0x08003ab6   0x08003ab6   0x00000002   PAD
    0x08003ab8   0x08003ab8   0x00000024   Code   RO         5263    .text.GUI__RegisterExit  STemWin_CM3_wc16_ARGB.a(GUI_Core.o)
    0x08003adc   0x08003adc   0x00000074   Code   RO         5724    .text.GUI__SetPixelAlpha  STemWin_CM3_wc16_ARGB.a(GUI__Private.o)
    0x08003b50   0x08003b50   0x00000064   Code   RO         5720    .text.GUI__memset16  STemWin_CM3_wc16_ARGB.a(GUI__Private.o)
    0x08003bb4   0x08003bb4   0x00000024   Code   RO         5725    .text.GUI__sqrt32   STemWin_CM3_wc16_ARGB.a(GUI__Private.o)
    0x08003bd8   0x08003bd8   0x0000001c   Code   RO         5763    .text.LCD_Color2Index  STemWin_CM3_wc16_ARGB.a(LCD.o)
    0x08003bf4   0x08003bf4   0x00000224   Code   RO         5760    .text.LCD_DrawBitmap  STemWin_CM3_wc16_ARGB.a(LCD.o)
    0x08003e18   0x08003e18   0x00000050   Code   RO         5756    .text.LCD_DrawHLine  STemWin_CM3_wc16_ARGB.a(LCD.o)
    0x08003e68   0x08003e68   0x00000060   Code   RO         5755    .text.LCD_DrawPixel  STemWin_CM3_wc16_ARGB.a(LCD.o)
    0x08003ec8   0x08003ec8   0x00000058   Code   RO         5758    .text.LCD_FillRect  STemWin_CM3_wc16_ARGB.a(LCD.o)
    0x08003f20   0x08003f20   0x00000006   Code   RO         5342    .text.LCD_GetBitsPerPixelEx  STemWin_CM3_wc16_ARGB.a(LCD_GetEx.o)
    0x08003f26   0x08003f26   0x00000002   PAD
    0x08003f28   0x08003f28   0x00000010   Code   RO         5788    .text.LCD_GetBkColorIndex  STemWin_CM3_wc16_ARGB.a(LCD_GetColorIndex.o)
    0x08003f38   0x08003f38   0x00000010   Code   RO         5789    .text.LCD_GetColorIndex  STemWin_CM3_wc16_ARGB.a(LCD_GetColorIndex.o)
    0x08003f48   0x08003f48   0x00000038   Code   RO         6287    .text.LCD_GetNextPixelAPI  STemWin_CM3_wc16_ARGB.a(LCD_NextPixelAPI.o)
    0x08003f80   0x08003f80   0x00000010   Code   RO         5354    .text.LCD_GetNumColors  STemWin_CM3_wc16_ARGB.a(LCD_GetEx.o)
    0x08003f90   0x08003f90   0x00000006   Code   RO         5343    .text.LCD_GetNumColorsEx  STemWin_CM3_wc16_ARGB.a(LCD_GetEx.o)
    0x08003f96   0x08003f96   0x0000001e   Code   RO         6274    .text.LCD_GetNumLayers  STemWin_CM3_wc16_ARGB.a(LCD_GetNumDisplays.o)
    0x08003fb4   0x08003fb4   0x00000010   Code   RO         5363    .text.LCD_GetPalette  STemWin_CM3_wc16_ARGB.a(LCD_GetEx.o)
    0x08003fc4   0x08003fc4   0x00000016   Code   RO         5362    .text.LCD_GetPaletteEx  STemWin_CM3_wc16_ARGB.a(LCD_GetEx.o)
    0x08003fda   0x08003fda   0x0000000e   Code   RO         6278    .text.LCD_GetPixelColor  STemWin_CM3_wc16_ARGB.a(LCD_GetPixelColor.o)
    0x08003fe8   0x08003fe8   0x0000005c   Code   RO         5793    .text.LCD_GetPixelIndex  STemWin_CM3_wc16_ARGB.a(LCD_GetP.o)
    0x08004044   0x08004044   0x00000006   Code   RO         5340    .text.LCD_GetVXSizeEx  STemWin_CM3_wc16_ARGB.a(LCD_GetEx.o)
    0x0800404a   0x0800404a   0x00000006   Code   RO         5370    .text.LCD_GetVXSizeMax  STemWin_CM3_wc16_ARGB.a(LCD_GetEx.o)
    0x08004050   0x08004050   0x00000006   Code   RO         5341    .text.LCD_GetVYSizeEx  STemWin_CM3_wc16_ARGB.a(LCD_GetEx.o)
    0x08004056   0x08004056   0x00000002   PAD
    0x08004058   0x08004058   0x0000000c   Code   RO         5374    .text.LCD_GetXSizeDisplay  STemWin_CM3_wc16_ARGB.a(LCD_GetEx.o)
    0x08004064   0x08004064   0x00000006   Code   RO         5338    .text.LCD_GetXSizeEx  STemWin_CM3_wc16_ARGB.a(LCD_GetEx.o)
    0x0800406a   0x0800406a   0x00000006   Code   RO         5368    .text.LCD_GetXSizeMax  STemWin_CM3_wc16_ARGB.a(LCD_GetEx.o)
    0x08004070   0x08004070   0x0000000c   Code   RO         5375    .text.LCD_GetYSizeDisplay  STemWin_CM3_wc16_ARGB.a(LCD_GetEx.o)
    0x0800407c   0x0800407c   0x00000006   Code   RO         5339    .text.LCD_GetYSizeEx  STemWin_CM3_wc16_ARGB.a(LCD_GetEx.o)
    0x08004082   0x08004082   0x00000006   Code   RO         5369    .text.LCD_GetYSizeMax  STemWin_CM3_wc16_ARGB.a(LCD_GetEx.o)
    0x08004088   0x08004088   0x00000004   Code   RO         5780    .text.LCD_GetpPalConvTable  STemWin_CM3_wc16_ARGB.a(LCD_Color.o)
    0x0800408c   0x0800408c   0x00000004   Code   RO         5781    .text.LCD_GetpPalConvTableBM  STemWin_CM3_wc16_ARGB.a(LCD_Color.o)
    0x08004090   0x08004090   0x0000006c   Code   RO         5779    .text.LCD_GetpPalConvTableUncached  STemWin_CM3_wc16_ARGB.a(LCD_Color.o)
    0x080040fc   0x080040fc   0x0000001c   Code   RO         5764    .text.LCD_Index2Color  STemWin_CM3_wc16_ARGB.a(LCD.o)
    0x08004118   0x08004118   0x00000028   Code   RO         6091    .text.LCD_Index2Color_444_12  STemWin_CM3_wc16_ARGB.a(GUICC_444_12_Index2Color.o)
    0x08004140   0x08004140   0x00000028   Code   RO         6087    .text.LCD_Index2Color_444_12_1  STemWin_CM3_wc16_ARGB.a(GUICC_444_12_1_Index2Color.o)
    0x08004168   0x08004168   0x00000028   Code   RO         6095    .text.LCD_Index2Color_444_16  STemWin_CM3_wc16_ARGB.a(GUICC_444_16_Index2Color.o)
    0x08004190   0x08004190   0x00000028   Code   RO         6099    .text.LCD_Index2Color_555  STemWin_CM3_wc16_ARGB.a(GUICC_555_Index2Color.o)
    0x080041b8   0x080041b8   0x0000002c   Code   RO         6103    .text.LCD_Index2Color_565  STemWin_CM3_wc16_ARGB.a(GUICC_565.o)
    0x080041e4   0x080041e4   0x00000018   Code   RO         6124    .text.LCD_Index2Color_888  STemWin_CM3_wc16_ARGB.a(GUICC_888_Index2Color.o)
    0x080041fc   0x080041fc   0x0000001c   Code   RO         6120    .text.LCD_Index2Color_8888  STemWin_CM3_wc16_ARGB.a(GUICC_8888_Index2Color.o)
    0x08004218   0x08004218   0x00000028   Code   RO         6132    .text.LCD_Index2Color_M444_12  STemWin_CM3_wc16_ARGB.a(GUICC_M444_12_Index2Color.o)
    0x08004240   0x08004240   0x00000028   Code   RO         6128    .text.LCD_Index2Color_M444_12_1  STemWin_CM3_wc16_ARGB.a(GUICC_M444_12_1_Index2Color.o)
    0x08004268   0x08004268   0x00000028   Code   RO         6136    .text.LCD_Index2Color_M444_16  STemWin_CM3_wc16_ARGB.a(GUICC_M444_16_Index2Color.o)
    0x08004290   0x08004290   0x00000028   Code   RO         6140    .text.LCD_Index2Color_M555  STemWin_CM3_wc16_ARGB.a(GUICC_M555_Index2Color.o)
    0x080042b8   0x080042b8   0x0000002c   Code   RO         5109    .text.LCD_Index2Color_M565  STemWin_CM3_wc16_ARGB.a(GUICC_M565.o)
    0x080042e4   0x080042e4   0x00000006   Code   RO         6376    .text.LCD_Index2Color_M888  STemWin_CM3_wc16_ARGB.a(GUICC_M888_Index2Color.o)
    0x080042ea   0x080042ea   0x00000002   Code   RO         6144    .text.LCD_Index2Color_M8888I  STemWin_CM3_wc16_ARGB.a(GUICC_M8888I_Index2Color.o)
    0x080042ec   0x080042ec   0x0000003c   Code   RO         5778    .text.LCD_InitColors  STemWin_CM3_wc16_ARGB.a(LCD_Color.o)
    0x08004328   0x08004328   0x00000088   Code   RO         5782    .text.LCD_InitLUT   STemWin_CM3_wc16_ARGB.a(LCD_Color.o)
    0x080043b0   0x080043b0   0x000001a4   Code   RO         6444    .text.LCD_ReadRectEx  STemWin_CM3_wc16_ARGB.a(LCD_ReadRect.o)
    0x08004554   0x08004554   0x00000040   Code   RO         5878    .text.LCD_SelectLCD  STemWin_CM3_wc16_ARGB.a(LCD_SelectLCD.o)
    0x08004594   0x08004594   0x0000000c   Code   RO         5769    .text.LCD_SetBkColor  STemWin_CM3_wc16_ARGB.a(LCD.o)
    0x080045a0   0x080045a0   0x00000018   Code   RO         5767    .text.LCD_SetBkColorIndex  STemWin_CM3_wc16_ARGB.a(LCD.o)
    0x080045b8   0x080045b8   0x00000030   Code   RO         5882    .text.LCD_SetClipRectEx  STemWin_CM3_wc16_ARGB.a(LCD_SetClipRectEx.o)
    0x080045e8   0x080045e8   0x0000001c   Code   RO         5761    .text.LCD_SetClipRectMax  STemWin_CM3_wc16_ARGB.a(LCD.o)
    0x08004604   0x08004604   0x0000000c   Code   RO         5770    .text.LCD_SetColor  STemWin_CM3_wc16_ARGB.a(LCD.o)
    0x08004610   0x08004610   0x00000018   Code   RO         5765    .text.LCD_SetColorIndex  STemWin_CM3_wc16_ARGB.a(LCD.o)
    0x08004628   0x08004628   0x0000000c   Code   RO         5373    .text.LCD_SetDisplaySize  STemWin_CM3_wc16_ARGB.a(LCD_GetEx.o)
    0x08004634   0x08004634   0x0000000c   Code   RO         5754    .text.LCD_SetDrawMode  STemWin_CM3_wc16_ARGB.a(LCD.o)
    0x08004640   0x08004640   0x00000030   Code   RO         5391    .text.LCD_SetLUTEntryEx  STemWin_CM3_wc16_ARGB.a(LCD_Set.o)
    0x08004670   0x08004670   0x0000004c   Code   RO         5771    .text.LCD_SetPixelIndex  STemWin_CM3_wc16_ARGB.a(LCD.o)
    0x080046bc   0x080046bc   0x00000030   Code   RO         5393    .text.LCD_SetSizeEx  STemWin_CM3_wc16_ARGB.a(LCD_Set.o)
    0x080046ec   0x080046ec   0x00000030   Code   RO         5396    .text.LCD_SetVSizeEx  STemWin_CM3_wc16_ARGB.a(LCD_Set.o)
    0x0800471c   0x0800471c   0x00000024   Code   RO         5886    .text.LCD_UpdateColorIndices  STemWin_CM3_wc16_ARGB.a(LCD_UpdateColorIndices.o)
    0x08004740   0x08004740   0x000001d8   Code   RO         5759    .text.LCD__DrawBitmap_1bpp  STemWin_CM3_wc16_ARGB.a(LCD.o)
    0x08004918   0x08004918   0x0000007e   Code   RO         5376    .text.LCD__GetBPP   STemWin_CM3_wc16_ARGB.a(LCD_GetEx.o)
    0x08004996   0x08004996   0x0000002c   Code   RO         5377    .text.LCD__GetBPPDevice  STemWin_CM3_wc16_ARGB.a(LCD_GetEx.o)
    0x080049c2   0x080049c2   0x00000002   PAD
    0x080049c4   0x080049c4   0x00000040   Code   RO         5812    .text.LCD__RLE16_SetFunc  STemWin_CM3_wc16_ARGB.a(LCD_RLE16.o)
    0x08004a04   0x08004a04   0x00000048   Code   RO         5828    .text.LCD__RLE32_SetFunc  STemWin_CM3_wc16_ARGB.a(LCD_RLE32.o)
    0x08004a4c   0x08004a4c   0x0000004c   Code   RO         5839    .text.LCD__RLE4_SetFunc  STemWin_CM3_wc16_ARGB.a(LCD_RLE4.o)
    0x08004a98   0x08004a98   0x0000004c   Code   RO         5850    .text.LCD__RLE8_SetFunc  STemWin_CM3_wc16_ARGB.a(LCD_RLE8.o)
    0x08004ae4   0x08004ae4   0x00000010   Code   RO         5510    .text.WM_Activate   STemWin_CM3_wc16_ARGB.a(WM.o)
    0x08004af4   0x08004af4   0x00000086   Code   RO         5978    .text.WM_BringToBottom  STemWin_CM3_wc16_ARGB.a(WM_Lib.o)
    0x08004b7a   0x08004b7a   0x0000001a   Code   RO         5497    .text.WM_CreateWindow  STemWin_CM3_wc16_ARGB.a(WM.o)
    0x08004b94   0x08004b94   0x00000160   Code   RO         5496    .text.WM_CreateWindowAsChild  STemWin_CM3_wc16_ARGB.a(WM.o)
    0x08004cf4   0x08004cf4   0x00000014   Code   RO         5511    .text.WM_Deactivate  STemWin_CM3_wc16_ARGB.a(WM.o)
    0x08004d08   0x08004d08   0x00000048   Code   RO         5512    .text.WM_DefaultProc  STemWin_CM3_wc16_ARGB.a(WM.o)
    0x08004d50   0x08004d50   0x00000018   Code   RO         5956    .text.WM_GetDesktopWindow  STemWin_CM3_wc16_ARGB.a(WM_Lib.o)
    0x08004d68   0x08004d68   0x00000010   Code   RO         5963    .text.WM_GetFirstChild  STemWin_CM3_wc16_ARGB.a(WM_Lib.o)
    0x08004d78   0x08004d78   0x00000010   Code   RO         5977    .text.WM_GetParent  STemWin_CM3_wc16_ARGB.a(WM_Lib.o)
    0x08004d88   0x08004d88   0x000000f0   Code   RO         5514    .text.WM_Init       STemWin_CM3_wc16_ARGB.a(WM.o)
    0x08004e78   0x08004e78   0x00000078   Code   RO         5492    .text.WM_InvalidateRect  STemWin_CM3_wc16_ARGB.a(WM.o)
    0x08004ef0   0x08004ef0   0x00000006   Code   RO         5493    .text.WM_InvalidateWindow  STemWin_CM3_wc16_ARGB.a(WM.o)
    0x08004ef6   0x08004ef6   0x00000064   Code   RO         5487    .text.WM_InvalidateWindowAndDescsEx  STemWin_CM3_wc16_ARGB.a(WM.o)
    0x08004f5a   0x08004f5a   0x00000002   PAD
    0x08004f5c   0x08004f5c   0x00000040   Code   RO         5495    .text.WM_SelectWindow  STemWin_CM3_wc16_ARGB.a(WM.o)
    0x08004f9c   0x08004f9c   0x0000001c   Code   RO         6000    .text.WM_SendToParent  STemWin_CM3_wc16_ARGB.a(WM_Lib.o)
    0x08004fb8   0x08004fb8   0x00000048   Code   RO         5477    .text.WM__ActivateClipRect  STemWin_CM3_wc16_ARGB.a(WM.o)
    0x08005000   0x08005000   0x00000010   Code   RO         6063    .text.WM__AddCriticalHandle  STemWin_CM3_wc16_ARGB.a(WM__Private.o)
    0x08005010   0x08005010   0x00000010   Code   RO         5475    .text.WM__Client2Screen  STemWin_CM3_wc16_ARGB.a(WM.o)
    0x08005020   0x08005020   0x00000058   Code   RO         5472    .text.WM__ClipAtParentBorders  STemWin_CM3_wc16_ARGB.a(WM.o)
    0x08005078   0x08005078   0x00000022   Code   RO         6065    .text.WM__GetClientRectEx  STemWin_CM3_wc16_ARGB.a(WM__Private.o)
    0x0800509a   0x0800509a   0x00000018   Code   RO         5483    .text.WM__GetClientRectWin  STemWin_CM3_wc16_ARGB.a(WM.o)
    0x080050b2   0x080050b2   0x00000012   Code   RO         6047    .text.WM__GetFirstSibling  STemWin_CM3_wc16_ARGB.a(WM__Private.o)
    0x080050c4   0x080050c4   0x00000184   Code   RO         5501    .text.WM__GetNextIVR  STemWin_CM3_wc16_ARGB.a(WM.o)
    0x08005248   0x08005248   0x00000026   Code   RO         6051    .text.WM__GetPrevSibling  STemWin_CM3_wc16_ARGB.a(WM__Private.o)
    0x0800526e   0x0800526e   0x00000002   PAD
    0x08005270   0x08005270   0x00000028   Code   RO         5484    .text.WM__GetTopLevelLayer  STemWin_CM3_wc16_ARGB.a(WM.o)
    0x08005298   0x08005298   0x00000100   Code   RO         5502    .text.WM__InitIVRSearch  STemWin_CM3_wc16_ARGB.a(WM.o)
    0x08005398   0x08005398   0x000000ac   Code   RO         5473    .text.WM__InsertWindowIntoList  STemWin_CM3_wc16_ARGB.a(WM.o)
    0x08005444   0x08005444   0x00000006   Code   RO         5486    .text.WM__Invalidate1Abs  STemWin_CM3_wc16_ARGB.a(WM.o)
    0x0800544a   0x0800544a   0x00000002   PAD
    0x0800544c   0x0800544c   0x00000050   Code   RO         5479    .text.WM__InvalidateDrawAndDescs  STemWin_CM3_wc16_ARGB.a(WM.o)
    0x0800549c   0x0800549c   0x00000076   Code   RO         5488    .text.WM__InvalidateRect  STemWin_CM3_wc16_ARGB.a(WM.o)
    0x08005512   0x08005512   0x00000006   Code   RO         5490    .text.WM__InvalidateRectEx  STemWin_CM3_wc16_ARGB.a(WM.o)
    0x08005518   0x08005518   0x00000022   Code   RO         5480    .text.WM__RectIsNZ  STemWin_CM3_wc16_ARGB.a(WM.o)
    0x0800553a   0x0800553a   0x00000014   Code   RO         5494    .text.WM__SelectTopLevelLayer  STemWin_CM3_wc16_ARGB.a(WM.o)
    0x0800554e   0x0800554e   0x00000002   PAD
    0x08005550   0x08005550   0x0000003c   Code   RO         6059    .text.WM__SendMessage  STemWin_CM3_wc16_ARGB.a(WM__Private.o)
    0x0800558c   0x0800558c   0x00000028   Code   RO         6061    .text.WM__SendMessageNoPara  STemWin_CM3_wc16_ARGB.a(WM__Private.o)
    0x080055b4   0x080055b4   0x00000016   Code   RO         5482    .text.WM__SendMsgNoData  STemWin_CM3_wc16_ARGB.a(WM.o)
    0x080055ca   0x080055ca   0x00000002   PAD
    0x080055cc   0x080055cc   0x000000a4   Code   RO         5121    .text._AddFreeMemory  STemWin_CM3_wc16_ARGB.a(GUI_Alloc.o)
    0x08005670   0x08005670   0x000000f0   Code   RO         5147    .text._Alloc        STemWin_CM3_wc16_ARGB.a(GUI_Alloc.o)
    0x08005760   0x08005760   0x00000004   Code   RO         5683    .text._CalcSizeOfChar  STemWin_CM3_wc16_ARGB.a(GUI_UC_EncodeNone.o)
    0x08005764   0x08005764   0x0000005c   Code   RO         5112    .text._Color2IndexBulk  STemWin_CM3_wc16_ARGB.a(GUICC_M565.o)
    0x080057c0   0x080057c0   0x00000038   Code   RO         6106    .text._Color2IndexBulk  STemWin_CM3_wc16_ARGB.a(GUICC_565.o)
    0x080057f8   0x080057f8   0x00000034   Code   RO         6114    .text._Color2IndexBulk  STemWin_CM3_wc16_ARGB.a(GUICC_8888.o)
    0x0800582c   0x0800582c   0x00000010   Code   RO         6071    .text._Color2IndexBulk_M8888I  STemWin_CM3_wc16_ARGB.a(GUICC_M8888I.o)
    0x0800583c   0x0800583c   0x00000052   Code   RO         6080    .text._Color2Index_0  STemWin_CM3_wc16_ARGB.a(GUICC_0.o)
    0x0800588e   0x0800588e   0x00000002   PAD
    0x08005890   0x08005890   0x00000028   Code   RO         6104    .text._Color2Index_565  STemWin_CM3_wc16_ARGB.a(GUICC_565.o)
    0x080058b8   0x080058b8   0x0000001c   Code   RO         6112    .text._Color2Index_8888  STemWin_CM3_wc16_ARGB.a(GUICC_8888.o)
    0x080058d4   0x080058d4   0x00000028   Code   RO         5110    .text._Color2Index_M565  STemWin_CM3_wc16_ARGB.a(GUICC_M565.o)
    0x080058fc   0x080058fc   0x00000002   Code   RO         6069    .text._Color2Index_M8888I  STemWin_CM3_wc16_ARGB.a(GUICC_M8888I.o)
    0x080058fe   0x080058fe   0x0000003e   Code   RO         5937    .text._Convert16    STemWin_CM3_wc16_ARGB.a(GUIDEV_WriteToActiveOpaque.o)
    0x0800593c   0x0800593c   0x00000042   Code   RO         5938    .text._Convert8     STemWin_CM3_wc16_ARGB.a(GUIDEV_WriteToActiveOpaque.o)
    0x0800597e   0x0800597e   0x00000002   PAD
    0x08005980   0x08005980   0x0000009c   Code   RO         5529    .text._DispLine     STemWin_CM3_wc16_ARGB.a(GUI_CharLine.o)
    0x08005a1c   0x08005a1c   0x000000a8   Code   RO         5597    .text._DoClipping   STemWin_CM3_wc16_ARGB.a(GUI_DrawBitmap_8888.o)
    0x08005ac4   0x08005ac4   0x00000080   Code   RO         5823    .text._Draw         STemWin_CM3_wc16_ARGB.a(LCD_RLE32.o)
    0x08005b44   0x08005b44   0x00000748   Code   RO         5451    .text._DrawBitmap   STemWin_CM3_wc16_ARGB.a(GUIDEV_16.o)
    0x0800628c   0x0800628c   0x000001c0   Code   RO         5570    .text._DrawBitmap   STemWin_CM3_wc16_ARGB.a(GUI_DrawBitmap_24.o)
    0x0800644c   0x0800644c   0x00000028   Code   RO         5585    .text._DrawBitmap   STemWin_CM3_wc16_ARGB.a(GUI_DrawBitmap_555.o)
    0x08006474   0x08006474   0x0000002c   Code   RO         5591    .text._DrawBitmap   STemWin_CM3_wc16_ARGB.a(GUI_DrawBitmap_565.o)
    0x080064a0   0x080064a0   0x000004d4   Code   RO         5601    .text._DrawBitmap   STemWin_CM3_wc16_ARGB.a(GUI_DrawBitmap_8888.o)
    0x08006974   0x08006974   0x000001bc   Code   RO         5805    .text._DrawBitmap   STemWin_CM3_wc16_ARGB.a(LCD_RLE16.o)
    0x08006b30   0x08006b30   0x000001b0   Code   RO         5821    .text._DrawBitmap   STemWin_CM3_wc16_ARGB.a(LCD_RLE32.o)
    0x08006ce0   0x08006ce0   0x000001f0   Code   RO         5835    .text._DrawBitmap   STemWin_CM3_wc16_ARGB.a(LCD_RLE4.o)
    0x08006ed0   0x08006ed0   0x00000230   Code   RO         5846    .text._DrawBitmap   STemWin_CM3_wc16_ARGB.a(LCD_RLE8.o)
    0x08007100   0x08007100   0x00000028   Code   RO         5575    .text._DrawBitmap444_12  STemWin_CM3_wc16_ARGB.a(GUI_DrawBitmap_444.o)
    0x08007128   0x08007128   0x00000028   Code   RO         5577    .text._DrawBitmap444_12_1  STemWin_CM3_wc16_ARGB.a(GUI_DrawBitmap_444.o)
    0x08007150   0x08007150   0x00000028   Code   RO         5579    .text._DrawBitmap444_16  STemWin_CM3_wc16_ARGB.a(GUI_DrawBitmap_444.o)
    0x08007178   0x08007178   0x00000024   Code   RO         5612    .text._DrawBitmapA555  STemWin_CM3_wc16_ARGB.a(GUI_DrawBitmap_A16.o)
    0x0800719c   0x0800719c   0x00000024   Code   RO         5610    .text._DrawBitmapA565  STemWin_CM3_wc16_ARGB.a(GUI_DrawBitmap_A16.o)
    0x080071c0   0x080071c0   0x00000024   Code   RO         5613    .text._DrawBitmapAM555  STemWin_CM3_wc16_ARGB.a(GUI_DrawBitmap_A16.o)
    0x080071e4   0x080071e4   0x00000024   Code   RO         5611    .text._DrawBitmapAM565  STemWin_CM3_wc16_ARGB.a(GUI_DrawBitmap_A16.o)
    0x08007208   0x08007208   0x00000098   Code   RO         5598    .text._DrawBitmapHW_8888  STemWin_CM3_wc16_ARGB.a(GUI_DrawBitmap_8888.o)
    0x080072a0   0x080072a0   0x00000028   Code   RO         5576    .text._DrawBitmapM444_12  STemWin_CM3_wc16_ARGB.a(GUI_DrawBitmap_444.o)
    0x080072c8   0x080072c8   0x00000028   Code   RO         5578    .text._DrawBitmapM444_12_1  STemWin_CM3_wc16_ARGB.a(GUI_DrawBitmap_444.o)
    0x080072f0   0x080072f0   0x00000028   Code   RO         5580    .text._DrawBitmapM444_16  STemWin_CM3_wc16_ARGB.a(GUI_DrawBitmap_444.o)
    0x08007318   0x08007318   0x00000028   Code   RO         5586    .text._DrawBitmapSwapRB  STemWin_CM3_wc16_ARGB.a(GUI_DrawBitmap_555.o)
    0x08007340   0x08007340   0x0000002c   Code   RO         5592    .text._DrawBitmapSwapRB  STemWin_CM3_wc16_ARGB.a(GUI_DrawBitmap_565.o)
    0x0800736c   0x0800736c   0x00000028   Code   RO         5602    .text._DrawBitmap_8888  STemWin_CM3_wc16_ARGB.a(GUI_DrawBitmap_8888.o)
    0x08007394   0x08007394   0x00000094   Code   RO         5809    .text._DrawBitmap_Ex.isra.0  STemWin_CM3_wc16_ARGB.a(LCD_RLE16.o)
    0x08007428   0x08007428   0x00000028   Code   RO         5603    .text._DrawBitmap_M8888I  STemWin_CM3_wc16_ARGB.a(GUI_DrawBitmap_8888.o)
    0x08007450   0x08007450   0x00000030   Code   RO         5806    .text._DrawBitmap_RLE16  STemWin_CM3_wc16_ARGB.a(LCD_RLE16.o)
    0x08007480   0x08007480   0x0000001c   Code   RO         5810    .text._DrawBitmap_RLE16Ex  STemWin_CM3_wc16_ARGB.a(LCD_RLE16.o)
    0x0800749c   0x0800749c   0x00000024   Code   RO         5822    .text._DrawBitmap_RLE32  STemWin_CM3_wc16_ARGB.a(LCD_RLE32.o)
    0x080074c0   0x080074c0   0x0000007c   Code   RO         5825    .text._DrawBitmap_RLE32Ex  STemWin_CM3_wc16_ARGB.a(LCD_RLE32.o)
    0x0800753c   0x0800753c   0x00000028   Code   RO         5836    .text._DrawBitmap_RLE4  STemWin_CM3_wc16_ARGB.a(LCD_RLE4.o)
    0x08007564   0x08007564   0x00000094   Code   RO         5837    .text._DrawBitmap_RLE4Ex  STemWin_CM3_wc16_ARGB.a(LCD_RLE4.o)
    0x080075f8   0x080075f8   0x0000002c   Code   RO         5847    .text._DrawBitmap_RLE8  STemWin_CM3_wc16_ARGB.a(LCD_RLE8.o)
    0x08007624   0x08007624   0x00000098   Code   RO         5848    .text._DrawBitmap_RLE8Ex  STemWin_CM3_wc16_ARGB.a(LCD_RLE8.o)
    0x080076bc   0x080076bc   0x00000030   Code   RO         5807    .text._DrawBitmap_RLEM16  STemWin_CM3_wc16_ARGB.a(LCD_RLE16.o)
    0x080076ec   0x080076ec   0x0000001c   Code   RO         5811    .text._DrawBitmap_RLEM16Ex  STemWin_CM3_wc16_ARGB.a(LCD_RLE16.o)
    0x08007708   0x08007708   0x00000068   Code   RO         5824    .text._DrawClip     STemWin_CM3_wc16_ARGB.a(LCD_RLE32.o)
    0x08007770   0x08007770   0x0000000e   Code   RO         5450    .text._DrawHLine    STemWin_CM3_wc16_ARGB.a(GUIDEV_16.o)
    0x0800777e   0x0800777e   0x00000002   PAD
    0x08007780   0x08007780   0x00000074   Code   RO         5311    .text._DrawStreamedBitmapExLoop  STemWin_CM3_wc16_ARGB.a(GUI_Stream.o)
    0x080077f4   0x080077f4   0x000000f8   Code   RO         5310    .text._DrawStreamedBitmapExNoPalette  STemWin_CM3_wc16_ARGB.a(GUI_Stream.o)
    0x080078ec   0x080078ec   0x000001a4   Code   RO         5313    .text._DrawStreamedBitmapExPalette  STemWin_CM3_wc16_ARGB.a(GUI_Stream.o)
    0x08007a90   0x08007a90   0x000000bc   Code   RO         5448    .text._DrawVLine    STemWin_CM3_wc16_ARGB.a(GUIDEV_16.o)
    0x08007b4c   0x08007b4c   0x00000006   Code   RO         5684    .text._Encode       STemWin_CM3_wc16_ARGB.a(GUI_UC_EncodeNone.o)
    0x08007b52   0x08007b52   0x00000002   PAD
    0x08007b54   0x08007b54   0x0000009c   Code   RO         5142    .text._EnlargeBlocks  STemWin_CM3_wc16_ARGB.a(GUI_Alloc.o)
    0x08007bf0   0x08007bf0   0x000000b4   Code   RO         5449    .text._FillRect     STemWin_CM3_wc16_ARGB.a(GUIDEV_16.o)
    0x08007ca4   0x08007ca4   0x00000086   Code   RO         5466    .text._Findx0       STemWin_CM3_wc16_ARGB.a(WM.o)
    0x08007d2a   0x08007d2a   0x00000072   Code   RO         5467    .text._Findx1       STemWin_CM3_wc16_ARGB.a(WM.o)
    0x08007d9c   0x08007d9c   0x000000a6   Code   RO         5465    .text._Findy1       STemWin_CM3_wc16_ARGB.a(WM.o)
    0x08007e42   0x08007e42   0x00000004   Code   RO         6335    .text._GUI_USAGE_BM_Delete  STemWin_CM3_wc16_ARGB.a(GUIDEV_UsageBM.o)
    0x08007e46   0x08007e46   0x00000002   PAD
    0x08007e48   0x08007e48   0x00000040   Code   RO         5803    .text._GetByte_GetData  STemWin_CM3_wc16_ARGB.a(LCD_RLE16.o)
    0x08007e88   0x08007e88   0x00000020   Code   RO         5819    .text._GetByte_GetData  STemWin_CM3_wc16_ARGB.a(LCD_RLE32.o)
    0x08007ea8   0x08007ea8   0x00000040   Code   RO         5834    .text._GetByte_GetData  STemWin_CM3_wc16_ARGB.a(LCD_RLE4.o)
    0x08007ee8   0x08007ee8   0x00000040   Code   RO         5845    .text._GetByte_GetData  STemWin_CM3_wc16_ARGB.a(LCD_RLE8.o)
    0x08007f28   0x08007f28   0x00000010   Code   RO         5802    .text._GetByte_pPixel  STemWin_CM3_wc16_ARGB.a(LCD_RLE16.o)
    0x08007f38   0x08007f38   0x00000010   Code   RO         5818    .text._GetByte_pPixel  STemWin_CM3_wc16_ARGB.a(LCD_RLE32.o)
    0x08007f48   0x08007f48   0x00000010   Code   RO         5833    .text._GetByte_pPixel  STemWin_CM3_wc16_ARGB.a(LCD_RLE4.o)
    0x08007f58   0x08007f58   0x00000010   Code   RO         5844    .text._GetByte_pPixel  STemWin_CM3_wc16_ARGB.a(LCD_RLE8.o)
    0x08007f68   0x08007f68   0x00000004   Code   RO         5681    .text._GetCharCode  STemWin_CM3_wc16_ARGB.a(GUI_UC_EncodeNone.o)
    0x08007f6c   0x08007f6c   0x00000004   Code   RO         5682    .text._GetCharSize  STemWin_CM3_wc16_ARGB.a(GUI_UC_EncodeNone.o)
    0x08007f70   0x08007f70   0x00000024   Code   RO         5309    .text._GetData      STemWin_CM3_wc16_ARGB.a(GUI_Stream.o)
    0x08007f94   0x08007f94   0x00000010   Code   RO         5440    .text._GetDevData   STemWin_CM3_wc16_ARGB.a(GUIDEV_16.o)
    0x08007fa4   0x08007fa4   0x00000010   Code   RO         5441    .text._GetDevFunc   STemWin_CM3_wc16_ARGB.a(GUIDEV_16.o)
    0x08007fb4   0x08007fb4   0x0000001e   Code   RO         5336    .text._GetDevProp   STemWin_CM3_wc16_ARGB.a(LCD_GetEx.o)
    0x08007fd2   0x08007fd2   0x00000018   Code   RO         5452    .text._GetDevProp   STemWin_CM3_wc16_ARGB.a(GUIDEV_16.o)
    0x08007fea   0x08007fea   0x00000052   Code   RO         6078    .text._GetIndexMask_0  STemWin_CM3_wc16_ARGB.a(GUICC_0.o)
    0x0800803c   0x0800803c   0x00000006   Code   RO         6105    .text._GetIndexMask_565  STemWin_CM3_wc16_ARGB.a(GUICC_565.o)
    0x08008042   0x08008042   0x00000006   Code   RO         6113    .text._GetIndexMask_8888  STemWin_CM3_wc16_ARGB.a(GUICC_8888.o)
    0x08008048   0x08008048   0x00000006   Code   RO         5111    .text._GetIndexMask_M565  STemWin_CM3_wc16_ARGB.a(GUICC_M565.o)
    0x0800804e   0x0800804e   0x00000006   Code   RO         6070    .text._GetIndexMask_M8888I  STemWin_CM3_wc16_ARGB.a(GUICC_M8888I.o)
    0x08008054   0x08008054   0x00000022   Code   RO         5337    .text._GetMaxValue  STemWin_CM3_wc16_ARGB.a(LCD_GetEx.o)
    0x08008076   0x08008076   0x0000005e   Code   RO         5312    .text._GetPaletteEx.isra.0  STemWin_CM3_wc16_ARGB.a(GUI_Stream.o)
    0x080080d4   0x080080d4   0x0000000e   Code   RO         5445    .text._GetPixelIndex  STemWin_CM3_wc16_ARGB.a(GUIDEV_16.o)
    0x080080e2   0x080080e2   0x00000002   PAD
    0x080080e4   0x080080e4   0x00000030   Code   RO         5804    .text._GetPixelIndex  STemWin_CM3_wc16_ARGB.a(LCD_RLE16.o)
    0x08008114   0x08008114   0x00000020   Code   RO         5820    .text._GetPixel_GetData  STemWin_CM3_wc16_ARGB.a(LCD_RLE32.o)
    0x08008134   0x08008134   0x00000010   Code   RO         5827    .text._GetPixel_pPixel  STemWin_CM3_wc16_ARGB.a(LCD_RLE32.o)
    0x08008144   0x08008144   0x00000036   Code   RO         5443    .text._GetRect      STemWin_CM3_wc16_ARGB.a(GUIDEV_16.o)
    0x0800817a   0x0800817a   0x00000002   PAD
    0x0800817c   0x0800817c   0x00000068   Code   RO         5113    .text._Index2ColorBulk  STemWin_CM3_wc16_ARGB.a(GUICC_M565.o)
    0x080081e4   0x080081e4   0x00000050   Code   RO         6107    .text._Index2ColorBulk  STemWin_CM3_wc16_ARGB.a(GUICC_565.o)
    0x08008234   0x08008234   0x00000034   Code   RO         6115    .text._Index2ColorBulk  STemWin_CM3_wc16_ARGB.a(GUICC_8888.o)
    0x08008268   0x08008268   0x00000010   Code   RO         6072    .text._Index2ColorBulk_M8888I  STemWin_CM3_wc16_ARGB.a(GUICC_M8888I.o)
    0x08008278   0x08008278   0x0000001e   Code   RO         6079    .text._Index2Color_0  STemWin_CM3_wc16_ARGB.a(GUICC_0.o)
    0x08008296   0x08008296   0x00000002   PAD
    0x08008298   0x08008298   0x00000080   Code   RO         5248    .text._InitContext  STemWin_CM3_wc16_ARGB.a(GUI_Core.o)
    0x08008318   0x08008318   0x00000068   Code   RO         5143    .text._InitOnce     STemWin_CM3_wc16_ARGB.a(GUI_Alloc.o)
    0x08008380   0x08008380   0x000000a0   Code   RO         5485    .text._Invalidate1Abs  STemWin_CM3_wc16_ARGB.a(WM.o)
    0x08008420   0x08008420   0x00000070   Code   RO         5817    .text._LoadBufferOnDemand  STemWin_CM3_wc16_ARGB.a(LCD_RLE32.o)
    0x08008490   0x08008490   0x00000002   Code   RO         5528    .text._Log2VisBuffered  STemWin_CM3_wc16_ARGB.a(GUI_CharLine.o)
    0x08008492   0x08008492   0x00000002   PAD
    0x08008494   0x08008494   0x00000028   Code   RO         6285    .text._NextPixel_End  STemWin_CM3_wc16_ARGB.a(LCD_NextPixelAPI.o)
    0x080084bc   0x080084bc   0x00000050   Code   RO         6282    .text._NextPixel_FlushBuffer  STemWin_CM3_wc16_ARGB.a(LCD_NextPixelAPI.o)
    0x0800850c   0x0800850c   0x0000001c   Code   RO         6284    .text._NextPixel_NextLine  STemWin_CM3_wc16_ARGB.a(LCD_NextPixelAPI.o)
    0x08008528   0x08008528   0x00000108   Code   RO         6283    .text._NextPixel_SetPixel  STemWin_CM3_wc16_ARGB.a(LCD_NextPixelAPI.o)
    0x08008630   0x08008630   0x000000b4   Code   RO         6286    .text._NextPixel_Start  STemWin_CM3_wc16_ARGB.a(LCD_NextPixelAPI.o)
    0x080086e4   0x080086e4   0x00000044   Code   RO         5249    .text._OnExit       STemWin_CM3_wc16_ARGB.a(GUI_Core.o)
    0x08008728   0x08008728   0x0000009c   Code   RO         5463    .text._OnExit       STemWin_CM3_wc16_ARGB.a(WM.o)
    0x080087c4   0x080087c4   0x0000001c   Code   RO         5776    .text._OnExit       STemWin_CM3_wc16_ARGB.a(LCD_Color.o)
    0x080087e0   0x080087e0   0x00000014   Code   RO         5808    .text._OnExit       STemWin_CM3_wc16_ARGB.a(LCD_RLE16.o)
    0x080087f4   0x080087f4   0x00000014   Code   RO         5826    .text._OnExit       STemWin_CM3_wc16_ARGB.a(LCD_RLE32.o)
    0x08008808   0x08008808   0x00000014   Code   RO         5838    .text._OnExit       STemWin_CM3_wc16_ARGB.a(LCD_RLE4.o)
    0x0800881c   0x0800881c   0x00000014   Code   RO         5849    .text._OnExit       STemWin_CM3_wc16_ARGB.a(LCD_RLE8.o)
    0x08008830   0x08008830   0x00000028   Code   RO         6237    .text._OnExit       STemWin_CM3_wc16_ARGB.a(GUI__Alpha.o)
    0x08008858   0x08008858   0x00000024   Code   RO         5119    .text._PushFreeBlock  STemWin_CM3_wc16_ARGB.a(GUI_Alloc.o)
    0x0800887c   0x0800887c   0x00000040   Code   RO         5120    .text._RemoveFreeBlock  STemWin_CM3_wc16_ARGB.a(GUI_Alloc.o)
    0x080088bc   0x080088bc   0x00000098   Code   RO         5122    .text._RemoveHoles  STemWin_CM3_wc16_ARGB.a(GUI_Alloc.o)
    0x08008954   0x08008954   0x00000020   Code   RO         5768    .text._SetBkColor   STemWin_CM3_wc16_ARGB.a(LCD.o)
    0x08008974   0x08008974   0x00000050   Code   RO         5476    .text._SetClipRectUserIntersect  STemWin_CM3_wc16_ARGB.a(WM.o)
    0x080089c4   0x080089c4   0x00000020   Code   RO         5766    .text._SetColor     STemWin_CM3_wc16_ARGB.a(LCD.o)
    0x080089e4   0x080089e4   0x00000028   Code   RO         5753    .text._SetDrawMode  STemWin_CM3_wc16_ARGB.a(LCD.o)
    0x08008a0c   0x08008a0c   0x0000000c   Code   RO         5442    .text._SetOrg       STemWin_CM3_wc16_ARGB.a(GUIDEV_16.o)
    0x08008a18   0x08008a18   0x0000004c   Code   RO         5599    .text._SetPixelAlpha  STemWin_CM3_wc16_ARGB.a(GUI_DrawBitmap_8888.o)
    0x08008a64   0x08008a64   0x0000004c   Code   RO         5447    .text._SetPixelIndex  STemWin_CM3_wc16_ARGB.a(GUIDEV_16.o)
    0x08008ab0   0x08008ab0   0x00000040   Code   RO         5444    .text._XY2PTR       STemWin_CM3_wc16_ARGB.a(GUIDEV_16.o)
    0x08008af0   0x08008af0   0x00000058   Code   RO         5446    .text._XorPixel     STemWin_CM3_wc16_ARGB.a(GUIDEV_16.o)
    0x08008b48   0x08008b48   0x00000068   Code   RO         5513    .text._cbBackWin    STemWin_CM3_wc16_ARGB.a(WM.o)
    0x08008bb0   0x08008bb0   0x000000a4   Code   RO         5762    .text.emWin_LCD_Init  STemWin_CM3_wc16_ARGB.a(LCD.o)
    0x08008c54   0x08008c54   0x00000010   Code   RO          853    i.BKP_DeInit        stm32f10x_bkp.o
    0x08008c64   0x08008c64   0x0000001c   Code   RO          858    i.BKP_ReadBackupRegister  stm32f10x_bkp.o
    0x08008c80   0x08008c80   0x0000001c   Code   RO          862    i.BKP_WriteBackupRegister  stm32f10x_bkp.o
    0x08008c9c   0x08008c9c   0x00000048   Code   RO            1    i.Bsp_Init          main.o
    0x08008ce4   0x08008ce4   0x00000004   Code   RO          295    i.BusFault_Handler  stm32f10x_it.o
    0x08008ce8   0x08008ce8   0x00000020   Code   RO         4017    i.CAN_Config        bsp_can.o
    0x08008d08   0x08008d08   0x00000038   Code   RO          933    i.CAN_DeInit        stm32f10x_can.o
    0x08008d40   0x08008d40   0x00000108   Code   RO          935    i.CAN_FilterInit    stm32f10x_can.o
    0x08008e48   0x08008e48   0x00000044   Code   RO         4018    i.CAN_Filter_Config  bsp_can.o
    0x08008e8c   0x08008e8c   0x00000048   Code   RO         4019    i.CAN_GPIO_Config   bsp_can.o
    0x08008ed4   0x08008ed4   0x00000012   Code   RO          941    i.CAN_ITConfig      stm32f10x_can.o
    0x08008ee6   0x08008ee6   0x00000114   Code   RO          942    i.CAN_Init          stm32f10x_can.o
    0x08008ffa   0x08008ffa   0x00000002   PAD
    0x08008ffc   0x08008ffc   0x0000005c   Code   RO         4020    i.CAN_Mode_Config   bsp_can.o
    0x08009058   0x08009058   0x00000028   Code   RO         4021    i.CAN_NVIC_Config   bsp_can.o
    0x08009080   0x08009080   0x000000f0   Code   RO          945    i.CAN_Receive       stm32f10x_can.o
    0x08009170   0x08009170   0x00000074   Code   RO         4023    i.CAN_SendMsg       bsp_can.o
    0x080091e4   0x080091e4   0x00000020   Code   RO          948    i.CAN_StructInit    stm32f10x_can.o
    0x08009204   0x08009204   0x00000126   Code   RO          950    i.CAN_Transmit      stm32f10x_can.o
    0x0800932a   0x0800932a   0x00000002   PAD
    0x0800932c   0x0800932c   0x000000a0   Code   RO          951    i.CAN_TransmitStatus  stm32f10x_can.o
    0x080093cc   0x080093cc   0x00000030   Code   RO          952    i.CAN_WakeUp        stm32f10x_can.o
    0x080093fc   0x080093fc   0x0000002c   Code   RO         3640    i.CmdError          bsp_sdio_sdcard.o
    0x08009428   0x08009428   0x00000028   Code   RO         3641    i.CmdResp1Error     bsp_sdio_sdcard.o
    0x08009450   0x08009450   0x0000004c   Code   RO         3642    i.CmdResp2Error     bsp_sdio_sdcard.o
    0x0800949c   0x0800949c   0x00000038   Code   RO         3643    i.CmdResp3Error     bsp_sdio_sdcard.o
    0x080094d4   0x080094d4   0x0000009c   Code   RO         3644    i.CmdResp6Error     bsp_sdio_sdcard.o
    0x08009570   0x08009570   0x0000004c   Code   RO         3645    i.CmdResp7Error     bsp_sdio_sdcard.o
    0x080095bc   0x080095bc   0x0000001c   Code   RO         1318    i.DMA_ClearFlag     stm32f10x_dma.o
    0x080095d8   0x080095d8   0x00000018   Code   RO         1320    i.DMA_Cmd           stm32f10x_dma.o
    0x080095f0   0x080095f0   0x0000002c   Code   RO         1323    i.DMA_GetFlagStatus  stm32f10x_dma.o
    0x0800961c   0x0800961c   0x0000003c   Code   RO         1326    i.DMA_Init          stm32f10x_dma.o
    0x08009658   0x08009658   0x00000002   Code   RO          296    i.DebugMon_Handler  stm32f10x_it.o
    0x0800965a   0x0800965a   0x00000002   PAD
    0x0800965c   0x0800965c   0x00000044   Code   RO         3614    i.Delay_Init        bsp_delay.o
    0x080096a0   0x080096a0   0x0000004c   Code   RO         3615    i.Delay_Ms          bsp_delay.o
    0x080096ec   0x080096ec   0x0000004c   Code   RO         3616    i.Delay_Us          bsp_delay.o
    0x08009738   0x08009738   0x00000030   Code   RO         4299    i.Ds18b20_GPIO_Config  bsp_ds18b20.o
    0x08009768   0x08009768   0x00000028   Code   RO         4300    i.Ds18b20_Init      bsp_ds18b20.o
    0x08009790   0x08009790   0x00000020   Code   RO         4301    i.Ds18b20_MatchRom  bsp_ds18b20.o
    0x080097b0   0x080097b0   0x00000084   Code   RO         4302    i.Ds18b20_ReadByte  bsp_ds18b20.o
    0x08009834   0x08009834   0x000000c8   Code   RO         4305    i.Ds18b20_ReadSingleTemp  bsp_ds18b20.o
    0x080098fc   0x080098fc   0x0000007c   Code   RO         4306    i.Ds18b20_Reset     bsp_ds18b20.o
    0x08009978   0x08009978   0x00000080   Code   RO         4307    i.Ds18b20_WriteByte  bsp_ds18b20.o
    0x080099f8   0x080099f8   0x00000034   Code   RO         1629    i.FSMC_NORSRAMCmd   stm32f10x_fsmc.o
    0x08009a2c   0x08009a2c   0x000000e6   Code   RO         1631    i.FSMC_NORSRAMInit  stm32f10x_fsmc.o
    0x08009b12   0x08009b12   0x00000002   PAD
    0x08009b14   0x08009b14   0x00000194   Code   RO         3646    i.FindSCR           bsp_sdio_sdcard.o
    0x08009ca8   0x08009ca8   0x00000062   Code   RO         4061    i.Fsmc_Config       bsp_lcd7_0.o
    0x08009d0a   0x08009d0a   0x00000116   Code   RO         1744    i.GPIO_Init         stm32f10x_gpio.o
    0x08009e20   0x08009e20   0x00000004   Code   RO         1751    i.GPIO_ResetBits    stm32f10x_gpio.o
    0x08009e24   0x08009e24   0x00000004   Code   RO         1752    i.GPIO_SetBits      stm32f10x_gpio.o
    0x08009e28   0x08009e28   0x0000001c   Code   RO         4854    i.GUI_X_Config      guiconf.o
    0x08009e44   0x08009e44   0x00000002   Code   RO         5059    i.GUI_X_Init        gui_x.o
    0x08009e46   0x08009e46   0x00000002   PAD
    0x08009e48   0x08009e48   0x0000001c   Code   RO          297    i.HardFault_Handler  stm32f10x_it.o
    0x08009e64   0x08009e64   0x00000032   Code   RO         4187    i.Is_LeapYear       bsp_rtc.o
    0x08009e96   0x08009e96   0x00000002   PAD
    0x08009e98   0x08009e98   0x00000034   Code   RO         5033    i.LCD_X_Config      lcdconf_flexcolor_template.o
    0x08009ecc   0x08009ecc   0x0000001a   Code   RO         5034    i.LCD_X_DisplayDriver  lcdconf_flexcolor_template.o
    0x08009ee6   0x08009ee6   0x00000002   PAD
    0x08009ee8   0x08009ee8   0x00000040   Code   RO         4062    i.MD070SD_Clear_Screen  bsp_lcd7_0.o
    0x08009f28   0x08009f28   0x000000a6   Code   RO         4065    i.MD070SD_Draw_Line  bsp_lcd7_0.o
    0x08009fce   0x08009fce   0x0000008e   Code   RO         4066    i.MD070SD_Draw_Rectangle  bsp_lcd7_0.o
    0x0800a05c   0x0800a05c   0x00000050   Code   RO         4067    i.MD070SD_GetPixel  bsp_lcd7_0.o
    0x0800a0ac   0x0800a0ac   0x00000174   Code   RO         4068    i.MD070SD_Gpio_Config  bsp_lcd7_0.o
    0x0800a220   0x0800a220   0x00000054   Code   RO         4069    i.MD070SD_Init      bsp_lcd7_0.o
    0x0800a274   0x0800a274   0x00000040   Code   RO         4070    i.MD070SD_Open_Window  bsp_lcd7_0.o
    0x0800a2b4   0x0800a2b4   0x00000046   Code   RO         4071    i.MD070SD_PutPixel  bsp_lcd7_0.o
    0x0800a2fa   0x0800a2fa   0x00000008   Code   RO           69    i.MD070SD_Write_Cmd  main.o
    0x0800a302   0x0800a302   0x00000002   PAD
    0x0800a304   0x0800a304   0x0000000c   Code   RO           75    i.MD070SD_Write_Data  main.o
    0x0800a310   0x0800a310   0x00000004   Code   RO          298    i.MemManage_Handler  stm32f10x_it.o
    0x0800a314   0x0800a314   0x000000ac   Code   RO         4362    i.MySPI_Init        bsp_spi.o
    0x0800a3c0   0x0800a3c0   0x00000002   Code   RO          299    i.NMI_Handler       stm32f10x_it.o
    0x0800a3c2   0x0800a3c2   0x00000028   Code   RO         3648    i.NVIC_Configuration  bsp_sdio_sdcard.o
    0x0800a3ea   0x0800a3ea   0x00000002   PAD
    0x0800a3ec   0x0800a3ec   0x00000070   Code   RO          593    i.NVIC_Init         misc.o
    0x0800a45c   0x0800a45c   0x00000014   Code   RO          594    i.NVIC_PriorityGroupConfig  misc.o
    0x0800a470   0x0800a470   0x0000000c   Code   RO         2098    i.PWR_BackupAccessCmd  stm32f10x_pwr.o
    0x0800a47c   0x0800a47c   0x00000014   Code   RO         2099    i.PWR_ClearFlag     stm32f10x_pwr.o
    0x0800a490   0x0800a490   0x00000034   Code   RO         2101    i.PWR_EnterSTANDBYMode  stm32f10x_pwr.o
    0x0800a4c4   0x0800a4c4   0x00000020   Code   RO         2159    i.RCC_AHBPeriphClockCmd  stm32f10x_rcc.o
    0x0800a4e4   0x0800a4e4   0x00000020   Code   RO         2160    i.RCC_APB1PeriphClockCmd  stm32f10x_rcc.o
    0x0800a504   0x0800a504   0x00000020   Code   RO         2161    i.RCC_APB1PeriphResetCmd  stm32f10x_rcc.o
    0x0800a524   0x0800a524   0x00000020   Code   RO         2162    i.RCC_APB2PeriphClockCmd  stm32f10x_rcc.o
    0x0800a544   0x0800a544   0x0000000c   Code   RO         2165    i.RCC_BackupResetCmd  stm32f10x_rcc.o
    0x0800a550   0x0800a550   0x000000d4   Code   RO         2170    i.RCC_GetClocksFreq  stm32f10x_rcc.o
    0x0800a624   0x0800a624   0x0000003c   Code   RO         2171    i.RCC_GetFlagStatus  stm32f10x_rcc.o
    0x0800a660   0x0800a660   0x00000034   Code   RO         2178    i.RCC_LSEConfig     stm32f10x_rcc.o
    0x0800a694   0x0800a694   0x0000000c   Code   RO         2185    i.RCC_RTCCLKCmd     stm32f10x_rcc.o
    0x0800a6a0   0x0800a6a0   0x00000010   Code   RO         2186    i.RCC_RTCCLKConfig  stm32f10x_rcc.o
    0x0800a6b0   0x0800a6b0   0x000000ec   Code   RO         4188    i.RTC_Alarm_Set     bsp_rtc.o
    0x0800a79c   0x0800a79c   0x00000010   Code   RO         2359    i.RTC_ClearITPendingBit  stm32f10x_rtc.o
    0x0800a7ac   0x0800a7ac   0x00000014   Code   RO         2360    i.RTC_EnterConfigMode  stm32f10x_rtc.o
    0x0800a7c0   0x0800a7c0   0x00000014   Code   RO         2361    i.RTC_ExitConfigMode  stm32f10x_rtc.o
    0x0800a7d4   0x0800a7d4   0x00000128   Code   RO         4189    i.RTC_Get           bsp_rtc.o
    0x0800a8fc   0x0800a8fc   0x00000014   Code   RO         2362    i.RTC_GetCounter    stm32f10x_rtc.o
    0x0800a910   0x0800a910   0x00000024   Code   RO         2365    i.RTC_GetITStatus   stm32f10x_rtc.o
    0x0800a934   0x0800a934   0x000000a0   Code   RO         4190    i.RTC_Get_Week      bsp_rtc.o
    0x0800a9d4   0x0800a9d4   0x00000034   Code   RO         4191    i.RTC_IRQHandler    bsp_rtc.o
    0x0800aa08   0x0800aa08   0x00000020   Code   RO         2366    i.RTC_ITConfig      stm32f10x_rtc.o
    0x0800aa28   0x0800aa28   0x0000010c   Code   RO         4192    i.RTC_Init          bsp_rtc.o
    0x0800ab34   0x0800ab34   0x00000028   Code   RO         4193    i.RTC_NVIC_Conflig  bsp_rtc.o
    0x0800ab5c   0x0800ab5c   0x000000ec   Code   RO         4194    i.RTC_Set           bsp_rtc.o
    0x0800ac48   0x0800ac48   0x0000001c   Code   RO         2367    i.RTC_SetAlarm      stm32f10x_rtc.o
    0x0800ac64   0x0800ac64   0x0000001c   Code   RO         2368    i.RTC_SetCounter    stm32f10x_rtc.o
    0x0800ac80   0x0800ac80   0x00000020   Code   RO         2369    i.RTC_SetPrescaler  stm32f10x_rtc.o
    0x0800aca0   0x0800aca0   0x00000014   Code   RO         2370    i.RTC_WaitForLastTask  stm32f10x_rtc.o
    0x0800acb4   0x0800acb4   0x00000024   Code   RO         2371    i.RTC_WaitForSynchro  stm32f10x_rtc.o
    0x0800acd8   0x0800acd8   0x0000011c   Code   RO         3649    i.SDEnWideBus       bsp_sdio_sdcard.o
    0x0800adf4   0x0800adf4   0x0000000c   Code   RO         2449    i.SDIO_ClearFlag    stm32f10x_sdio.o
    0x0800ae00   0x0800ae00   0x0000000c   Code   RO         2450    i.SDIO_ClearITPendingBit  stm32f10x_sdio.o
    0x0800ae0c   0x0800ae0c   0x0000000c   Code   RO         2451    i.SDIO_ClockCmd     stm32f10x_sdio.o
    0x0800ae18   0x0800ae18   0x0000000c   Code   RO         2454    i.SDIO_DMACmd       stm32f10x_sdio.o
    0x0800ae24   0x0800ae24   0x00000030   Code   RO         2455    i.SDIO_DataConfig   stm32f10x_sdio.o
    0x0800ae54   0x0800ae54   0x00000024   Code   RO         2457    i.SDIO_DeInit       stm32f10x_sdio.o
    0x0800ae78   0x0800ae78   0x0000000c   Code   RO         2458    i.SDIO_GetCommandResponse  stm32f10x_sdio.o
    0x0800ae84   0x0800ae84   0x00000018   Code   RO         2461    i.SDIO_GetFlagStatus  stm32f10x_sdio.o
    0x0800ae9c   0x0800ae9c   0x00000010   Code   RO         2463    i.SDIO_GetPowerState  stm32f10x_sdio.o
    0x0800aeac   0x0800aeac   0x00000018   Code   RO         2464    i.SDIO_GetResponse  stm32f10x_sdio.o
    0x0800aec4   0x0800aec4   0x00000008   Code   RO          300    i.SDIO_IRQHandler   stm32f10x_it.o
    0x0800aecc   0x0800aecc   0x00000020   Code   RO         2465    i.SDIO_ITConfig     stm32f10x_sdio.o
    0x0800aeec   0x0800aeec   0x00000030   Code   RO         2466    i.SDIO_Init         stm32f10x_sdio.o
    0x0800af1c   0x0800af1c   0x0000000c   Code   RO         2467    i.SDIO_ReadData     stm32f10x_sdio.o
    0x0800af28   0x0800af28   0x0000002c   Code   RO         2469    i.SDIO_SendCommand  stm32f10x_sdio.o
    0x0800af54   0x0800af54   0x0000001c   Code   RO         2471    i.SDIO_SetPowerState  stm32f10x_sdio.o
    0x0800af70   0x0800af70   0x00000010   Code   RO         3650    i.SD_DMAEndOfTransferStatus  bsp_sdio_sdcard.o
    0x0800af80   0x0800af80   0x0000000c   Code   RO         3652    i.SD_Detect         bsp_sdio_sdcard.o
    0x0800af8c   0x0800af8c   0x00000094   Code   RO         3653    i.SD_EnableWideBusOperation  bsp_sdio_sdcard.o
    0x0800b020   0x0800b020   0x000002cc   Code   RO         3655    i.SD_GetCardInfo    bsp_sdio_sdcard.o
    0x0800b2ec   0x0800b2ec   0x00000026   Code   RO         3657    i.SD_GetState       bsp_sdio_sdcard.o
    0x0800b312   0x0800b312   0x0000001e   Code   RO         3658    i.SD_GetStatus      bsp_sdio_sdcard.o
    0x0800b330   0x0800b330   0x00000074   Code   RO         3660    i.SD_Init           bsp_sdio_sdcard.o
    0x0800b3a4   0x0800b3a4   0x0000013c   Code   RO         3661    i.SD_InitializeCards  bsp_sdio_sdcard.o
    0x0800b4e0   0x0800b4e0   0x00000064   Code   RO         3662    i.SD_LowLevel_DMA_RxConfig  bsp_sdio_sdcard.o
    0x0800b544   0x0800b544   0x00000064   Code   RO         3663    i.SD_LowLevel_DMA_TxConfig  bsp_sdio_sdcard.o
    0x0800b5a8   0x0800b5a8   0x00000064   Code   RO         3665    i.SD_LowLevel_Init  bsp_sdio_sdcard.o
    0x0800b60c   0x0800b60c   0x00000188   Code   RO         3667    i.SD_PowerON        bsp_sdio_sdcard.o
    0x0800b794   0x0800b794   0x00000058   Code   RO         3668    i.SD_ProcessIRQSrc  bsp_sdio_sdcard.o
    0x0800b7ec   0x0800b7ec   0x000000b0   Code   RO         3669    i.SD_ReadBlock      bsp_sdio_sdcard.o
    0x0800b89c   0x0800b89c   0x000000e8   Code   RO         3670    i.SD_ReadMultiBlocks  bsp_sdio_sdcard.o
    0x0800b984   0x0800b984   0x00000034   Code   RO         3671    i.SD_SelectDeselect  bsp_sdio_sdcard.o
    0x0800b9b8   0x0800b9b8   0x00000038   Code   RO         3673    i.SD_SendStatus     bsp_sdio_sdcard.o
    0x0800b9f0   0x0800b9f0   0x00000034   Code   RO         3675    i.SD_WaitReadOperation  bsp_sdio_sdcard.o
    0x0800ba24   0x0800ba24   0x0000003c   Code   RO         3676    i.SD_WaitWriteOperation  bsp_sdio_sdcard.o
    0x0800ba60   0x0800ba60   0x000000b0   Code   RO         3677    i.SD_WriteBlock     bsp_sdio_sdcard.o
    0x0800bb10   0x0800bb10   0x0000011c   Code   RO         3678    i.SD_WriteMultiBlocks  bsp_sdio_sdcard.o
    0x0800bc2c   0x0800bc2c   0x00000018   Code   RO         2639    i.SPI_Cmd           stm32f10x_spi.o
    0x0800bc44   0x0800bc44   0x00000012   Code   RO         2647    i.SPI_I2S_GetFlagStatus  stm32f10x_spi.o
    0x0800bc56   0x0800bc56   0x00000006   Code   RO         2650    i.SPI_I2S_ReceiveData  stm32f10x_spi.o
    0x0800bc5c   0x0800bc5c   0x00000004   Code   RO         2651    i.SPI_I2S_SendData  stm32f10x_spi.o
    0x0800bc60   0x0800bc60   0x0000003c   Code   RO         2652    i.SPI_Init          stm32f10x_spi.o
    0x0800bc9c   0x0800bc9c   0x00000054   Code   RO         4363    i.SPI_ReadWriteByte  bsp_spi.o
    0x0800bcf0   0x0800bcf0   0x00000008   Code   RO          357    i.SetSysClock       system_stm32f10x.o
    0x0800bcf8   0x0800bcf8   0x000000e0   Code   RO          358    i.SetSysClockTo72   system_stm32f10x.o
    0x0800bdd8   0x0800bdd8   0x00000016   Code   RO         4388    i.Standby_mode      bsp_pwr.o
    0x0800bdee   0x0800bdee   0x00000028   Code   RO          597    i.SysTick_CLKSourceConfig  misc.o
    0x0800be16   0x0800be16   0x00000002   PAD
    0x0800be18   0x0800be18   0x00000060   Code   RO          360    i.SystemInit        system_stm32f10x.o
    0x0800be78   0x0800be78   0x0000003c   Code   RO            2    i.TIM2_IRQHandler   main.o
    0x0800beb4   0x0800beb4   0x00000038   Code   RO            3    i.TIM3_IRQHandler   main.o
    0x0800beec   0x0800beec   0x00000006   Code   RO         2789    i.TIM_ClearITPendingBit  stm32f10x_tim.o
    0x0800bef2   0x0800bef2   0x00000018   Code   RO         2794    i.TIM_Cmd           stm32f10x_tim.o
    0x0800bf0a   0x0800bf0a   0x00000012   Code   RO         2819    i.TIM_ITConfig      stm32f10x_tim.o
    0x0800bf1c   0x0800bf1c   0x000000a4   Code   RO         2865    i.TIM_TimeBaseInit  stm32f10x_tim.o
    0x0800bfc0   0x0800bfc0   0x000001d8   Code   RO            4    i.Task1_CallBack    main.o
    0x0800c198   0x0800c198   0x00000008   Code   RO            5    i.Task2_CallBack    main.o
    0x0800c1a0   0x0800c1a0   0x00000174   Code   RO            6    i.Task3_CallBack    main.o
    0x0800c314   0x0800c314   0x00000014   Code   RO            7    i.Task4_CallBack    main.o
    0x0800c328   0x0800c328   0x0000003c   Code   RO          392    i.Task_Manager_Init  taskmanage.o
    0x0800c364   0x0800c364   0x0000003c   Code   RO          393    i.Task_Process      taskmanage.o
    0x0800c3a0   0x0800c3a0   0x0000005c   Code   RO          394    i.Task_Regsiter     taskmanage.o
    0x0800c3fc   0x0800c3fc   0x00000044   Code   RO          395    i.Task_RunCheck     taskmanage.o
    0x0800c440   0x0800c440   0x00000066   Code   RO         4263    i.Timer2_Init       bsp_timer.o
    0x0800c4a6   0x0800c4a6   0x00000002   PAD
    0x0800c4a8   0x0800c4a8   0x00000068   Code   RO         4264    i.Timer3_Init       bsp_timer.o
    0x0800c510   0x0800c510   0x00000028   Code   RO         3560    i.USART1_IRQHandler  bsp_usart.o
    0x0800c538   0x0800c538   0x00000018   Code   RO         3330    i.USART_Cmd         stm32f10x_usart.o
    0x0800c550   0x0800c550   0x0000001a   Code   RO         3333    i.USART_GetFlagStatus  stm32f10x_usart.o
    0x0800c56a   0x0800c56a   0x0000004a   Code   RO         3336    i.USART_ITConfig    stm32f10x_usart.o
    0x0800c5b4   0x0800c5b4   0x000000d8   Code   RO         3337    i.USART_Init        stm32f10x_usart.o
    0x0800c68c   0x0800c68c   0x0000000a   Code   RO         3344    i.USART_ReceiveData  stm32f10x_usart.o
    0x0800c696   0x0800c696   0x00000008   Code   RO         3347    i.USART_SendData    stm32f10x_usart.o
    0x0800c69e   0x0800c69e   0x00000002   PAD
    0x0800c6a0   0x0800c6a0   0x00000124   Code   RO          301    i.USB_LP_CAN1_RX0_IRQHandler  stm32f10x_it.o
    0x0800c7c4   0x0800c7c4   0x00000004   Code   RO          302    i.UsageFault_Handler  stm32f10x_it.o
    0x0800c7c8   0x0800c7c8   0x000000a4   Code   RO         3561    i.Usart1_Init       bsp_usart.o
    0x0800c86c   0x0800c86c   0x0000001e   Code   RO         3563    i.Usart_SendByte    bsp_usart.o
    0x0800c88a   0x0800c88a   0x00000002   PAD
    0x0800c88c   0x0800c88c   0x00000044   Code   RO         3885    i.W25QXX_Erase_Sector  bsp_w25qxx.o
    0x0800c8d0   0x0800c8d0   0x00000060   Code   RO         3886    i.W25QXX_Fast_Read  bsp_w25qxx.o
    0x0800c930   0x0800c930   0x00000044   Code   RO         3887    i.W25QXX_Init       bsp_w25qxx.o
    0x0800c974   0x0800c974   0x00000058   Code   RO         3889    i.W25QXX_Read       bsp_w25qxx.o
    0x0800c9cc   0x0800c9cc   0x0000004c   Code   RO         3890    i.W25QXX_ReadID     bsp_w25qxx.o
    0x0800ca18   0x0800ca18   0x0000002c   Code   RO         3891    i.W25QXX_ReadSR     bsp_w25qxx.o
    0x0800ca44   0x0800ca44   0x00000012   Code   RO         3893    i.W25QXX_Wait_Busy  bsp_w25qxx.o
    0x0800ca56   0x0800ca56   0x00000002   PAD
    0x0800ca58   0x0800ca58   0x00000098   Code   RO         3894    i.W25QXX_Write      bsp_w25qxx.o
    0x0800caf0   0x0800caf0   0x00000024   Code   RO         3896    i.W25QXX_Write_Enable  bsp_w25qxx.o
    0x0800cb14   0x0800cb14   0x00000060   Code   RO         3897    i.W25QXX_Write_Page  bsp_w25qxx.o
    0x0800cb74   0x0800cb74   0x0000002e   Code   RO         3899    i.W25QXX_Write_Sector  bsp_w25qxx.o
    0x0800cba2   0x0800cba2   0x00000002   PAD
    0x0800cba4   0x0800cba4   0x00000058   Code   RO         3900    i.W25Qxx_Sector_Copy  bsp_w25qxx.o
    0x0800cbfc   0x0800cbfc   0x00000044   Code   RO            8    i._BkcbWindow       main.o
    0x0800cc40   0x0800cc40   0x00000038   Code   RO          433    i._DemoBandingMemdev_Battery  memdev_banding.o
    0x0800cc78   0x0800cc78   0x00000038   Code   RO          434    i._DemoBandingMemdev_Mileage  memdev_banding.o
    0x0800ccb0   0x0800ccb0   0x00000038   Code   RO          435    i._DemoBandingMemdev_Network  memdev_banding.o
    0x0800cce8   0x0800cce8   0x00000038   Code   RO          436    i._DemoBandingMemdev_Oil  memdev_banding.o
    0x0800cd20   0x0800cd20   0x00000038   Code   RO          437    i._DemoBandingMemdev_Speed  memdev_banding.o
    0x0800cd58   0x0800cd58   0x00000064   Code   RO         4867    i._DrawBitLine16BPP  guidrv_template.o
    0x0800cdbc   0x0800cdbc   0x000000f0   Code   RO         4868    i._DrawBitLine1BPP  guidrv_template.o
    0x0800ceac   0x0800ceac   0x0000016c   Code   RO         4869    i._DrawBitLine2BPP  guidrv_template.o
    0x0800d018   0x0800d018   0x0000002a   Code   RO         4870    i._DrawBitLine32BPP  guidrv_template.o
    0x0800d042   0x0800d042   0x00000002   PAD
    0x0800d044   0x0800d044   0x0000016c   Code   RO         4871    i._DrawBitLine4BPP  guidrv_template.o
    0x0800d1b0   0x0800d1b0   0x000000b0   Code   RO         4872    i._DrawBitLine8BPP  guidrv_template.o
    0x0800d260   0x0800d260   0x000000fa   Code   RO         4873    i._DrawBitmap       guidrv_template.o
    0x0800d35a   0x0800d35a   0x00000026   Code   RO         4874    i._DrawHLine        guidrv_template.o
    0x0800d380   0x0800d380   0x000005ae   Code   RO          438    i._DrawIt_Battery   memdev_banding.o
    0x0800d92e   0x0800d92e   0x00000002   PAD
    0x0800d930   0x0800d930   0x00000090   Code   RO          439    i._DrawIt_Mileage   memdev_banding.o
    0x0800d9c0   0x0800d9c0   0x000005d4   Code   RO          440    i._DrawIt_Network   memdev_banding.o
    0x0800df94   0x0800df94   0x000000b8   Code   RO          441    i._DrawIt_Oil       memdev_banding.o
    0x0800e04c   0x0800e04c   0x000000ac   Code   RO          442    i._DrawIt_Speed     memdev_banding.o
    0x0800e0f8   0x0800e0f8   0x00000026   Code   RO         4875    i._DrawVLine        guidrv_template.o
    0x0800e11e   0x0800e11e   0x0000002a   Code   RO         4876    i._FillRect         guidrv_template.o
    0x0800e148   0x0800e148   0x00000014   Code   RO         4877    i._GetDevData       guidrv_template.o
    0x0800e15c   0x0800e15c   0x00000054   Code   RO         4878    i._GetDevFunc       guidrv_template.o
    0x0800e1b0   0x0800e1b0   0x00000050   Code   RO         4879    i._GetDevProp       guidrv_template.o
    0x0800e200   0x0800e200   0x0000001a   Code   RO         4880    i._GetPixelIndex    guidrv_template.o
    0x0800e21a   0x0800e21a   0x0000001a   Code   RO         4881    i._GetRect          guidrv_template.o
    0x0800e234   0x0800e234   0x00000050   Code   RO            9    i._Get_Data         main.o
    0x0800e284   0x0800e284   0x0000001c   Code   RO         4882    i._Init             guidrv_template.o
    0x0800e2a0   0x0800e2a0   0x0000002c   Code   RO         4883    i._InitOnce         guidrv_template.o
    0x0800e2cc   0x0800e2cc   0x00000010   Code   RO         4884    i._Off              guidrv_template.o
    0x0800e2dc   0x0800e2dc   0x00000010   Code   RO         4885    i._On               guidrv_template.o
    0x0800e2ec   0x0800e2ec   0x00000020   Code   RO         4886    i._SetLUTEntry      guidrv_template.o
    0x0800e30c   0x0800e30c   0x0000001e   Code   RO         4887    i._SetOrg           guidrv_template.o
    0x0800e32a   0x0800e32a   0x0000001a   Code   RO         4888    i._SetPixelIndex    guidrv_template.o
    0x0800e344   0x0800e344   0x0000003e   Code   RO         4889    i._SetSize          guidrv_template.o
    0x0800e382   0x0800e382   0x00000026   Code   RO         4890    i._SetVRAMAddr      guidrv_template.o
    0x0800e3a8   0x0800e3a8   0x00000020   Code   RO         4891    i._SetVSize         guidrv_template.o
    0x0800e3c8   0x0800e3c8   0x00000030   Code   RO         4892    i._XorPixel         guidrv_template.o
    0x0800e3f8   0x0800e3f8   0x00000020   Code   RO         6710    i.__0printf         mc_w.l(printfa.o)
    0x0800e418   0x0800e418   0x00000028   Code   RO         6712    i.__0sprintf        mc_w.l(printfa.o)
    0x0800e440   0x0800e440   0x0000000e   Code   RO         6885    i.__scatterload_copy  mc_w.l(handlers.o)
    0x0800e44e   0x0800e44e   0x00000002   Code   RO         6886    i.__scatterload_null  mc_w.l(handlers.o)
    0x0800e450   0x0800e450   0x0000000e   Code   RO         6887    i.__scatterload_zeroinit  mc_w.l(handlers.o)
    0x0800e45e   0x0800e45e   0x00000002   PAD
    0x0800e460   0x0800e460   0x00000184   Code   RO         6717    i._fp_digits        mc_w.l(printfa.o)
    0x0800e5e4   0x0800e5e4   0x000006b4   Code   RO         6718    i._printf_core      mc_w.l(printfa.o)
    0x0800ec98   0x0800ec98   0x00000024   Code   RO         6719    i._printf_post_padding  mc_w.l(printfa.o)
    0x0800ecbc   0x0800ecbc   0x0000002e   Code   RO         6720    i._printf_pre_padding  mc_w.l(printfa.o)
    0x0800ecea   0x0800ecea   0x0000000a   Code   RO         6722    i._sputc            mc_w.l(printfa.o)
    0x0800ecf4   0x0800ecf4   0x000000c0   Code   RO         4471    i.check_fs          ff.o
    0x0800edb4   0x0800edb4   0x00000014   Code   RO         4472    i.chk_chr           ff.o
    0x0800edc8   0x0800edc8   0x0000007c   Code   RO         4473    i.chk_lock          ff.o
    0x0800ee44   0x0800ee44   0x00000028   Code   RO         4474    i.clear_lock        ff.o
    0x0800ee6c   0x0800ee6c   0x0000001a   Code   RO         4475    i.clst2sect         ff.o
    0x0800ee86   0x0800ee86   0x00000002   PAD
    0x0800ee88   0x0800ee88   0x00000098   Code   RO         4476    i.cmp_lfn           ff.o
    0x0800ef20   0x0800ef20   0x00000120   Code   RO         4477    i.create_chain      ff.o
    0x0800f040   0x0800f040   0x00000260   Code   RO         4478    i.create_name       ff.o
    0x0800f2a0   0x0800f2a0   0x0000000c   Code   RO         4480    i.dbc_1st           ff.o
    0x0800f2ac   0x0800f2ac   0x0000000c   Code   RO         4481    i.dbc_2nd           ff.o
    0x0800f2b8   0x0800f2b8   0x00000044   Code   RO         4482    i.dec_lock          ff.o
    0x0800f2fc   0x0800f2fc   0x00000060   Code   RO         4483    i.dir_alloc         ff.o
    0x0800f35c   0x0800f35c   0x00000060   Code   RO         4484    i.dir_clear         ff.o
    0x0800f3bc   0x0800f3bc   0x000000fc   Code   RO         4485    i.dir_find          ff.o
    0x0800f4b8   0x0800f4b8   0x000000da   Code   RO         4486    i.dir_next          ff.o
    0x0800f592   0x0800f592   0x00000142   Code   RO         4488    i.dir_register      ff.o
    0x0800f6d4   0x0800f6d4   0x000000a6   Code   RO         4490    i.dir_sdi           ff.o
    0x0800f77a   0x0800f77a   0x00000024   Code   RO         4422    i.disk_initialize   diskio.o
    0x0800f79e   0x0800f79e   0x00000002   PAD
    0x0800f7a0   0x0800f7a0   0x00000078   Code   RO         4423    i.disk_ioctl        diskio.o
    0x0800f818   0x0800f818   0x000000f8   Code   RO         4424    i.disk_read         diskio.o
    0x0800f910   0x0800f910   0x00000052   Code   RO         4425    i.disk_status       diskio.o
    0x0800f962   0x0800f962   0x00000002   PAD
    0x0800f964   0x0800f964   0x000000ec   Code   RO         4426    i.disk_write        diskio.o
    0x0800fa50   0x0800fa50   0x00000028   Code   RO         4491    i.enq_lock          ff.o
    0x0800fa78   0x0800fa78   0x0000002c   Code   RO         4492    i.f_close           ff.o
    0x0800faa4   0x0800faa4   0x000001a0   Code   RO         4495    i.f_lseek           ff.o
    0x0800fc44   0x0800fc44   0x0000005c   Code   RO         4498    i.f_mount           ff.o
    0x0800fca0   0x0800fca0   0x00000240   Code   RO         4499    i.f_open            ff.o
    0x0800fee0   0x0800fee0   0x000001ce   Code   RO         4501    i.f_read            ff.o
    0x080100ae   0x080100ae   0x000000a0   Code   RO         4505    i.f_sync            ff.o
    0x0801014e   0x0801014e   0x00000002   PAD
    0x08010150   0x08010150   0x0000002c   Code   RO         4828    i.ff_oem2uni        ffunicode.o
    0x0801017c   0x0801017c   0x00000040   Code   RO         4829    i.ff_uni2oem        ffunicode.o
    0x080101bc   0x080101bc   0x000000b0   Code   RO         4830    i.ff_wtoupper       ffunicode.o
    0x0801026c   0x0801026c   0x00000078   Code   RO         4509    i.find_volume       ff.o
    0x080102e4   0x080102e4   0x000000a8   Code   RO         4510    i.follow_path       ff.o
    0x0801038c   0x0801038c   0x00000024   Code   RO         3567    i.fputc             bsp_usart.o
    0x080103b0   0x080103b0   0x00000050   Code   RO         6738    i.free              mc_w.l(malloc.o)
    0x08010400   0x08010400   0x000000cc   Code   RO         4511    i.gen_numname       ff.o
    0x080104cc   0x080104cc   0x00000132   Code   RO         4512    i.get_fat           ff.o
    0x080105fe   0x080105fe   0x00000004   Code   RO         4427    i.get_fattime       diskio.o
    0x08010602   0x08010602   0x0000004e   Code   RO         4514    i.get_ldnumber      ff.o
    0x08010650   0x08010650   0x000000bc   Code   RO         4515    i.inc_lock          ff.o
    0x0801070c   0x0801070c   0x00000026   Code   RO         4516    i.ld_clust          ff.o
    0x08010732   0x08010732   0x00000018   Code   RO         4517    i.ld_dword          ff.o
    0x0801074a   0x0801074a   0x0000000c   Code   RO         4518    i.ld_word           ff.o
    0x08010756   0x08010756   0x00000002   PAD
    0x08010758   0x08010758   0x00000098   Code   RO           10    i.main              main.o
    0x080107f0   0x080107f0   0x0000006c   Code   RO         6739    i.malloc            mc_w.l(malloc.o)
    0x0801085c   0x0801085c   0x00000024   Code   RO         4519    i.mem_cmp           ff.o
    0x08010880   0x08010880   0x0000001a   Code   RO         4520    i.mem_cpy           ff.o
    0x0801089a   0x0801089a   0x00000012   Code   RO         4521    i.mem_set           ff.o
    0x080108ac   0x080108ac   0x00000304   Code   RO         4522    i.mount_volume      ff.o
    0x08010bb0   0x08010bb0   0x00000034   Code   RO         4523    i.move_window       ff.o
    0x08010be4   0x08010be4   0x00000190   Code   RO         4525    i.put_fat           ff.o
    0x08010d74   0x08010d74   0x00000080   Code   RO         4526    i.put_lfn           ff.o
    0x08010df4   0x08010df4   0x0000009a   Code   RO         4528    i.remove_chain      ff.o
    0x08010e8e   0x08010e8e   0x00000024   Code   RO         4529    i.st_clust          ff.o
    0x08010eb2   0x08010eb2   0x00000018   Code   RO         4530    i.st_dword          ff.o
    0x08010eca   0x08010eca   0x0000000c   Code   RO         4531    i.st_word           ff.o
    0x08010ed6   0x08010ed6   0x00000020   Code   RO         4532    i.sum_sfn           ff.o
    0x08010ef6   0x08010ef6   0x00000002   PAD
    0x08010ef8   0x08010ef8   0x00000090   Code   RO         4533    i.sync_fs           ff.o
    0x08010f88   0x08010f88   0x0000004a   Code   RO         4534    i.sync_window       ff.o
    0x08010fd2   0x08010fd2   0x0000004c   Code   RO         4535    i.tchar2uni         ff.o
    0x0801101e   0x0801101e   0x0000003c   Code   RO         4536    i.validate          ff.o
    0x0801105a   0x0801105a   0x00000002   PAD
    0x0801105c   0x0801105c   0x000000a0   Data   RO          443    .constdata          memdev_banding.o
    0x080110fc   0x080110fc   0x00000030   Data   RO         4196    .constdata          bsp_rtc.o
    0x0801112c   0x0801112c   0x000000bc   Data   RO         4538    .constdata          ff.o
    0x080111e8   0x080111e8   0x000003ae   Data   RO         4831    .constdata          ffunicode.o
    0x08011596   0x08011596   0x00000002   PAD
    0x08011598   0x08011598   0x00000034   Data   RO         4893    .constdata          guidrv_template.o
    0x080115cc   0x080115cc   0x00000018   Data   RO         5115    .rodata             STemWin_CM3_wc16_ARGB.a(GUICC_M565.o)
    0x080115e4   0x080115e4   0x00000017   Data   RO         5273    .rodata             STemWin_CM3_wc16_ARGB.a(GUI_Core.o)
    0x080115fb   0x080115fb   0x00000001   PAD
    0x080115fc   0x080115fc   0x00000620   Data   RO         5416    .rodata             STemWin_CM3_wc16_ARGB.a(F08_ASCII.o)
    0x08011c1c   0x08011c1c   0x00001048   Data   RO         5420    .rodata             STemWin_CM3_wc16_ARGB.a(F20B_ASCII.o)
    0x08012c64   0x08012c64   0x00001300   Data   RO         5424    .rodata             STemWin_CM3_wc16_ARGB.a(F24B_ASCII.o)
    0x08013f64   0x08013f64   0x000012b8   Data   RO         5428    .rodata             STemWin_CM3_wc16_ARGB.a(F24_ASCII.o)
    0x0801521c   0x0801521c   0x0000073c   Data   RO         5432    .rodata             STemWin_CM3_wc16_ARGB.a(F6x8.o)
    0x08015958   0x08015958   0x000015c8   Data   RO         5436    .rodata             STemWin_CM3_wc16_ARGB.a(FD64.o)
    0x08016f20   0x08016f20   0x00000074   Data   RO         5454    .rodata             STemWin_CM3_wc16_ARGB.a(GUIDEV_16.o)
    0x08016f94   0x08016f94   0x00000010   Data   RO         5571    .rodata             STemWin_CM3_wc16_ARGB.a(GUI_DrawBitmap_24.o)
    0x08016fa4   0x08016fa4   0x00000060   Data   RO         5581    .rodata             STemWin_CM3_wc16_ARGB.a(GUI_DrawBitmap_444.o)
    0x08017004   0x08017004   0x00000020   Data   RO         5587    .rodata             STemWin_CM3_wc16_ARGB.a(GUI_DrawBitmap_555.o)
    0x08017024   0x08017024   0x00000020   Data   RO         5593    .rodata             STemWin_CM3_wc16_ARGB.a(GUI_DrawBitmap_565.o)
    0x08017044   0x08017044   0x00000020   Data   RO         5605    .rodata             STemWin_CM3_wc16_ARGB.a(GUI_DrawBitmap_8888.o)
    0x08017064   0x08017064   0x00000040   Data   RO         5614    .rodata             STemWin_CM3_wc16_ARGB.a(GUI_DrawBitmap_A16.o)
    0x080170a4   0x080170a4   0x00000010   Data   RO         5686    .rodata             STemWin_CM3_wc16_ARGB.a(GUI_UC_EncodeNone.o)
    0x080170b4   0x080170b4   0x00000370   Data   RO         5699    .rodata             STemWin_CM3_wc16_ARGB.a(GUI__DivTbl.o)
    0x08017424   0x08017424   0x0000000c   Data   RO         5772    .rodata             STemWin_CM3_wc16_ARGB.a(LCD.o)
    0x08017430   0x08017430   0x00000100   Data   RO         5798    .rodata             STemWin_CM3_wc16_ARGB.a(LCD_Mirror.o)
    0x08017530   0x08017530   0x00000040   Data   RO         5813    .rodata             STemWin_CM3_wc16_ARGB.a(LCD_RLE16.o)
    0x08017570   0x08017570   0x00000020   Data   RO         5829    .rodata             STemWin_CM3_wc16_ARGB.a(LCD_RLE32.o)
    0x08017590   0x08017590   0x00000020   Data   RO         5840    .rodata             STemWin_CM3_wc16_ARGB.a(LCD_RLE4.o)
    0x080175b0   0x080175b0   0x00000020   Data   RO         5851    .rodata             STemWin_CM3_wc16_ARGB.a(LCD_RLE8.o)
    0x080175d0   0x080175d0   0x00000018   Data   RO         6074    .rodata             STemWin_CM3_wc16_ARGB.a(GUICC_M8888I.o)
    0x080175e8   0x080175e8   0x00000018   Data   RO         6083    .rodata             STemWin_CM3_wc16_ARGB.a(GUICC_0.o)
    0x08017600   0x08017600   0x00000018   Data   RO         6108    .rodata             STemWin_CM3_wc16_ARGB.a(GUICC_565.o)
    0x08017618   0x08017618   0x00000018   Data   RO         6116    .rodata             STemWin_CM3_wc16_ARGB.a(GUICC_8888.o)
    0x08017630   0x08017630   0x00000018   Data   RO         6339    .rodata             STemWin_CM3_wc16_ARGB.a(GUIDEV_UsageBM.o)
    0x08017648   0x08017648   0x00000020   Data   RO         6883    Region$$Table       anon$$obj.o


    Execution Region RW_IRAM1 (Exec base: 0x20000000, Load base: 0x08017668, Size: 0x00008ad8, Max: 0x00010000, ABSOLUTE)

    Exec Addr    Load Addr    Size         Type   Attr      Idx    E Section Name        Object

    0x20000000   0x08017668   0x00000041   Data   RW           12    .data               main.o
    0x20000041   0x080176a9   0x00000008   Data   RW          304    .data               stm32f10x_it.o
    0x20000049   0x080176b1   0x00000003   PAD
    0x2000004c   0x080176b4   0x00000014   Data   RW          361    .data               system_stm32f10x.o
    0x20000060   0x080176c8   0x00000014   Data   RW         2190    .data               stm32f10x_rcc.o
    0x20000074   0x080176dc   0x00000004   Data   RW         3617    .data               bsp_delay.o
    0x20000078   0x080176e0   0x00000014   Data   RW         3681    .data               bsp_sdio_sdcard.o
    0x2000008c   0x080176f4   0x00000002   Data   RW         3902    .data               bsp_w25qxx.o
    0x2000008e   0x080176f6   0x00000004   Data   RW         4079    .data               bsp_lcd7_0.o
    0x20000092   0x080176fa   0x00000002   PAD
    0x20000094   0x080176fc   0x00000014   Data   RW         4197    .data               bsp_rtc.o
    0x200000a8   0x08017710   0x00000008   Data   RW         4308    .data               bsp_ds18b20.o
    0x200000b0   0x08017718   0x0000000a   Data   RW         4539    .data               ff.o
    0x200000ba   0x08017722   0x00000007   Data   RW         5156    .data               STemWin_CM3_wc16_ARGB.a(GUI_Common.o)
    0x200000c1   0x08017729   0x00000003   PAD
    0x200000c4   0x0801772c   0x00000014   Data   RW         5246    .data               STemWin_CM3_wc16_ARGB.a(GUI_Core.o)
    0x200000d8   0x08017740   0x00000004   Data   RW         5526    .data               STemWin_CM3_wc16_ARGB.a(GUI_CharLine.o)
    0x200000dc   0x08017744   0x00000008   Data   RW         5595    .data               STemWin_CM3_wc16_ARGB.a(GUI_DrawBitmap_8888.o)
    0x200000e4   0x0801774c   0x00000008   Data   RW         5709    .data               STemWin_CM3_wc16_ARGB.a(GUI__Private.o)
    0x200000ec   0x08017754   0x00000004   Data   RW         5751    .data               STemWin_CM3_wc16_ARGB.a(LCD.o)
    0x200000f0   0x08017758   0x00000004   Data   RW         5774    .data               STemWin_CM3_wc16_ARGB.a(LCD_Color.o)
    0x200000f4   0x0801775c   0x00000008   Data   RW         6233    .data               STemWin_CM3_wc16_ARGB.a(GUI__Alpha.o)
    0x200000fc   0x08017764   0x00000010   Data   RW         6280    .data               STemWin_CM3_wc16_ARGB.a(LCD_NextPixelAPI.o)
    0x2000010c   0x08017774   0x00000004   Data   RW         6808    .data               mc_w.l(stdout.o)
    0x20000110   0x08017778   0x00000004   Data   RW         6819    .data               mc_w.l(mvars.o)
    0x20000114   0x0801777c   0x00000004   Data   RW         6820    .data               mc_w.l(mvars.o)
    0x20000118        -       0x00003078   Zero   RW           11    .bss                main.o
    0x20003190        -       0x00000014   Zero   RW          303    .bss                stm32f10x_it.o
    0x200031a4        -       0x00000054   Zero   RW          396    .bss                taskmanage.o
    0x200031f8        -       0x000000c4   Zero   RW         3680    .bss                bsp_sdio_sdcard.o
    0x200032bc        -       0x00001000   Zero   RW         3901    .bss                bsp_w25qxx.o
    0x200042bc        -       0x00000230   Zero   RW         4537    .bss                ff.o
    0x200044ec        -       0x00003c00   Zero   RW         4855    .bss                guiconf.o
    0x200080ec        -       0x00000008   Zero   RW         5108    .bss                STemWin_CM3_wc16_ARGB.a(GUICC_M565.o)
    0x200080f4        -       0x0000000c   Zero   RW         5118    .bss                STemWin_CM3_wc16_ARGB.a(GUI_Alloc.o)
    0x20008100        -       0x000000a4   Zero   RW         5247    .bss                STemWin_CM3_wc16_ARGB.a(GUI_Core.o)
    0x200081a4        -       0x00000004   Zero   RW         5308    .bss                STemWin_CM3_wc16_ARGB.a(GUI_Stream.o)
    0x200081a8        -       0x00000008   Zero   RW         5335    .bss                STemWin_CM3_wc16_ARGB.a(LCD_GetEx.o)
    0x200081b0        -       0x00000004   Zero   RW         5439    .bss                STemWin_CM3_wc16_ARGB.a(GUIDEV_16.o)
    0x200081b4        -       0x00000004   Zero   RW         5457    .bss                STemWin_CM3_wc16_ARGB.a(GUIDEV_Banding.o)
    0x200081b8        -       0x00000030   Zero   RW         5462    .bss                STemWin_CM3_wc16_ARGB.a(WM.o)
    0x200081e8        -       0x00000060   Zero   RW         5617    .bss                STemWin_CM3_wc16_ARGB.a(GUI_OnKey.o)
    0x20008248        -       0x00000008   Zero   RW         5689    .bss                STemWin_CM3_wc16_ARGB.a(GUI_WaitEvent.o)
    0x20008250        -       0x00000018   Zero   RW         5702    .bss                STemWin_CM3_wc16_ARGB.a(GUI__ManageCache.o)
    0x20008268        -       0x0000000c   Zero   RW         5775    .bss                STemWin_CM3_wc16_ARGB.a(LCD_Color.o)
    0x20008274        -       0x00000038   Zero   RW         5801    .bss                STemWin_CM3_wc16_ARGB.a(LCD_RLE16.o)
    0x200082ac        -       0x00000018   Zero   RW         5816    .bss                STemWin_CM3_wc16_ARGB.a(LCD_RLE32.o)
    0x200082c4        -       0x00000014   Zero   RW         5832    .bss                STemWin_CM3_wc16_ARGB.a(LCD_RLE4.o)
    0x200082d8        -       0x00000024   Zero   RW         5843    .bss                STemWin_CM3_wc16_ARGB.a(LCD_RLE8.o)
    0x200082fc        -       0x00000004   Zero   RW         6044    .bss                STemWin_CM3_wc16_ARGB.a(WM__Private.o)
    0x20008300        -       0x00000020   Zero   RW         6234    .bss                STemWin_CM3_wc16_ARGB.a(GUI__Alpha.o)
    0x20008320        -       0x00000030   Zero   RW         6281    .bss                STemWin_CM3_wc16_ARGB.a(LCD_NextPixelAPI.o)
    0x20008350        -       0x000000c0   Zero   RW         6832    GUI_ALLOC__Context  anon$$obj.o
    0x20008410        -       0x00000004   Zero   RW         6853    GUI_DCACHE__pfClearCacheHook  anon$$obj.o
    0x20008414        -       0x00000001   Zero   RW         6833    GUI_DecChar         anon$$obj.o
    0x20008415   0x08017780   0x00000001   PAD
    0x20008416        -       0x00000002   Zero   RW         6834    GUI_OrgX            anon$$obj.o
    0x20008418        -       0x00000002   Zero   RW         6835    GUI_OrgY            anon$$obj.o
    0x2000841a   0x08017780   0x00000002   PAD
    0x2000841c        -       0x00000004   Zero   RW         6845    GUI__BufferSize     anon$$obj.o
    0x20008420        -       0x00000001   Zero   RW         6849    GUI__IsInitialized  anon$$obj.o
    0x20008421        -       0x00000001   Zero   RW         6850    GUI__NumLayersInUse  anon$$obj.o
    0x20008422        -       0x00000001   Zero   RW         6848    GUI__PreserveTrans  anon$$obj.o
    0x20008423        -       0x00000002   Zero   RW         6847    GUI__aNumBuffers    anon$$obj.o
    0x20008425   0x08017780   0x00000003   PAD
    0x20008428        -       0x00000008   Zero   RW         6839    GUI__apDevice       anon$$obj.o
    0x20008430        -       0x00000004   Zero   RW         6881    GUI__pfDrawAlphaBitmapFunc  anon$$obj.o
    0x20008434        -       0x00000004   Zero   RW         6880    GUI__pfDrawAlphaMemdevFunc  anon$$obj.o
    0x20008438        -       0x00000004   Zero   RW         6856    GUI__pfDrawM565BitmapFunc  anon$$obj.o
    0x2000843c        -       0x00000004   Zero   RW         6855    GUI__pfDrawM565MemdevFunc  anon$$obj.o
    0x20008440        -       0x00000004   Zero   RW         6852    GUI_pLCD_APIList    anon$$obj.o
    0x20008444        -       0x00000004   Zero   RW         6843    GUI_pUC_API         anon$$obj.o
    0x20008448        -       0x00000004   Zero   RW         6841    GUI_pfDispCharLine  anon$$obj.o
    0x2000844c        -       0x00000004   Zero   RW         6840    GUI_pfDispCharStyle  anon$$obj.o
    0x20008450        -       0x00000200   Zero   RW          587    HEAP                startup_stm32f10x_hd.o
    0x20008650        -       0x00000004   Zero   RW         6882    LCD__aConvTable     anon$$obj.o
    0x20008654   0x08017780   0x00000004   PAD
    0x20008658        -       0x00000400   Zero   RW          586    STACK               startup_stm32f10x_hd.o
    0x20008a58        -       0x00000004   Zero   RW         6863    WM_MULTIBUF__pAPI   anon$$obj.o
    0x20008a5c        -       0x00000004   Zero   RW         6862    WM__CreateFlags     anon$$obj.o
    0x20008a60        -       0x00000004   Zero   RW         6869    WM__FirstWin        anon$$obj.o
    0x20008a64        -       0x00000004   Zero   RW         6872    WM__InvalidLayerMask  anon$$obj.o
    0x20008a68        -       0x00000002   Zero   RW         6871    WM__NumInvalidWindows  anon$$obj.o
    0x20008a6a        -       0x00000002   Zero   RW         6873    WM__NumWindows      anon$$obj.o
    0x20008a6c        -       0x00000001   Zero   RW         6876    WM__PaintCallbackCnt  anon$$obj.o
    0x20008a6d   0x08017780   0x00000003   PAD
    0x20008a70        -       0x00000004   Zero   RW         6874    WM__TouchedLayer    anon$$obj.o
    0x20008a74        -       0x00000004   Zero   RW         6859    WM__TransWindowCnt  anon$$obj.o
    0x20008a78        -       0x00000008   Zero   RW         6877    WM__aBkColor        anon$$obj.o
    0x20008a80        -       0x00000010   Zero   RW         6867    WM__aCHWinLast      anon$$obj.o
    0x20008a90        -       0x00000010   Zero   RW         6866    WM__aCHWinModal     anon$$obj.o
    0x20008aa0        -       0x00000010   Zero   RW         6868    WM__aCHWinMouseOver  anon$$obj.o
    0x20008ab0        -       0x00000008   Zero   RW         6858    WM__ahCapture       anon$$obj.o
    0x20008ab8        -       0x00000008   Zero   RW         6865    WM__ahDesktopWin    anon$$obj.o
    0x20008ac0        -       0x00000008   Zero   RW         6861    WM__ahWinFocus      anon$$obj.o
    0x20008ac8        -       0x00000004   Zero   RW         6860    WM__hATransWindow   anon$$obj.o
    0x20008acc        -       0x00000004   Zero   RW         6870    WM__hCreateStatic   anon$$obj.o
    0x20008ad0        -       0x00000004   Zero   RW         6864    WM__pExecGestures   anon$$obj.o
    0x20008ad4        -       0x00000004   Zero   RW         6857    WM__pFirstCriticalHandle  anon$$obj.o


==============================================================================

Image component sizes


      Code (inc. data)   RO Data    RW Data    ZI Data      Debug   Object Name

       420         24          0          0          0       3575   bsp_can.o
       220         26          0          4          0       1735   bsp_delay.o
       704         30          0          8          0       4817   bsp_ds18b20.o
      1140         28          0          4          0       7163   bsp_lcd7_0.o
        22          0          0          0          0        471   bsp_pwr.o
      1338        104         48         20          0       6598   bsp_rtc.o
      4436        342          0         20        196      24249   bsp_sdio_sdcard.o
       256         14          0          0          0       1237   bsp_spi.o
       206          4          0          0          0       1340   bsp_timer.o
       270         18          0          0          0       2691   bsp_usart.o
       876         54          0          2       4096       8060   bsp_w25qxx.o
       726         14          0          0          0       5577   diskio.o
      7664        118        188         10        560      54898   ff.o
       284         32        942          0          0       2684   ffunicode.o
         2          0          0          0          0        429   gui_x.o
        28          8          0          0      15360        527   guiconf.o
      2262         86         52          0          0      70103   guidrv_template.o
        78          8          0          0          0       1301   lcdconf_flexcolor_template.o
      1380        292          0         65      12408     368983   main.o
      3726        114        160          0          0     220205   memdev_banding.o
       172         22          0          0          0       2113   misc.o
        36          8        304          0       1536        800   startup_stm32f10x_hd.o
        72         10          0          0          0       2740   stm32f10x_bkp.o
      1388         34          0          0          0       6908   stm32f10x_can.o
       156         18          0          0          0       3973   stm32f10x_dma.o
       282          6          0          0          0       1857   stm32f10x_fsmc.o
       286          0          0          0          0       3092   stm32f10x_gpio.o
       344         64          0          8         20       4675   stm32f10x_it.o
        84         22          0          0          0       1541   stm32f10x_pwr.o
       492         70          0         20          0       8463   stm32f10x_rcc.o
       288         52          0          0          0       5867   stm32f10x_rtc.o
       372         86          0          0          0       9931   stm32f10x_sdio.o
       112          0          0          0          0       3918   stm32f10x_spi.o
       212         42          0          0          0       2936   stm32f10x_tim.o
       358          6          0          0          0       5501   stm32f10x_usart.o
         0          0          0          0          0         32   sys.o
       328         28          0         20          0       2157   system_stm32f10x.o
       280         18          0          0         84       2907   taskmanage.o

    ----------------------------------------------------------------------
     31348       1802       1728        186      34652     856054   Object Totals
         0          0         32          0        379          0   (incl. Generated)
        48          0          2          5         13          0   (incl. Padding)

    ----------------------------------------------------------------------

      Code (inc. data)   RO Data    RW Data    ZI Data      Debug   Library Member Name

         0          0       1568          0          0          0   F08_ASCII.o
         0          0       4168          0          0          0   F20B_ASCII.o
         0          0       4864          0          0          0   F24B_ASCII.o
         0          0       4792          0          0          0   F24_ASCII.o
         0          0       1852          0          0          0   F6x8.o
         0          0       5576          0          0          0   FD64.o
       194          0         24          0          0          0   GUICC_0.o
        40          4          0          0          0          0   GUICC_444_12_1_Index2Color.o
        40          4          0          0          0          0   GUICC_444_12_Index2Color.o
        40          4          0          0          0          0   GUICC_444_16_Index2Color.o
        40          4          0          0          0          0   GUICC_555_Index2Color.o
       226         32         24          0          0          0   GUICC_565.o
       138          0         24          0          0          0   GUICC_8888.o
        28          0          0          0          0          0   GUICC_8888_Index2Color.o
        24          0          0          0          0          0   GUICC_888_Index2Color.o
        40          4          0          0          0          0   GUICC_M444_12_1_Index2Color.o
        40          4          0          0          0          0   GUICC_M444_12_Index2Color.o
        40          4          0          0          0          0   GUICC_M444_16_Index2Color.o
        40          4          0          0          0          0   GUICC_M555_Index2Color.o
       286         40         24          0          8          0   GUICC_M565.o
        40          0         24          0          0          0   GUICC_M8888I.o
         2          0          0          0          0          0   GUICC_M8888I_Index2Color.o
         6          0          0          0          0          0   GUICC_M888_Index2Color.o
       778         36          0          0          0          0   GUIDEV.o
      2610         56        116          0          4          0   GUIDEV_16.o
       348         12          0          0          4          0   GUIDEV_Banding.o
        64          4          0          0          0          0   GUIDEV_Clear.o
        32          0          0          0          0          0   GUIDEV_GetDataPtr.o
        48          4          0          0          0          0   GUIDEV_GetYSize.o
        44          4          0          0          0          0   GUIDEV_ReduceYSize.o
        88          4          0          0          0          0   GUIDEV_SetOrg.o
        78          0          0          0          0          0   GUIDEV_Usage.o
       420          4         24          0          0          0   GUIDEV_UsageBM.o
      1996          8          0          0          0          0   GUIDEV_WriteToActiveOpaque.o
      1428         84          0          0         12          0   GUI_Alloc.o
        96         16          0          0          0          0   GUI_Char.o
       506         36          0          4          0          0   GUI_CharLine.o
       400          8          0          0          0          0   GUI_CharM.o
       334          8          0          0          0          0   GUI_CharP.o
       520         48          0          7          0          0   GUI_Common.o
       768        120         23         20        164          0   GUI_Core.o
       332         24          0          0          0          0   GUI_Device.o
       348         12          0          0          0          0   GUI_DispString.o
       244         12          0          0          0          0   GUI_DrawBitmap.o
       448          4         16          0          0          0   GUI_DrawBitmap_24.o
       240         24         96          0          0          0   GUI_DrawBitmap_444.o
        80          8         32          0          0          0   GUI_DrawBitmap_555.o
        88         16         32          0          0          0   GUI_DrawBitmap_565.o
      1712         76         32          8          0          0   GUI_DrawBitmap_8888.o
       976         20         64          0          0          0   GUI_DrawBitmap_A16.o
       208          4          0          0          0          0   GUI_FillRoundedRect.o
        16          4          0          0         96          0   GUI_OnKey.o
        44          8          0          0          0          0   GUI_SelectLayer.o
      1718        122          0          0          4          0   GUI_Stream.o
        76          8          0          0          0          0   GUI_UC.o
        18          0         16          0          0          0   GUI_UC_EncodeNone.o
        16          4          0          0          8          0   GUI_WaitEvent.o
       910         44          0          8         32          0   GUI__Alpha.o
       786          8          0          0          0          0   GUI__CompactPixelIndices.o
         0          0        880          0          0          0   GUI__DivTbl.o
       764         24          0          0          0          0   GUI__DrawBitmap16bpp.o
       380          8          0          0          0          0   GUI__ExpandPixelIndices.o
       236          8          0          0         24          0   GUI__ManageCache.o
       420         12          0          8          0          0   GUI__Private.o
      1796        116         12          4          0          0   LCD.o
       340         48          0          4         12          0   LCD_Color.o
        32          8          0          0          0          0   LCD_GetColorIndex.o
       430         32          0          0          8          0   LCD_GetEx.o
        30          0          0          0          0          0   LCD_GetNumDisplays.o
        92          8          0          0          0          0   LCD_GetP.o
        14          0          0          0          0          0   LCD_GetPixelColor.o
         0          0        256          0          0          0   LCD_Mirror.o
       648         60          0         16         48          0   LCD_NextPixelAPI.o
       956         68         64          0         56          0   LCD_RLE16.o
      1124         92         32          0         24          0   LCD_RLE32.o
       860         44         32          0         20          0   LCD_RLE4.o
       932         48         32          0         36          0   LCD_RLE8.o
       516         16          0          0          0          0   LCD_ReadRect.o
        64          8          0          0          0          0   LCD_SelectLCD.o
       144          0          0          0          0          0   LCD_Set.o
        48          8          0          0          0          0   LCD_SetClipRectEx.o
        36          4          0          0          0          0   LCD_UpdateColorIndices.o
      3272        240          0          0         48          0   WM.o
       218          8          0          0          0          0   WM_Lib.o
       206          8          0          0          4          0   WM__Private.o
         0          0          0          0          0          0   entry.o
         0          0          0          0          0          0   entry10a.o
         0          0          0          0          0          0   entry11a.o
         4          0          0          0          0          0   entry12b.o
         8          4          0          0          0          0   entry2.o
         4          0          0          0          0          0   entry5.o
         0          0          0          0          0          0   entry7b.o
         0          0          0          0          0          0   entry8b.o
         8          4          0          0          0          0   entry9a.o
        30          0          0          0          0          0   handlers.o
        36          8          0          0          0         68   init.o
         0          0          0          0          0          0   iusefp.o
        30          0          0          0          0         68   llshl.o
        36          0          0          0          0         68   llsshr.o
        32          0          0          0          0         68   llushr.o
       188         20          0          0          0        160   malloc.o
        66          0          0          0          0         76   memmove.o
        36          0          0          0          0        108   memseta.o
         0          0          0          8          0          0   mvars.o
      2268         96          0          0          0        616   printfa.o
         0          0          0          4          0          0   stdout.o
        44          0          0          0          0         80   uidiv.o
        98          0          0          0          0         92   uldiv.o
        48          0          0          0          0         68   cdcmple.o
        48          0          0          0          0         68   cdrcmple.o
        56          0          0          0          0         88   d2f.o
       334          0          0          0          0        148   dadd.o
       222          0          0          0          0        100   ddiv.o
       186          0          0          0          0        176   depilogue.o
        50          0          0          0          0         76   dfixui.o
        48          0          0          0          0         68   dfixul.o
        34          0          0          0          0         76   dflti.o
        26          0          0          0          0         76   dfltui.o
       228          0          0          0          0         96   dmul.o
        38          0          0          0          0         68   f2d.o
       110          0          0          0          0        168   fepilogue.o
        50          0          0          0          0         68   ffixi.o
        10          0          0          0          0         68   ffltui.o

    ----------------------------------------------------------------------
     38072       1954      24700         94        612       2816   Library Totals
        56          0          1          3          0          0   (incl. Padding)

    ----------------------------------------------------------------------

      Code (inc. data)   RO Data    RW Data    ZI Data      Debug   Library Name

     33640       1822      24699         79        612          0   STemWin_CM3_wc16_ARGB.a
      2888        132          0         12          0       1404   mc_w.l
      1488          0          0          0          0       1412   mf_w.l

    ----------------------------------------------------------------------
     38072       1954      24700         94        612       2816   Library Totals

    ----------------------------------------------------------------------

==============================================================================


      Code (inc. data)   RO Data    RW Data    ZI Data      Debug   

     69420       3756      26428        280      35264     842902   Grand Totals
     69420       3756      26428        280      35264     842902   ELF Image Totals
     69420       3756      26428        280          0          0   ROM Totals

==============================================================================

    Total RO  Size (Code + RO Data)                95848 (  93.60kB)
    Total RW  Size (RW Data + ZI Data)             35544 (  34.71kB)
    Total ROM Size (Code + RO Data + RW Data)      96128 (  93.88kB)

==============================================================================

