Component: ARM Compiler 5.06 update 7 (build 960) Tool: armlink [4d3601]

==============================================================================

Section Cross References

    main.o(i.main) refers to misc.o(i.NVIC_PriorityGroupConfig) for NVIC_PriorityGroupConfig
    main.o(i.main) refers to bsp_usart.o(i.Usart1_Init) for Usart1_Init
    main.o(i.main) refers to bsp_lcd7_0.o(i.MD070SD_Init) for MD070SD_Init
    main.o(i.main) refers to stm32f10x_rcc.o(i.RCC_AHBPeriphClockCmd) for RCC_AHBPeriphClockCmd
    main.o(i.main) refers to GUI_Core.o(.text.GUI_Init) for GUI_Init
    main.o(i.main) refers to GUI_Common.o(.text.GUI_SetBkColor) for GUI_SetBkColor
    main.o(i.main) refers to GUI_Common.o(.text.GUI_SetColor) for GUI_SetColor
    main.o(i.main) refers to GUI_Core.o(.text.GUI_Clear) for GUI_Clear
    main.o(i.main) refers to memdev_banding.o(i._DemoBandingMemdev) for _DemoBandingMemdev
    system_stm32f10x.o(i.SetSysClock) refers to system_stm32f10x.o(i.SetSysClockTo72) for SetSysClockTo72
    system_stm32f10x.o(i.SystemCoreClockUpdate) refers to system_stm32f10x.o(.data) for SystemCoreClock
    system_stm32f10x.o(i.SystemInit) refers to system_stm32f10x.o(i.SetSysClock) for SetSysClock
    memdev_banding.o(i._DemoBandingMemdev) refers to memmove.o(.text) for __aeabi_memcpy4
    memdev_banding.o(i._DemoBandingMemdev) refers to GUIDEV_Banding.o(.text.GUI_MEMDEV_Draw) for GUI_MEMDEV_Draw
    memdev_banding.o(i._DemoBandingMemdev) refers to memdev_banding.o(.constdata) for .constdata
    memdev_banding.o(i._DemoBandingMemdev) refers to memdev_banding.o(i._DrawIt) for _DrawIt
    memdev_banding.o(i._DrawIt) refers to GUI_Common.o(.text.GUI_SetColor) for GUI_SetColor
    memdev_banding.o(i._DrawIt) refers to GUI_DrawLib.o(.text.GUI_FillRect) for GUI_FillRect
    memdev_banding.o(i._DrawIt) refers to GUI_Common.o(.text.GUI_SetFont) for GUI_SetFont
    memdev_banding.o(i._DrawIt) refers to printf1.o(i.__0sprintf$1) for __2sprintf
    memdev_banding.o(i._DrawIt) refers to GUI_DispString.o(.text.GUI_DispStringHCenterAt) for GUI_DispStringHCenterAt
    memdev_banding.o(i._DrawIt) refers to FD32.o(.rodata) for GUI_FontD32
    startup_stm32f10x_hd.o(RESET) refers to startup_stm32f10x_hd.o(STACK) for __initial_sp
    startup_stm32f10x_hd.o(RESET) refers to startup_stm32f10x_hd.o(.text) for Reset_Handler
    startup_stm32f10x_hd.o(RESET) refers to stm32f10x_it.o(i.NMI_Handler) for NMI_Handler
    startup_stm32f10x_hd.o(RESET) refers to stm32f10x_it.o(i.HardFault_Handler) for HardFault_Handler
    startup_stm32f10x_hd.o(RESET) refers to stm32f10x_it.o(i.MemManage_Handler) for MemManage_Handler
    startup_stm32f10x_hd.o(RESET) refers to stm32f10x_it.o(i.BusFault_Handler) for BusFault_Handler
    startup_stm32f10x_hd.o(RESET) refers to stm32f10x_it.o(i.UsageFault_Handler) for UsageFault_Handler
    startup_stm32f10x_hd.o(RESET) refers to stm32f10x_it.o(i.SVC_Handler) for SVC_Handler
    startup_stm32f10x_hd.o(RESET) refers to stm32f10x_it.o(i.DebugMon_Handler) for DebugMon_Handler
    startup_stm32f10x_hd.o(RESET) refers to stm32f10x_it.o(i.PendSV_Handler) for PendSV_Handler
    startup_stm32f10x_hd.o(RESET) refers to stm32f10x_it.o(i.SysTick_Handler) for SysTick_Handler
    startup_stm32f10x_hd.o(RESET) refers to bsp_rtc.o(i.RTC_IRQHandler) for RTC_IRQHandler
    startup_stm32f10x_hd.o(RESET) refers to bsp_timer.o(i.TIM2_IRQHandler) for TIM2_IRQHandler
    startup_stm32f10x_hd.o(RESET) refers to bsp_usart.o(i.USART1_IRQHandler) for USART1_IRQHandler
    startup_stm32f10x_hd.o(.text) refers to system_stm32f10x.o(i.SystemInit) for SystemInit
    startup_stm32f10x_hd.o(.text) refers to entry.o(.ARM.Collect$$$$00000000) for __main
    stm32f10x_adc.o(i.ADC_DeInit) refers to stm32f10x_rcc.o(i.RCC_APB2PeriphResetCmd) for RCC_APB2PeriphResetCmd
    stm32f10x_bkp.o(i.BKP_DeInit) refers to stm32f10x_rcc.o(i.RCC_BackupResetCmd) for RCC_BackupResetCmd
    stm32f10x_can.o(i.CAN_DeInit) refers to stm32f10x_rcc.o(i.RCC_APB1PeriphResetCmd) for RCC_APB1PeriphResetCmd
    stm32f10x_can.o(i.CAN_GetITStatus) refers to stm32f10x_can.o(i.CheckITStatus) for CheckITStatus
    stm32f10x_cec.o(i.CEC_DeInit) refers to stm32f10x_rcc.o(i.RCC_APB1PeriphResetCmd) for RCC_APB1PeriphResetCmd
    stm32f10x_dac.o(i.DAC_DeInit) refers to stm32f10x_rcc.o(i.RCC_APB1PeriphResetCmd) for RCC_APB1PeriphResetCmd
    stm32f10x_flash.o(i.FLASH_EnableWriteProtection) refers to stm32f10x_flash.o(i.FLASH_WaitForLastOperation) for FLASH_WaitForLastOperation
    stm32f10x_flash.o(i.FLASH_EraseAllBank1Pages) refers to stm32f10x_flash.o(i.FLASH_WaitForLastBank1Operation) for FLASH_WaitForLastBank1Operation
    stm32f10x_flash.o(i.FLASH_EraseAllPages) refers to stm32f10x_flash.o(i.FLASH_WaitForLastOperation) for FLASH_WaitForLastOperation
    stm32f10x_flash.o(i.FLASH_EraseOptionBytes) refers to stm32f10x_flash.o(i.FLASH_GetReadOutProtectionStatus) for FLASH_GetReadOutProtectionStatus
[...]
    printf7.o(i.__0vfprintf$7) refers to printf7.o(i._printf_core) for _printf_core
    printf7.o(i.__0vfprintf$7) refers to bsp_usart.o(i.fputc) for fputc
    printf7.o(i.__0vprintf$7) refers to printf7.o(i._printf_core) for _printf_core
    printf7.o(i.__0vprintf$7) refers to bsp_usart.o(i.fputc) for fputc
    printf7.o(i.__0vprintf$7) refers to stdout.o(.data) for __stdout
    printf7.o(i.__0vsnprintf$7) refers to printf7.o(i._printf_core) for _printf_core
    printf7.o(i.__0vsnprintf$7) refers to printf7.o(i._snputc) for _snputc
    printf7.o(i.__0vsprintf$7) refers to printf7.o(i._printf_core) for _printf_core
    printf7.o(i.__0vsprintf$7) refers to printf7.o(i._sputc) for _sputc
    printf7.o(i._printf_core) refers to printf7.o(i._printf_pre_padding) for _printf_pre_padding
    printf7.o(i._printf_core) refers to uldiv.o(.text) for __aeabi_uldivmod
    printf7.o(i._printf_core) refers to printf7.o(i._printf_post_padding) for _printf_post_padding
    printf8.o(i.__0fprintf$8) refers to printf8.o(i._printf_core) for _printf_core
    printf8.o(i.__0fprintf$8) refers to bsp_usart.o(i.fputc) for fputc
    printf8.o(i.__0printf$8) refers to printf8.o(i._printf_core) for _printf_core
    printf8.o(i.__0printf$8) refers to bsp_usart.o(i.fputc) for fputc
    printf8.o(i.__0printf$8) refers to stdout.o(.data) for __stdout
    printf8.o(i.__0snprintf$8) refers to printf8.o(i._printf_core) for _printf_core
    printf8.o(i.__0snprintf$8) refers to printf8.o(i._snputc) for _snputc
    printf8.o(i.__0sprintf$8) refers to printf8.o(i._printf_core) for _printf_core
    printf8.o(i.__0sprintf$8) refers to printf8.o(i._sputc) for _sputc
    printf8.o(i.__0vfprintf$8) refers to printf8.o(i._printf_core) for _printf_core
    printf8.o(i.__0vfprintf$8) refers to bsp_usart.o(i.fputc) for fputc
    printf8.o(i.__0vprintf$8) refers to printf8.o(i._printf_core) for _printf_core
    printf8.o(i.__0vprintf$8) refers to bsp_usart.o(i.fputc) for fputc
    printf8.o(i.__0vprintf$8) refers to stdout.o(.data) for __stdout
    printf8.o(i.__0vsnprintf$8) refers to printf8.o(i._printf_core) for _printf_core
    printf8.o(i.__0vsnprintf$8) refers to printf8.o(i._snputc) for _snputc
    printf8.o(i.__0vsprintf$8) refers to printf8.o(i._printf_core) for _printf_core
    printf8.o(i.__0vsprintf$8) refers to printf8.o(i._sputc) for _sputc
    printf8.o(i._printf_core) refers to printf8.o(i._printf_pre_padding) for _printf_pre_padding
    printf8.o(i._printf_core) refers to uldiv.o(.text) for __aeabi_uldivmod
    printf8.o(i._printf_core) refers to printf8.o(i._printf_post_padding) for _printf_post_padding
    printfa.o(i.__0fprintf) refers (Special) to iusefp.o(.text) for __I$use$fp
    printfa.o(i.__0fprintf) refers to printfa.o(i._printf_core) for _printf_core
    printfa.o(i.__0fprintf) refers to bsp_usart.o(i.fputc) for fputc
    printfa.o(i.__0printf) refers (Special) to iusefp.o(.text) for __I$use$fp
    printfa.o(i.__0printf) refers to printfa.o(i._printf_core) for _printf_core
    printfa.o(i.__0printf) refers to bsp_usart.o(i.fputc) for fputc
    printfa.o(i.__0printf) refers to stdout.o(.data) for __stdout
    printfa.o(i.__0snprintf) refers (Special) to iusefp.o(.text) for __I$use$fp
    printfa.o(i.__0snprintf) refers to printfa.o(i._printf_core) for _printf_core
    printfa.o(i.__0snprintf) refers to printfa.o(i._snputc) for _snputc
    printfa.o(i.__0sprintf) refers (Special) to iusefp.o(.text) for __I$use$fp
    printfa.o(i.__0sprintf) refers to printfa.o(i._printf_core) for _printf_core
    printfa.o(i.__0sprintf) refers to printfa.o(i._sputc) for _sputc
    printfa.o(i.__0vfprintf) refers (Special) to iusefp.o(.text) for __I$use$fp
    printfa.o(i.__0vfprintf) refers to printfa.o(i._printf_core) for _printf_core
    printfa.o(i.__0vfprintf) refers to bsp_usart.o(i.fputc) for fputc
    printfa.o(i.__0vprintf) refers (Special) to iusefp.o(.text) for __I$use$fp
    printfa.o(i.__0vprintf) refers to printfa.o(i._printf_core) for _printf_core
    printfa.o(i.__0vprintf) refers to bsp_usart.o(i.fputc) for fputc
    printfa.o(i.__0vprintf) refers to stdout.o(.data) for __stdout
    printfa.o(i.__0vsnprintf) refers (Special) to iusefp.o(.text) for __I$use$fp
    printfa.o(i.__0vsnprintf) refers to printfa.o(i._printf_core) for _printf_core
    printfa.o(i.__0vsnprintf) refers to printfa.o(i._snputc) for _snputc
    printfa.o(i.__0vsprintf) refers (Special) to iusefp.o(.text) for __I$use$fp
    printfa.o(i.__0vsprintf) refers to printfa.o(i._printf_core) for _printf_core
    printfa.o(i.__0vsprintf) refers to printfa.o(i._sputc) for _sputc
    printfa.o(i._fp_digits) refers (Special) to iusefp.o(.text) for __I$use$fp
    printfa.o(i._fp_digits) refers to dmul.o(.text) for __aeabi_dmul
    printfa.o(i._fp_digits) refers to ddiv.o(.text) for __aeabi_ddiv
    printfa.o(i._fp_digits) refers to cdrcmple.o(.text) for __aeabi_cdrcmple
    printfa.o(i._fp_digits) refers to dadd.o(.text) for __aeabi_dadd
    printfa.o(i._fp_digits) refers to dfixul.o(.text) for __aeabi_d2ulz
    printfa.o(i._fp_digits) refers to uldiv.o(.text) for __aeabi_uldivmod
    printfa.o(i._printf_core) refers (Special) to iusefp.o(.text) for __I$use$fp
    printfa.o(i._printf_core) refers to printfa.o(i._printf_pre_padding) for _printf_pre_padding
    printfa.o(i._printf_core) refers to uldiv.o(.text) for __aeabi_uldivmod
    printfa.o(i._printf_core) refers to printfa.o(i._printf_post_padding) for _printf_post_padding
    printfa.o(i._printf_core) refers to printfa.o(i._fp_digits) for _fp_digits
    printfa.o(i._printf_core) refers to uidiv.o(.text) for __aeabi_uidivmod
    printfa.o(i._printf_post_padding) refers (Special) to iusefp.o(.text) for __I$use$fp
    printfa.o(i._printf_pre_padding) refers (Special) to iusefp.o(.text) for __I$use$fp
    printfa.o(i._snputc) refers (Special) to iusefp.o(.text) for __I$use$fp
    printfa.o(i._sputc) refers (Special) to iusefp.o(.text) for __I$use$fp
    fadd.o(.text) refers (Special) to iusefp.o(.text) for __I$use$fp
    fadd.o(.text) refers to fepilogue.o(.text) for _float_epilogue
    fmul.o(.text) refers (Special) to iusefp.o(.text) for __I$use$fp
    fdiv.o(.text) refers (Special) to iusefp.o(.text) for __I$use$fp
    fdiv.o(.text) refers to fepilogue.o(.text) for _float_round
    dadd.o(.text) refers (Special) to iusefp.o(.text) for __I$use$fp
    dadd.o(.text) refers to llshl.o(.text) for __aeabi_llsl
    dadd.o(.text) refers to llsshr.o(.text) for __aeabi_lasr
    dadd.o(.text) refers to depilogue.o(.text) for _double_epilogue
    fcmplt.o(.text) refers (Special) to iusefp.o(.text) for __I$use$fp
    fcmpgt.o(.text) refers (Special) to iusefp.o(.text) for __I$use$fp
    fcmpeq.o(.text) refers (Special) to iusefp.o(.text) for __I$use$fp
    fflti.o(.text) refers (Special) to iusefp.o(.text) for __I$use$fp
    fflti.o(.text) refers to fepilogue.o(.text) for _float_epilogue
    ffltui.o(.text) refers (Special) to iusefp.o(.text) for __I$use$fp
    ffltui.o(.text) refers to fepilogue.o(.text) for _float_epilogue
    dflti.o(.text) refers (Special) to iusefp.o(.text) for __I$use$fp
    dflti.o(.text) refers to depilogue.o(.text) for _double_epilogue
    dfltui.o(.text) refers (Special) to iusefp.o(.text) for __I$use$fp
    dfltui.o(.text) refers to depilogue.o(.text) for _double_epilogue
    ffixi.o(.text) refers (Special) to iusefp.o(.text) for __I$use$fp
    ffixui.o(.text) refers (Special) to iusefp.o(.text) for __I$use$fp
    dfixi.o(.text) refers (Special) to iusefp.o(.text) for __I$use$fp
    dfixi.o(.text) refers to llushr.o(.text) for __aeabi_llsr
    f2d.o(.text) refers (Special) to iusefp.o(.text) for __I$use$fp
    cdcmple.o(.text) refers (Special) to iusefp.o(.text) for __I$use$fp
    entry2.o(.ARM.Collect$$$$00000001) refers to entry2.o(.ARM.Collect$$$$00002712) for __lit__00000000
    entry2.o(.ARM.Collect$$$$00002712) refers to startup_stm32f10x_hd.o(STACK) for __initial_sp
    entry2.o(__vectab_stack_and_reset_area) refers to startup_stm32f10x_hd.o(STACK) for __initial_sp
    entry2.o(__vectab_stack_and_reset_area) refers to entry.o(.ARM.Collect$$$$00000000) for __main
    entry5.o(.ARM.Collect$$$$00000004) refers to init.o(.text) for __scatterload
    entry9a.o(.ARM.Collect$$$$0000000B) refers to main.o(i.main) for main
    entry9b.o(.ARM.Collect$$$$0000000C) refers to main.o(i.main) for main
    uldiv.o(.text) refers to llushr.o(.text) for __aeabi_llsr
    uldiv.o(.text) refers to llshl.o(.text) for __aeabi_llsl
    depilogue.o(.text) refers to llshl.o(.text) for __aeabi_llsl
    depilogue.o(.text) refers to llushr.o(.text) for __aeabi_llsr
    dmul.o(.text) refers to depilogue.o(.text) for _double_epilogue
    ddiv.o(.text) refers to depilogue.o(.text) for _double_round
    dfixul.o(.text) refers to llushr.o(.text) for __aeabi_llsr
    dfixul.o(.text) refers to llshl.o(.text) for __aeabi_llsl
    init.o(.text) refers to entry5.o(.ARM.Collect$$$$00000004) for __main_after_scatterload


==============================================================================

Removing Unused input sections from the image.

    Removing system_stm32f10x.o(i.SystemCoreClockUpdate), (164 bytes).
    Removing system_stm32f10x.o(.data), (20 bytes).
    Removing sys.o(.emb_text), (6 bytes).
    Removing sys.o(i.INTX_DISABLE), (4 bytes).
    Removing sys.o(i.INTX_ENABLE), (4 bytes).
    Removing sys.o(i.WFI_SET), (4 bytes).
    Removing core_cm3.o(.emb_text), (32 bytes).
    Removing startup_stm32f10x_hd.o(HEAP), (512 bytes).
    Removing misc.o(i.NVIC_SetVectorTable), (20 bytes).
    Removing misc.o(i.NVIC_SystemLPConfig), (32 bytes).
    Removing misc.o(i.SysTick_CLKSourceConfig), (40 bytes).
    Removing stm32f10x_adc.o(i.ADC_AnalogWatchdogCmd), (20 bytes).
    Removing stm32f10x_adc.o(i.ADC_AnalogWatchdogSingleChannelConfig), (16 bytes).
    Removing stm32f10x_adc.o(i.ADC_AnalogWatchdogThresholdsConfig), (6 bytes).
    Removing stm32f10x_adc.o(i.ADC_AutoInjectedConvCmd), (22 bytes).
    Removing stm32f10x_adc.o(i.ADC_ClearFlag), (6 bytes).
    Removing stm32f10x_adc.o(i.ADC_ClearITPendingBit), (10 bytes).
    Removing stm32f10x_adc.o(i.ADC_Cmd), (22 bytes).
    Removing stm32f10x_adc.o(i.ADC_DMACmd), (22 bytes).
    Removing stm32f10x_adc.o(i.ADC_DeInit), (92 bytes).
    Removing stm32f10x_adc.o(i.ADC_DiscModeChannelCountConfig), (24 bytes).
    Removing stm32f10x_adc.o(i.ADC_DiscModeCmd), (22 bytes).
    Removing stm32f10x_adc.o(i.ADC_ExternalTrigConvCmd), (22 bytes).
    Removing stm32f10x_adc.o(i.ADC_ExternalTrigInjectedConvCmd), (22 bytes).
    Removing stm32f10x_adc.o(i.ADC_ExternalTrigInjectedConvConfig), (16 bytes).
    Removing stm32f10x_adc.o(i.ADC_GetCalibrationStatus), (20 bytes).
    Removing stm32f10x_adc.o(i.ADC_GetConversionValue), (8 bytes).
    Removing stm32f10x_adc.o(i.ADC_GetDualModeConversionValue), (12 bytes).
    Removing stm32f10x_adc.o(i.ADC_GetFlagStatus), (18 bytes).
    Removing stm32f10x_adc.o(i.ADC_GetITStatus), (36 bytes).
    Removing stm32f10x_adc.o(i.ADC_GetInjectedConversionValue), (28 bytes).
    Removing stm32f10x_adc.o(i.ADC_GetResetCalibrationStatus), (20 bytes).
    Removing stm32f10x_adc.o(i.ADC_GetSoftwareStartConvStatus), (20 bytes).
    Removing stm32f10x_adc.o(i.ADC_GetSoftwareStartInjectedConvCmdStatus), (20 bytes).
    Removing stm32f10x_adc.o(i.ADC_ITConfig), (24 bytes).
    Removing stm32f10x_adc.o(i.ADC_Init), (80 bytes).
    Removing stm32f10x_adc.o(i.ADC_InjectedChannelConfig), (130 bytes).
    Removing stm32f10x_adc.o(i.ADC_InjectedDiscModeCmd), (22 bytes).
    Removing stm32f10x_adc.o(i.ADC_InjectedSequencerLengthConfig), (24 bytes).
    Removing stm32f10x_adc.o(i.ADC_RegularChannelConfig), (184 bytes).
    Removing stm32f10x_adc.o(i.ADC_ResetCalibration), (10 bytes).
    Removing stm32f10x_adc.o(i.ADC_SetInjectedOffset), (20 bytes).
    Removing stm32f10x_adc.o(i.ADC_SoftwareStartConvCmd), (22 bytes).
    Removing stm32f10x_adc.o(i.ADC_SoftwareStartInjectedConvCmd), (22 bytes).
    Removing stm32f10x_adc.o(i.ADC_StartCalibration), (10 bytes).
    Removing stm32f10x_adc.o(i.ADC_StructInit), (18 bytes).
    Removing stm32f10x_adc.o(i.ADC_TempSensorVrefintCmd), (36 bytes).
    Removing stm32f10x_bkp.o(i.BKP_ClearFlag), (20 bytes).
    Removing stm32f10x_bkp.o(i.BKP_ClearITPendingBit), (20 bytes).
    Removing stm32f10x_bkp.o(i.BKP_DeInit), (16 bytes).
    Removing stm32f10x_bkp.o(i.BKP_GetFlagStatus), (12 bytes).
    Removing stm32f10x_bkp.o(i.BKP_GetITStatus), (12 bytes).
    Removing stm32f10x_bkp.o(i.BKP_ITConfig), (12 bytes).
    Removing stm32f10x_bkp.o(i.BKP_RTCOutputConfig), (28 bytes).
    Removing stm32f10x_bkp.o(i.BKP_ReadBackupRegister), (28 bytes).
    Removing stm32f10x_bkp.o(i.BKP_SetRTCCalibrationValue), (28 bytes).
    Removing stm32f10x_bkp.o(i.BKP_TamperPinCmd), (12 bytes).
    Removing stm32f10x_bkp.o(i.BKP_TamperPinLevelConfig), (12 bytes).
    Removing stm32f10x_bkp.o(i.BKP_WriteBackupRegister), (28 bytes).
    Removing stm32f10x_can.o(i.CAN_CancelTransmit), (48 bytes).
    Removing stm32f10x_can.o(i.CAN_ClearFlag), (56 bytes).
    Removing stm32f10x_can.o(i.CAN_ClearITPendingBit), (168 bytes).
    Removing stm32f10x_can.o(i.CAN_DBGFreeze), (22 bytes).
    Removing stm32f10x_can.o(i.CAN_DeInit), (56 bytes).
    Removing stm32f10x_can.o(i.CAN_FIFORelease), (22 bytes).
    Removing stm32f10x_can.o(i.CAN_FilterInit), (264 bytes).
    Removing stm32f10x_can.o(i.CAN_GetFlagStatus), (120 bytes).
    Removing stm32f10x_can.o(i.CAN_GetITStatus), (288 bytes).
    Removing stm32f10x_can.o(i.CAN_GetLSBTransmitErrorCounter), (12 bytes).
    Removing stm32f10x_can.o(i.CAN_GetLastErrorCode), (12 bytes).
    Removing stm32f10x_can.o(i.CAN_GetReceiveErrorCounter), (10 bytes).
    Removing stm32f10x_can.o(i.CAN_ITConfig), (18 bytes).
    Removing stm32f10x_can.o(i.CAN_Init), (276 bytes).
    Removing stm32f10x_can.o(i.CAN_MessagePending), (30 bytes).
    Removing stm32f10x_can.o(i.CAN_OperatingModeRequest), (162 bytes).
    Removing stm32f10x_can.o(i.CAN_Receive), (240 bytes).
    Removing stm32f10x_can.o(i.CAN_SlaveStartBank), (52 bytes).
    Removing stm32f10x_can.o(i.CAN_Sleep), (30 bytes).
    Removing stm32f10x_can.o(i.CAN_StructInit), (32 bytes).
    Removing stm32f10x_can.o(i.CAN_TTComModeCmd), (118 bytes).
    Removing stm32f10x_can.o(i.CAN_Transmit), (294 bytes).
    Removing stm32f10x_can.o(i.CAN_TransmitStatus), (160 bytes).
    Removing stm32f10x_can.o(i.CAN_WakeUp), (48 bytes).
    Removing stm32f10x_can.o(i.CheckITStatus), (18 bytes).
    Removing stm32f10x_cec.o(i.CEC_ClearFlag), (36 bytes).
    Removing stm32f10x_cec.o(i.CEC_ClearITPendingBit), (36 bytes).
    Removing stm32f10x_cec.o(i.CEC_Cmd), (32 bytes).
    Removing stm32f10x_cec.o(i.CEC_DeInit), (22 bytes).
    Removing stm32f10x_cec.o(i.CEC_EndOfMessageCmd), (12 bytes).
    Removing stm32f10x_cec.o(i.CEC_GetFlagStatus), (48 bytes).
    Removing stm32f10x_cec.o(i.CEC_GetITStatus), (40 bytes).
    Removing stm32f10x_cec.o(i.CEC_ITConfig), (12 bytes).
    Removing stm32f10x_cec.o(i.CEC_Init), (32 bytes).
    Removing stm32f10x_cec.o(i.CEC_OwnAddressConfig), (12 bytes).
    Removing stm32f10x_cec.o(i.CEC_ReceiveDataByte), (12 bytes).
    Removing stm32f10x_cec.o(i.CEC_SendDataByte), (12 bytes).
    Removing stm32f10x_cec.o(i.CEC_SetPrescaler), (12 bytes).
    Removing stm32f10x_cec.o(i.CEC_StartOfMessage), (12 bytes).
    Removing stm32f10x_crc.o(i.CRC_CalcBlockCRC), (36 bytes).
    Removing stm32f10x_crc.o(i.CRC_CalcCRC), (16 bytes).
    Removing stm32f10x_crc.o(i.CRC_GetCRC), (12 bytes).
    Removing stm32f10x_crc.o(i.CRC_GetIDRegister), (12 bytes).
    Removing stm32f10x_crc.o(i.CRC_ResetDR), (12 bytes).
    Removing stm32f10x_crc.o(i.CRC_SetIDRegister), (12 bytes).
    Removing stm32f10x_dac.o(i.DAC_Cmd), (40 bytes).
    Removing stm32f10x_dac.o(i.DAC_DMACmd), (44 bytes).
    Removing stm32f10x_dac.o(i.DAC_DeInit), (22 bytes).
    Removing stm32f10x_dac.o(i.DAC_DualSoftwareTriggerCmd), (36 bytes).
    Removing stm32f10x_dac.o(i.DAC_GetDataOutputValue), (36 bytes).
    Removing stm32f10x_dac.o(i.DAC_Init), (52 bytes).
    Removing stm32f10x_dac.o(i.DAC_SetChannel1Data), (32 bytes).
    Removing stm32f10x_dac.o(i.DAC_SetChannel2Data), (32 bytes).
    Removing stm32f10x_dac.o(i.DAC_SetDualChannelData), (36 bytes).
    Removing stm32f10x_dac.o(i.DAC_SoftwareTriggerCmd), (44 bytes).
    Removing stm32f10x_dac.o(i.DAC_StructInit), (12 bytes).
    Removing stm32f10x_dac.o(i.DAC_WaveGenerationCmd), (40 bytes).
    Removing stm32f10x_dbgmcu.o(i.DBGMCU_Config), (32 bytes).
    Removing stm32f10x_dbgmcu.o(i.DBGMCU_GetDEVID), (16 bytes).
    Removing stm32f10x_dbgmcu.o(i.DBGMCU_GetREVID), (12 bytes).
    Removing stm32f10x_dma.o(i.DMA_ClearFlag), (28 bytes).
    Removing stm32f10x_dma.o(i.DMA_ClearITPendingBit), (28 bytes).
    Removing stm32f10x_dma.o(i.DMA_Cmd), (24 bytes).
    Removing stm32f10x_dma.o(i.DMA_DeInit), (332 bytes).
    Removing stm32f10x_dma.o(i.DMA_GetCurrDataCounter), (8 bytes).
    Removing stm32f10x_dma.o(i.DMA_GetFlagStatus), (44 bytes).
    Removing stm32f10x_dma.o(i.DMA_GetITStatus), (44 bytes).
    Removing stm32f10x_dma.o(i.DMA_ITConfig), (18 bytes).
    Removing stm32f10x_dma.o(i.DMA_Init), (60 bytes).
    Removing stm32f10x_dma.o(i.DMA_SetCurrDataCounter), (4 bytes).
    Removing stm32f10x_dma.o(i.DMA_StructInit), (26 bytes).
    Removing stm32f10x_exti.o(i.EXTI_ClearFlag), (12 bytes).
    Removing stm32f10x_exti.o(i.EXTI_ClearITPendingBit), (12 bytes).
    Removing stm32f10x_exti.o(i.EXTI_DeInit), (36 bytes).
    Removing stm32f10x_exti.o(i.EXTI_GenerateSWInterrupt), (16 bytes).
    Removing stm32f10x_exti.o(i.EXTI_GetFlagStatus), (24 bytes).
    Removing stm32f10x_exti.o(i.EXTI_GetITStatus), (40 bytes).
    Removing stm32f10x_exti.o(i.EXTI_Init), (148 bytes).
    Removing stm32f10x_exti.o(i.EXTI_StructInit), (16 bytes).
    Removing stm32f10x_flash.o(i.FLASH_ClearFlag), (12 bytes).
    Removing stm32f10x_flash.o(i.FLASH_EnableWriteProtection), (196 bytes).
    Removing stm32f10x_flash.o(i.FLASH_EraseAllBank1Pages), (72 bytes).
    Removing stm32f10x_flash.o(i.FLASH_EraseAllPages), (72 bytes).
    Removing stm32f10x_flash.o(i.FLASH_EraseOptionBytes), (168 bytes).
    Removing stm32f10x_flash.o(i.FLASH_ErasePage), (76 bytes).
    Removing stm32f10x_flash.o(i.FLASH_GetBank1Status), (52 bytes).
    Removing stm32f10x_flash.o(i.FLASH_GetFlagStatus), (48 bytes).
    Removing stm32f10x_flash.o(i.FLASH_GetPrefetchBufferStatus), (24 bytes).
    Removing stm32f10x_flash.o(i.FLASH_GetReadOutProtectionStatus), (24 bytes).
    Removing stm32f10x_flash.o(i.FLASH_GetStatus), (52 bytes).
    Removing stm32f10x_flash.o(i.FLASH_GetUserOptionByte), (12 bytes).
    Removing stm32f10x_flash.o(i.FLASH_GetWriteProtectionOptionByte), (12 bytes).
    Removing stm32f10x_flash.o(i.FLASH_HalfCycleAccessCmd), (28 bytes).
    Removing stm32f10x_flash.o(i.FLASH_ITConfig), (32 bytes).
    Removing stm32f10x_flash.o(i.FLASH_Lock), (20 bytes).
    Removing stm32f10x_flash.o(i.FLASH_LockBank1), (20 bytes).
    Removing stm32f10x_flash.o(i.FLASH_PrefetchBufferCmd), (28 bytes).
    Removing stm32f10x_flash.o(i.FLASH_ProgramHalfWord), (64 bytes).
    Removing stm32f10x_flash.o(i.FLASH_ProgramOptionByteData), (84 bytes).
    Removing stm32f10x_flash.o(i.FLASH_ProgramWord), (108 bytes).
    Removing stm32f10x_flash.o(i.FLASH_ReadOutProtection), (172 bytes).
    Removing stm32f10x_flash.o(i.FLASH_SetLatency), (24 bytes).
    Removing stm32f10x_flash.o(i.FLASH_Unlock), (24 bytes).
    Removing stm32f10x_flash.o(i.FLASH_UnlockBank1), (24 bytes).
    Removing stm32f10x_flash.o(i.FLASH_UserOptionByteConfig), (104 bytes).
    Removing stm32f10x_flash.o(i.FLASH_WaitForLastBank1Operation), (38 bytes).
    Removing stm32f10x_flash.o(i.FLASH_WaitForLastOperation), (38 bytes).
    Removing stm32f10x_fsmc.o(i.FSMC_ClearFlag), (64 bytes).
    Removing stm32f10x_fsmc.o(i.FSMC_ClearITPendingBit), (72 bytes).
    Removing stm32f10x_fsmc.o(i.FSMC_GetECC), (28 bytes).
    Removing stm32f10x_fsmc.o(i.FSMC_GetFlagStatus), (56 bytes).
    Removing stm32f10x_fsmc.o(i.FSMC_GetITStatus), (68 bytes).
    Removing stm32f10x_fsmc.o(i.FSMC_ITConfig), (128 bytes).
    Removing stm32f10x_fsmc.o(i.FSMC_NANDCmd), (92 bytes).
    Removing stm32f10x_fsmc.o(i.FSMC_NANDDeInit), (68 bytes).
    Removing stm32f10x_fsmc.o(i.FSMC_NANDECCCmd), (92 bytes).
    Removing stm32f10x_fsmc.o(i.FSMC_NANDInit), (136 bytes).
    Removing stm32f10x_fsmc.o(i.FSMC_NANDStructInit), (54 bytes).
    Removing stm32f10x_fsmc.o(i.FSMC_NORSRAMDeInit), (54 bytes).
    Removing stm32f10x_fsmc.o(i.FSMC_NORSRAMStructInit), (114 bytes).
    Removing stm32f10x_fsmc.o(i.FSMC_PCCARDCmd), (48 bytes).
    Removing stm32f10x_fsmc.o(i.FSMC_PCCARDDeInit), (40 bytes).
    Removing stm32f10x_fsmc.o(i.FSMC_PCCARDInit), (132 bytes).
    Removing stm32f10x_fsmc.o(i.FSMC_PCCARDStructInit), (60 bytes).
    Removing stm32f10x_gpio.o(i.GPIO_AFIODeInit), (20 bytes).
    Removing stm32f10x_gpio.o(i.GPIO_DeInit), (200 bytes).
    Removing stm32f10x_gpio.o(i.GPIO_ETH_MediaInterfaceConfig), (12 bytes).
    Removing stm32f10x_gpio.o(i.GPIO_EXTILineConfig), (64 bytes).
    Removing stm32f10x_gpio.o(i.GPIO_EventOutputCmd), (12 bytes).
    Removing stm32f10x_gpio.o(i.GPIO_EventOutputConfig), (32 bytes).
    Removing stm32f10x_gpio.o(i.GPIO_PinLockConfig), (18 bytes).
    Removing stm32f10x_gpio.o(i.GPIO_PinRemapConfig), (144 bytes).
    Removing stm32f10x_gpio.o(i.GPIO_ReadInputData), (8 bytes).
    Removing stm32f10x_gpio.o(i.GPIO_ReadInputDataBit), (18 bytes).
    Removing stm32f10x_gpio.o(i.GPIO_ReadOutputData), (8 bytes).
    Removing stm32f10x_gpio.o(i.GPIO_ReadOutputDataBit), (18 bytes).
    Removing stm32f10x_gpio.o(i.GPIO_StructInit), (16 bytes).
    Removing stm32f10x_gpio.o(i.GPIO_Write), (4 bytes).
    Removing stm32f10x_gpio.o(i.GPIO_WriteBit), (10 bytes).
    Removing stm32f10x_i2c.o(i.I2C_ARPCmd), (24 bytes).
    Removing stm32f10x_i2c.o(i.I2C_AcknowledgeConfig), (24 bytes).
    Removing stm32f10x_i2c.o(i.I2C_CalculatePEC), (24 bytes).
    Removing stm32f10x_i2c.o(i.I2C_CheckEvent), (42 bytes).
    Removing stm32f10x_i2c.o(i.I2C_ClearFlag), (12 bytes).
    Removing stm32f10x_i2c.o(i.I2C_ClearITPendingBit), (12 bytes).
    Removing stm32f10x_i2c.o(i.I2C_Cmd), (24 bytes).
    Removing stm32f10x_i2c.o(i.I2C_DMACmd), (24 bytes).
    Removing stm32f10x_i2c.o(i.I2C_DMALastTransferCmd), (24 bytes).
    Removing stm32f10x_i2c.o(i.I2C_DeInit), (56 bytes).
    Removing stm32f10x_i2c.o(i.I2C_DualAddressCmd), (24 bytes).
    Removing stm32f10x_i2c.o(i.I2C_FastModeDutyCycleConfig), (28 bytes).
    Removing stm32f10x_i2c.o(i.I2C_GeneralCallCmd), (24 bytes).
    Removing stm32f10x_i2c.o(i.I2C_GenerateSTART), (24 bytes).
    Removing stm32f10x_i2c.o(i.I2C_GenerateSTOP), (24 bytes).
    Removing stm32f10x_i2c.o(i.I2C_GetFlagStatus), (58 bytes).
    Removing stm32f10x_i2c.o(i.I2C_GetITStatus), (38 bytes).
    Removing stm32f10x_i2c.o(i.I2C_GetLastEvent), (26 bytes).
    Removing stm32f10x_i2c.o(i.I2C_GetPEC), (8 bytes).
    Removing stm32f10x_i2c.o(i.I2C_ITConfig), (18 bytes).
    Removing stm32f10x_i2c.o(i.I2C_Init), (236 bytes).
    Removing stm32f10x_i2c.o(i.I2C_NACKPositionConfig), (28 bytes).
    Removing stm32f10x_i2c.o(i.I2C_OwnAddress2Config), (22 bytes).
    Removing stm32f10x_i2c.o(i.I2C_PECPositionConfig), (28 bytes).
    Removing stm32f10x_i2c.o(i.I2C_ReadRegister), (22 bytes).
    Removing stm32f10x_i2c.o(i.I2C_ReceiveData), (8 bytes).
    Removing stm32f10x_i2c.o(i.I2C_SMBusAlertConfig), (28 bytes).
    Removing stm32f10x_i2c.o(i.I2C_Send7bitAddress), (18 bytes).
    Removing stm32f10x_i2c.o(i.I2C_SendData), (4 bytes).
    Removing stm32f10x_i2c.o(i.I2C_SoftwareResetCmd), (22 bytes).
    Removing stm32f10x_i2c.o(i.I2C_StretchClockCmd), (24 bytes).
    Removing stm32f10x_i2c.o(i.I2C_StructInit), (30 bytes).
    Removing stm32f10x_i2c.o(i.I2C_TransmitPEC), (24 bytes).
    Removing stm32f10x_iwdg.o(i.IWDG_Enable), (16 bytes).
    Removing stm32f10x_iwdg.o(i.IWDG_GetFlagStatus), (24 bytes).
    Removing stm32f10x_iwdg.o(i.IWDG_ReloadCounter), (16 bytes).
    Removing stm32f10x_iwdg.o(i.IWDG_SetPrescaler), (12 bytes).
    Removing stm32f10x_iwdg.o(i.IWDG_SetReload), (12 bytes).
    Removing stm32f10x_iwdg.o(i.IWDG_WriteAccessCmd), (12 bytes).
    Removing stm32f10x_pwr.o(i.PWR_BackupAccessCmd), (12 bytes).
    Removing stm32f10x_pwr.o(i.PWR_ClearFlag), (20 bytes).
    Removing stm32f10x_pwr.o(i.PWR_DeInit), (22 bytes).
    Removing stm32f10x_pwr.o(i.PWR_EnterSTANDBYMode), (52 bytes).
    Removing stm32f10x_pwr.o(i.PWR_EnterSTOPMode), (64 bytes).
    Removing stm32f10x_pwr.o(i.PWR_GetFlagStatus), (24 bytes).
    Removing stm32f10x_pwr.o(i.PWR_PVDCmd), (12 bytes).
    Removing stm32f10x_pwr.o(i.PWR_PVDLevelConfig), (24 bytes).
    Removing stm32f10x_pwr.o(i.PWR_WakeUpPinCmd), (12 bytes).
    Removing stm32f10x_rcc.o(i.RCC_ADCCLKConfig), (24 bytes).
    Removing stm32f10x_rcc.o(i.RCC_APB1PeriphClockCmd), (32 bytes).
    Removing stm32f10x_rcc.o(i.RCC_APB1PeriphResetCmd), (32 bytes).
    Removing stm32f10x_rcc.o(i.RCC_APB2PeriphResetCmd), (32 bytes).
    Removing stm32f10x_rcc.o(i.RCC_AdjustHSICalibrationValue), (24 bytes).
    Removing stm32f10x_rcc.o(i.RCC_BackupResetCmd), (12 bytes).
    Removing stm32f10x_rcc.o(i.RCC_ClearFlag), (20 bytes).
    Removing stm32f10x_rcc.o(i.RCC_ClearITPendingBit), (12 bytes).
    Removing stm32f10x_rcc.o(i.RCC_ClockSecuritySystemCmd), (12 bytes).
    Removing stm32f10x_rcc.o(i.RCC_DeInit), (76 bytes).
    Removing stm32f10x_rcc.o(i.RCC_GetFlagStatus), (60 bytes).
    Removing stm32f10x_rcc.o(i.RCC_GetITStatus), (24 bytes).
    Removing stm32f10x_rcc.o(i.RCC_GetSYSCLKSource), (16 bytes).
    Removing stm32f10x_rcc.o(i.RCC_HCLKConfig), (24 bytes).
    Removing stm32f10x_rcc.o(i.RCC_HSEConfig), (76 bytes).
    Removing stm32f10x_rcc.o(i.RCC_HSICmd), (12 bytes).
    Removing stm32f10x_rcc.o(i.RCC_ITConfig), (32 bytes).
    Removing stm32f10x_rcc.o(i.RCC_LSEConfig), (52 bytes).
    Removing stm32f10x_rcc.o(i.RCC_LSICmd), (12 bytes).
    Removing stm32f10x_rcc.o(i.RCC_MCOConfig), (12 bytes).
    Removing stm32f10x_rcc.o(i.RCC_PCLK1Config), (24 bytes).
    Removing stm32f10x_rcc.o(i.RCC_PCLK2Config), (24 bytes).
    Removing stm32f10x_rcc.o(i.RCC_PLLCmd), (12 bytes).
    Removing stm32f10x_rcc.o(i.RCC_PLLConfig), (28 bytes).
    Removing stm32f10x_rcc.o(i.RCC_RTCCLKCmd), (12 bytes).
    Removing stm32f10x_rcc.o(i.RCC_RTCCLKConfig), (16 bytes).
    Removing stm32f10x_rcc.o(i.RCC_SYSCLKConfig), (24 bytes).
    Removing stm32f10x_rcc.o(i.RCC_USBCLKConfig), (12 bytes).
    Removing stm32f10x_rcc.o(i.RCC_WaitForHSEStartUp), (56 bytes).
    Removing stm32f10x_rtc.o(i.RTC_ClearFlag), (16 bytes).
    Removing stm32f10x_rtc.o(i.RTC_EnterConfigMode), (20 bytes).
    Removing stm32f10x_rtc.o(i.RTC_ExitConfigMode), (20 bytes).
    Removing stm32f10x_rtc.o(i.RTC_GetCounter), (20 bytes).
    Removing stm32f10x_rtc.o(i.RTC_GetDivider), (24 bytes).
    Removing stm32f10x_rtc.o(i.RTC_GetFlagStatus), (24 bytes).
    Removing stm32f10x_rtc.o(i.RTC_ITConfig), (32 bytes).
    Removing stm32f10x_rtc.o(i.RTC_SetAlarm), (28 bytes).
    Removing stm32f10x_rtc.o(i.RTC_SetCounter), (28 bytes).
    Removing stm32f10x_rtc.o(i.RTC_SetPrescaler), (32 bytes).
    Removing stm32f10x_rtc.o(i.RTC_WaitForLastTask), (20 bytes).
    Removing stm32f10x_rtc.o(i.RTC_WaitForSynchro), (36 bytes).
    Removing stm32f10x_sdio.o(i.SDIO_CEATAITCmd), (16 bytes).
    Removing stm32f10x_sdio.o(i.SDIO_ClearFlag), (12 bytes).
    Removing stm32f10x_sdio.o(i.SDIO_ClearITPendingBit), (12 bytes).
    Removing stm32f10x_sdio.o(i.SDIO_ClockCmd), (12 bytes).
    Removing stm32f10x_sdio.o(i.SDIO_CmdStructInit), (14 bytes).
    Removing stm32f10x_sdio.o(i.SDIO_CommandCompletionCmd), (12 bytes).
    Removing stm32f10x_sdio.o(i.SDIO_DMACmd), (12 bytes).
    Removing stm32f10x_sdio.o(i.SDIO_DataConfig), (48 bytes).
    Removing stm32f10x_sdio.o(i.SDIO_DataStructInit), (20 bytes).
    Removing stm32f10x_sdio.o(i.SDIO_DeInit), (36 bytes).
    Removing stm32f10x_sdio.o(i.SDIO_GetCommandResponse), (12 bytes).
    Removing stm32f10x_sdio.o(i.SDIO_GetDataCounter), (12 bytes).
    Removing stm32f10x_sdio.o(i.SDIO_GetFIFOCount), (12 bytes).
    Removing stm32f10x_sdio.o(i.SDIO_GetFlagStatus), (24 bytes).
    Removing stm32f10x_sdio.o(i.SDIO_GetITStatus), (24 bytes).
    Removing stm32f10x_sdio.o(i.SDIO_GetPowerState), (16 bytes).
    Removing stm32f10x_sdio.o(i.SDIO_GetResponse), (24 bytes).
    Removing stm32f10x_sdio.o(i.SDIO_ITConfig), (32 bytes).
    Removing stm32f10x_sdio.o(i.SDIO_Init), (48 bytes).
    Removing stm32f10x_sdio.o(i.SDIO_ReadData), (12 bytes).
    Removing stm32f10x_sdio.o(i.SDIO_SendCEATACmd), (12 bytes).
    Removing stm32f10x_sdio.o(i.SDIO_SendCommand), (44 bytes).
    Removing stm32f10x_sdio.o(i.SDIO_SendSDIOSuspendCmd), (12 bytes).
    Removing stm32f10x_sdio.o(i.SDIO_SetPowerState), (28 bytes).
    Removing stm32f10x_sdio.o(i.SDIO_SetSDIOOperation), (12 bytes).
    Removing stm32f10x_sdio.o(i.SDIO_SetSDIOReadWaitMode), (12 bytes).
    Removing stm32f10x_sdio.o(i.SDIO_StartSDIOReadWait), (12 bytes).
    Removing stm32f10x_sdio.o(i.SDIO_StopSDIOReadWait), (12 bytes).
    Removing stm32f10x_sdio.o(i.SDIO_StructInit), (16 bytes).
    Removing stm32f10x_sdio.o(i.SDIO_WriteData), (12 bytes).
    Removing stm32f10x_spi.o(i.I2S_Cmd), (24 bytes).
    Removing stm32f10x_spi.o(i.I2S_Init), (232 bytes).
    Removing stm32f10x_spi.o(i.I2S_StructInit), (20 bytes).
    Removing stm32f10x_spi.o(i.SPI_BiDirectionalLineConfig), (28 bytes).
    Removing stm32f10x_spi.o(i.SPI_CalculateCRC), (24 bytes).
    Removing stm32f10x_spi.o(i.SPI_Cmd), (24 bytes).
    Removing stm32f10x_spi.o(i.SPI_DataSizeConfig), (18 bytes).
    Removing stm32f10x_spi.o(i.SPI_GetCRC), (16 bytes).
    Removing stm32f10x_spi.o(i.SPI_GetCRCPolynomial), (6 bytes).
    Removing stm32f10x_spi.o(i.SPI_I2S_ClearFlag), (6 bytes).
    Removing stm32f10x_spi.o(i.SPI_I2S_ClearITPendingBit), (20 bytes).
    Removing stm32f10x_spi.o(i.SPI_I2S_DMACmd), (18 bytes).
    Removing stm32f10x_spi.o(i.SPI_I2S_DeInit), (88 bytes).
    Removing stm32f10x_spi.o(i.SPI_I2S_GetFlagStatus), (18 bytes).
    Removing stm32f10x_spi.o(i.SPI_I2S_GetITStatus), (52 bytes).
    Removing stm32f10x_spi.o(i.SPI_I2S_ITConfig), (32 bytes).
    Removing stm32f10x_spi.o(i.SPI_I2S_ReceiveData), (6 bytes).
    Removing stm32f10x_spi.o(i.SPI_I2S_SendData), (4 bytes).
    Removing stm32f10x_spi.o(i.SPI_Init), (60 bytes).
    Removing stm32f10x_spi.o(i.SPI_NSSInternalSoftwareConfig), (30 bytes).
    Removing stm32f10x_spi.o(i.SPI_SSOutputCmd), (24 bytes).
    Removing stm32f10x_spi.o(i.SPI_StructInit), (24 bytes).
    Removing stm32f10x_spi.o(i.SPI_TransmitCRC), (10 bytes).
    Removing stm32f10x_tim.o(i.TI1_Config), (128 bytes).
    Removing stm32f10x_tim.o(i.TI2_Config), (152 bytes).
    Removing stm32f10x_tim.o(i.TI3_Config), (144 bytes).
    Removing stm32f10x_tim.o(i.TI4_Config), (152 bytes).
    Removing stm32f10x_tim.o(i.TIM_ARRPreloadConfig), (24 bytes).
    Removing stm32f10x_tim.o(i.TIM_BDTRConfig), (32 bytes).
    Removing stm32f10x_tim.o(i.TIM_BDTRStructInit), (18 bytes).
    Removing stm32f10x_tim.o(i.TIM_CCPreloadControl), (24 bytes).
    Removing stm32f10x_tim.o(i.TIM_CCxCmd), (30 bytes).
    Removing stm32f10x_tim.o(i.TIM_CCxNCmd), (30 bytes).
    Removing stm32f10x_tim.o(i.TIM_ClearFlag), (6 bytes).
    Removing stm32f10x_tim.o(i.TIM_ClearITPendingBit), (6 bytes).
    Removing stm32f10x_tim.o(i.TIM_ClearOC1Ref), (18 bytes).
    Removing stm32f10x_tim.o(i.TIM_ClearOC2Ref), (24 bytes).
    Removing stm32f10x_tim.o(i.TIM_ClearOC3Ref), (18 bytes).
    Removing stm32f10x_tim.o(i.TIM_ClearOC4Ref), (24 bytes).
    Removing stm32f10x_tim.o(i.TIM_Cmd), (24 bytes).
    Removing stm32f10x_tim.o(i.TIM_CounterModeConfig), (18 bytes).
    Removing stm32f10x_tim.o(i.TIM_CtrlPWMOutputs), (30 bytes).
    Removing stm32f10x_tim.o(i.TIM_DMACmd), (18 bytes).
    Removing stm32f10x_tim.o(i.TIM_DMAConfig), (10 bytes).
    Removing stm32f10x_tim.o(i.TIM_DeInit), (488 bytes).
    Removing stm32f10x_tim.o(i.TIM_ETRClockMode1Config), (54 bytes).
    Removing stm32f10x_tim.o(i.TIM_ETRClockMode2Config), (32 bytes).
    Removing stm32f10x_tim.o(i.TIM_ETRConfig), (28 bytes).
    Removing stm32f10x_tim.o(i.TIM_EncoderInterfaceConfig), (66 bytes).
    Removing stm32f10x_tim.o(i.TIM_ForcedOC1Config), (18 bytes).
    Removing stm32f10x_tim.o(i.TIM_ForcedOC2Config), (26 bytes).
    Removing stm32f10x_tim.o(i.TIM_ForcedOC3Config), (18 bytes).
    Removing stm32f10x_tim.o(i.TIM_ForcedOC4Config), (26 bytes).
    Removing stm32f10x_tim.o(i.TIM_GenerateEvent), (4 bytes).
    Removing stm32f10x_tim.o(i.TIM_GetCapture1), (6 bytes).
    Removing stm32f10x_tim.o(i.TIM_GetCapture2), (6 bytes).
    Removing stm32f10x_tim.o(i.TIM_GetCapture3), (6 bytes).
    Removing stm32f10x_tim.o(i.TIM_GetCapture4), (8 bytes).
    Removing stm32f10x_tim.o(i.TIM_GetCounter), (6 bytes).
    Removing stm32f10x_tim.o(i.TIM_GetFlagStatus), (18 bytes).
    Removing stm32f10x_tim.o(i.TIM_GetITStatus), (34 bytes).
    Removing stm32f10x_tim.o(i.TIM_GetPrescaler), (6 bytes).
    Removing stm32f10x_tim.o(i.TIM_ICInit), (172 bytes).
    Removing stm32f10x_tim.o(i.TIM_ICStructInit), (18 bytes).
    Removing stm32f10x_tim.o(i.TIM_ITConfig), (18 bytes).
    Removing stm32f10x_tim.o(i.TIM_ITRxExternalClockConfig), (24 bytes).
    Removing stm32f10x_tim.o(i.TIM_InternalClockConfig), (12 bytes).
    Removing stm32f10x_tim.o(i.TIM_OC1FastConfig), (18 bytes).
    Removing stm32f10x_tim.o(i.TIM_OC1Init), (152 bytes).
    Removing stm32f10x_tim.o(i.TIM_OC1NPolarityConfig), (18 bytes).
    Removing stm32f10x_tim.o(i.TIM_OC1PolarityConfig), (18 bytes).
    Removing stm32f10x_tim.o(i.TIM_OC1PreloadConfig), (18 bytes).
    Removing stm32f10x_tim.o(i.TIM_OC2FastConfig), (26 bytes).
    Removing stm32f10x_tim.o(i.TIM_OC2Init), (164 bytes).
    Removing stm32f10x_tim.o(i.TIM_OC2NPolarityConfig), (26 bytes).
    Removing stm32f10x_tim.o(i.TIM_OC2PolarityConfig), (26 bytes).
    Removing stm32f10x_tim.o(i.TIM_OC2PreloadConfig), (26 bytes).
    Removing stm32f10x_tim.o(i.TIM_OC3FastConfig), (18 bytes).
    Removing stm32f10x_tim.o(i.TIM_OC3Init), (160 bytes).
    Removing stm32f10x_tim.o(i.TIM_OC3NPolarityConfig), (26 bytes).
    Removing stm32f10x_tim.o(i.TIM_OC3PolarityConfig), (26 bytes).
    Removing stm32f10x_tim.o(i.TIM_OC3PreloadConfig), (18 bytes).
    Removing stm32f10x_tim.o(i.TIM_OC4FastConfig), (26 bytes).
    Removing stm32f10x_tim.o(i.TIM_OC4Init), (124 bytes).
    Removing stm32f10x_tim.o(i.TIM_OC4PolarityConfig), (26 bytes).
    Removing stm32f10x_tim.o(i.TIM_OC4PreloadConfig), (26 bytes).
    Removing stm32f10x_tim.o(i.TIM_OCStructInit), (20 bytes).
    Removing stm32f10x_tim.o(i.TIM_PWMIConfig), (124 bytes).
    Removing stm32f10x_tim.o(i.TIM_PrescalerConfig), (6 bytes).
    Removing stm32f10x_tim.o(i.TIM_SelectCCDMA), (24 bytes).
    Removing stm32f10x_tim.o(i.TIM_SelectCOM), (24 bytes).
    Removing stm32f10x_tim.o(i.TIM_SelectHallSensor), (24 bytes).
    Removing stm32f10x_tim.o(i.TIM_SelectInputTrigger), (18 bytes).
    Removing stm32f10x_tim.o(i.TIM_SelectMasterSlaveMode), (18 bytes).
    Removing stm32f10x_tim.o(i.TIM_SelectOCxM), (82 bytes).
    Removing stm32f10x_tim.o(i.TIM_SelectOnePulseMode), (18 bytes).
    Removing stm32f10x_tim.o(i.TIM_SelectOutputTrigger), (18 bytes).
    Removing stm32f10x_tim.o(i.TIM_SelectSlaveMode), (18 bytes).
    Removing stm32f10x_tim.o(i.TIM_SetAutoreload), (4 bytes).
    Removing stm32f10x_tim.o(i.TIM_SetClockDivision), (18 bytes).
    Removing stm32f10x_tim.o(i.TIM_SetCompare1), (4 bytes).
    Removing stm32f10x_tim.o(i.TIM_SetCompare2), (4 bytes).
    Removing stm32f10x_tim.o(i.TIM_SetCompare3), (4 bytes).
    Removing stm32f10x_tim.o(i.TIM_SetCompare4), (6 bytes).
    Removing stm32f10x_tim.o(i.TIM_SetCounter), (4 bytes).
    Removing stm32f10x_tim.o(i.TIM_SetIC1Prescaler), (18 bytes).
    Removing stm32f10x_tim.o(i.TIM_SetIC2Prescaler), (26 bytes).
    Removing stm32f10x_tim.o(i.TIM_SetIC3Prescaler), (18 bytes).
    Removing stm32f10x_tim.o(i.TIM_SetIC4Prescaler), (26 bytes).
    Removing stm32f10x_tim.o(i.TIM_TIxExternalClockConfig), (62 bytes).
    Removing stm32f10x_tim.o(i.TIM_TimeBaseInit), (164 bytes).
    Removing stm32f10x_tim.o(i.TIM_TimeBaseStructInit), (18 bytes).
    Removing stm32f10x_tim.o(i.TIM_UpdateDisableConfig), (24 bytes).
    Removing stm32f10x_tim.o(i.TIM_UpdateRequestConfig), (24 bytes).
    Removing stm32f10x_usart.o(i.USART_ClearFlag), (18 bytes).
    Removing stm32f10x_usart.o(i.USART_ClearITPendingBit), (30 bytes).
    Removing stm32f10x_usart.o(i.USART_ClockInit), (34 bytes).
    Removing stm32f10x_usart.o(i.USART_ClockStructInit), (12 bytes).
    Removing stm32f10x_usart.o(i.USART_DMACmd), (18 bytes).
    Removing stm32f10x_usart.o(i.USART_DeInit), (156 bytes).
    Removing stm32f10x_usart.o(i.USART_GetITStatus), (84 bytes).
    Removing stm32f10x_usart.o(i.USART_HalfDuplexCmd), (24 bytes).
    Removing stm32f10x_usart.o(i.USART_IrDACmd), (24 bytes).
    Removing stm32f10x_usart.o(i.USART_IrDAConfig), (18 bytes).
    Removing stm32f10x_usart.o(i.USART_LINBreakDetectLengthConfig), (18 bytes).
    Removing stm32f10x_usart.o(i.USART_LINCmd), (24 bytes).
    Removing stm32f10x_usart.o(i.USART_OneBitMethodCmd), (24 bytes).
    Removing stm32f10x_usart.o(i.USART_OverSampling8Cmd), (22 bytes).
    Removing stm32f10x_usart.o(i.USART_ReceiverWakeUpCmd), (24 bytes).
    Removing stm32f10x_usart.o(i.USART_SendBreak), (10 bytes).
    Removing stm32f10x_usart.o(i.USART_SetAddress), (18 bytes).
    Removing stm32f10x_usart.o(i.USART_SetGuardTime), (16 bytes).
    Removing stm32f10x_usart.o(i.USART_SetPrescaler), (16 bytes).
    Removing stm32f10x_usart.o(i.USART_SmartCardCmd), (24 bytes).
    Removing stm32f10x_usart.o(i.USART_SmartCardNACKCmd), (24 bytes).
    Removing stm32f10x_usart.o(i.USART_StructInit), (24 bytes).
    Removing stm32f10x_usart.o(i.USART_WakeUpConfig), (18 bytes).
    Removing stm32f10x_wwdg.o(i.WWDG_ClearFlag), (12 bytes).
    Removing stm32f10x_wwdg.o(i.WWDG_DeInit), (22 bytes).
    Removing stm32f10x_wwdg.o(i.WWDG_Enable), (16 bytes).
    Removing stm32f10x_wwdg.o(i.WWDG_EnableIT), (12 bytes).
    Removing stm32f10x_wwdg.o(i.WWDG_GetFlagStatus), (12 bytes).
    Removing stm32f10x_wwdg.o(i.WWDG_SetCounter), (16 bytes).
    Removing stm32f10x_wwdg.o(i.WWDG_SetPrescaler), (24 bytes).
    Removing stm32f10x_wwdg.o(i.WWDG_SetWindowValue), (40 bytes).
    Removing bsp_can.o(i.CAN_Config), (20 bytes).
    Removing bsp_can.o(i.CAN_Filter_Config), (68 bytes).
    Removing bsp_can.o(i.CAN_GPIO_Config), (60 bytes).
    Removing bsp_can.o(i.CAN_Mode_Config), (88 bytes).
    Removing bsp_can.o(i.CAN_NVIC_Config), (40 bytes).
    Removing bsp_can.o(i.CAN_ReciveMsg), (132 bytes).
    Removing bsp_can.o(i.CAN_SendMsg), (112 bytes).
    Removing bsp_lcd7_0.o(i.MD070SD_Draw_Circle), (492 bytes).
    Removing bsp_lcd7_0.o(i.MD070SD_Draw_Cross), (108 bytes).
    Removing bsp_lcd7_0.o(i.MD070SD_Set_BackLight), (18 bytes).
    Removing bsp_lcd7_0.o(i.MD070SD_Set_Backcolor), (32 bytes).
    Removing bsp_lcd7_0.o(i.MD070SD_Set_Txtcolor), (12 bytes).
    Removing bsp_lcd7_0.o(i.MD070SD_ShowChar_Ch), (184 bytes).
    Removing bsp_lcd7_0.o(i.MD070SD_ShowChar_En), (188 bytes).
    Removing bsp_lcd7_0.o(i.MD070SD_ShowString_Ch), (158 bytes).
    Removing bsp_lcd7_0.o(i.MD070SD_ShowString_En), (144 bytes).
    Removing bsp_rtc.o(i.Alarm_Handle), (24 bytes).
    Removing bsp_rtc.o(i.Is_LeapYear), (50 bytes).
    Removing bsp_rtc.o(i.RTC_Alarm_Set), (236 bytes).
    Removing bsp_rtc.o(i.RTC_Get), (296 bytes).
    Removing bsp_rtc.o(i.RTC_Get_Week), (160 bytes).
    Removing bsp_rtc.o(i.RTC_Init), (348 bytes).
    Removing bsp_rtc.o(i.RTC_NVIC_Conflig), (32 bytes).
    Removing bsp_rtc.o(i.RTC_Set), (236 bytes).
    Removing bsp_rtc.o(i.Update_Handle), (84 bytes).
    Removing bsp_rtc.o(.constdata), (48 bytes).
    Removing bsp_timer.o(i.Timer2_Init), (102 bytes).
    Removing bsp_usart.o(i.Usart_SendArray), (60 bytes).
    Removing bsp_usart.o(i.Usart_SendHalfWord), (52 bytes).
    Removing bsp_usart.o(i.Usart_SendString), (54 bytes).
    Removing bsp_usart.o(i.fgetc), (32 bytes).
    Removing bsp_usart.o(i.fputc), (36 bytes).
    Removing gui_x.o(i.GUI_X_Delay), (24 bytes).
    Removing gui_x.o(i.GUI_X_ErrorOut), (2 bytes).
    Removing gui_x.o(i.GUI_X_ExecIdle), (2 bytes).
    Removing gui_x.o(i.GUI_X_GetTime), (12 bytes).
    Removing gui_x.o(i.GUI_X_Log), (2 bytes).
    Removing gui_x.o(i.GUI_X_Warn), (2 bytes).
    Removing gui_x.o(.data), (4 bytes).
    Removing GUICC_M565.o(.text), (0 bytes).
    Removing GUICC_M565.o(.data), (0 bytes).
    Removing GUICC_M565.o(.text.GUICC_M565_SetCustColorConv), (12 bytes).
    Removing GUI_Alloc.o(.text), (0 bytes).
    Removing GUI_Alloc.o(.data), (0 bytes).
    Removing GUI_Alloc.o(.text.GUI_ALLOC_Exit), (56 bytes).
    Removing GUI_Alloc.o(.text.GUI_ALLOC_p2h), (6 bytes).
    Removing GUI_Alloc.o(.text.GUI_ALLOC_GetNumFreeBytes), (16 bytes).
    Removing GUI_Alloc.o(.text.GUI_ALLOC_GetNumFreeBlocks), (12 bytes).
    Removing GUI_Alloc.o(.text.GUI_ALLOC_GetNumUsedBytes), (16 bytes).
    Removing GUI_Alloc.o(.text.GUI_ALLOC_GetMaxUsedBytes), (12 bytes).
    Removing GUI_Alloc.o(.text.GUI_ALLOC_GetMemInfo), (44 bytes).
    Removing GUI_Alloc.o(.text.GUI_ALLOC_SuppressPeak), (20 bytes).
    Removing GUI_Alloc.o(.text.GUI_ALLOC_GetNumUsedBlocks), (16 bytes).
    Removing GUI_Alloc.o(.text.GUI_ALLOC_Lock), (16 bytes).
    Removing GUI_Alloc.o(.text.GUI_ALLOC_Unlock), (16 bytes).
    Removing GUI_Alloc.o(.text.GUI_ALLOC_SetAvBlockSize), (28 bytes).
    Removing GUI_Alloc.o(.text.GUI_ALLOC_GetSize), (24 bytes).
    Removing GUI_Alloc.o(.text.GUI_ALLOC_FreePtr), (16 bytes).
    Removing GUI_Alloc.o(.text.GUI_ALLOC_FreePtrArray), (26 bytes).
    Removing GUI_Alloc.o(.text.GUI_ALLOC_SetMaxPercentage), (24 bytes).
    Removing GUI_Alloc.o(.text.GUI_ALLOC_AllocInit), (68 bytes).
    Removing GUI_Alloc.o(.text.GUI_ALLOC_Realloc), (92 bytes).
    Removing GUI_Common.o(.text), (0 bytes).
    Removing GUI_Common.o(.bss), (8 bytes).
    Removing GUI_Common.o(.text._DrawTextLine), (160 bytes).
    Removing GUI_Common.o(.text._cbDrawTextLine), (20 bytes).
    Removing GUI_Common.o(.text._cbDrawTextStyle), (40 bytes).
    Removing GUI_Common.o(.text.GUI__GetFontSizeY), (20 bytes).
    Removing GUI_Common.o(.text.GUI__InvertRectColors), (84 bytes).
    Removing GUI_Common.o(.text.GUI_AddBin), (34 bytes).
    Removing GUI_Common.o(.text.GUI_AddRect), (6 bytes).
    Removing GUI_Common.o(.text.GUI_Long2Len), (48 bytes).
    Removing GUI_Common.o(.text.GUI_AddSign), (22 bytes).
    Removing GUI_Common.o(.text.GUI_AddDecShift), (164 bytes).
    Removing GUI_Common.o(.text.GUI_AddHex), (48 bytes).
    Removing GUI_Common.o(.text.GUI_Color2Index), (4 bytes).
    Removing GUI_Common.o(.text.GUI_Color2VisColor), (14 bytes).
    Removing GUI_Common.o(.text.GUI_ColorIsAvailable), (16 bytes).
    Removing GUI_Common.o(.text.GUI_CalcVisColorError), (20 bytes).
    Removing GUI_Common.o(.text.GUI_DispBin), (26 bytes).
    Removing GUI_Common.o(.text.GUI_DispBinAt), (36 bytes).
    Removing GUI_Common.o(.text.GUI_DispCEOL), (48 bytes).
    Removing GUI_Common.o(.text.GUI_DispHex), (24 bytes).
    Removing GUI_Common.o(.text.GUI_DispHexAt), (34 bytes).
    Removing GUI_Common.o(.text.GUI_GetClientRect), (8 bytes).
    Removing GUI_Common.o(.text.GUI_GetBkColorIndex), (4 bytes).
    Removing GUI_Common.o(.text.GUI_GetDispPosX), (16 bytes).
    Removing GUI_Common.o(.text.GUI_GetDispPosY), (16 bytes).
    Removing GUI_Common.o(.text.GUI_GetDrawMode), (12 bytes).
    Removing GUI_Common.o(.text.GUI_GetFont), (12 bytes).
    Removing GUI_Common.o(.text.GUI_GetFontInfo), (36 bytes).
    Removing GUI_Common.o(.text.GUI_GetFontSizeY), (4 bytes).
    Removing GUI_Common.o(.text.GUI_GetLineStyle), (12 bytes).
    Removing GUI_Common.o(.text.GUI__GetOrg), (28 bytes).
    Removing GUI_Common.o(.text.GUI_GetTextAlign), (16 bytes).
    Removing GUI_Common.o(.text.GUI_GetTextExtend), (140 bytes).
    Removing GUI_Common.o(.text.GUI_GetTextMode), (16 bytes).
    Removing GUI_Common.o(.text.GUI_GetYSizeOfFont), (8 bytes).
    Removing GUI_Common.o(.text.GUI_GetYDistOfFont), (4 bytes).
    Removing GUI_Common.o(.text.GUI_Index2Color), (4 bytes).
    Removing GUI_Common.o(.text.GUI_Exec1), (64 bytes).
    Removing GUI_Common.o(.text.GUI_Exec), (18 bytes).
    Removing GUI_Common.o(.text.GUI_GetBitmapPixelIndexEx), (136 bytes).
    Removing GUI_Common.o(.text.GUI_GetBitmapPixelIndex), (24 bytes).
    Removing GUI_Common.o(.text.GUI_GetBitmapPixelColor), (30 bytes).
    Removing GUI_Common.o(.text.GUI_GotoX), (16 bytes).
    Removing GUI_Common.o(.text.GUI_GotoY), (16 bytes).
    Removing GUI_Common.o(.text.GUI_IsInFont), (16 bytes).
    Removing GUI_Common.o(.text.GUI_GetPenSize), (12 bytes).
    Removing GUI_Common.o(.text.GUI_GetPenShape), (12 bytes).
    Removing GUI_Common.o(.text.GUI_SetPenSize), (16 bytes).
    Removing GUI_Common.o(.text.GUI_SetPenShape), (16 bytes).
    Removing GUI_Common.o(.text.GUI_MagnifyPolygon), (44 bytes).
    Removing GUI_Common.o(.text.GUI_RotatePolygon), (116 bytes).
    Removing GUI_Common.o(.text.GUI_SaveContext_W), (20 bytes).
    Removing GUI_Common.o(.text.GUI_RestoreContext), (20 bytes).
    Removing GUI_Common.o(.text.GUI_SetScreenSizeX), (12 bytes).
    Removing GUI_Common.o(.text.GUI_SetScreenSizeY), (12 bytes).
    Removing GUI_Common.o(.text.GUI_GetScreenSizeX), (24 bytes).
    Removing GUI_Common.o(.text.GUI_GetScreenSizeY), (24 bytes).
    Removing GUI_Common.o(.text.GUI_SetClipRect), (4 bytes).
    Removing GUI_Common.o(.text.GUI_SetBkColorIndex), (20 bytes).
    Removing GUI_Common.o(.text.GUI_SetColorIndex), (20 bytes).
    Removing GUI_Common.o(.text.GUI_SetDecChar), (16 bytes).
    Removing GUI_Common.o(.text.GUI_GetDecChar), (12 bytes).
    Removing GUI_Common.o(.text.GUI_SetLBorder), (20 bytes).
    Removing GUI_Common.o(.text.GUI_SetLineStyle), (16 bytes).
    Removing GUI_Common.o(.text.GUI_SetTextMode), (20 bytes).
    Removing GUI_Common.o(.text.GL_SetDefault), (72 bytes).
    Removing GUI_Common.o(.text.GUI_SetDefault), (4 bytes).
    Removing GUI_Common.o(.text.GUI_SetTextStyle), (52 bytes).
    Removing GUI_Common.o(.text.GUI_SetStrikeWidth), (16 bytes).
    Removing GUI_Common.o(.text.GUI_WaitKey), (24 bytes).
    Removing GUI_Common.o(.rodata), (56 bytes).
    Removing GUI_Core.o(.text), (0 bytes).
    Removing GUI_Core.o(.text.GUI_SetFuncGetpPalConvTable), (12 bytes).
    Removing GUI_Core.o(.text.GUI_SetDefaultBkColor), (12 bytes).
    Removing GUI_Core.o(.text.GUI_SetDefaultColor), (12 bytes).
    Removing GUI_Core.o(.text.GUI_GetDefaultBkColor), (12 bytes).
    Removing GUI_Core.o(.text.GUI_GetDefaultColor), (12 bytes).
    Removing GUI_Core.o(.text.GUI_GetDefaultFont), (12 bytes).
    Removing GUI_Core.o(.text.GUI_ClearRectEx), (20 bytes).
    Removing GUI_Core.o(.text.GUI__RegisterInit), (36 bytes).
    Removing GUI_Core.o(.text.GUI_IsInitialized), (20 bytes).
    Removing GUI_Core.o(.text.GUI_Exit), (92 bytes).
    Removing GUI_Core.o(.text.GUI_SetAfterInitHook), (32 bytes).
    Removing GUI_Core.o(.text.GUI_RegisterAfterInitHook), (30 bytes).
    Removing GUI_Core.o(.text.GUI_DCACHE_SetClearCacheHook), (28 bytes).
    Removing GUI_Core.o(.text.GUI_DCACHE_Clear), (36 bytes).
    Removing GUI_Core.o(.text.GUI_SetFuncDrawM565), (76 bytes).
    Removing GUI_Core.o(.text.GUI_SetpfMemset), (28 bytes).
    Removing GUI_Core.o(.text.GUI_SetpfMemcpy), (28 bytes).
    Removing GUI_Device.o(.text), (0 bytes).
    Removing GUI_Device.o(.data), (0 bytes).
    Removing GUI_Device.o(.bss), (0 bytes).
    Removing GUI_Device.o(.text.GUI_DEVICE__GetpDevice), (36 bytes).
    Removing GUI_Device.o(.text.GUI_DEVICE_UnlinkTaskDevices), (4 bytes).
    Removing GUI_Device.o(.text.GUI_DEVICE_LinkDevices), (16 bytes).
    Removing GUI_DispString.o(.text), (0 bytes).
    Removing GUI_DispString.o(.data), (0 bytes).
    Removing GUI_DispString.o(.bss), (0 bytes).
    Removing GUI_DispString.o(.text.GUI_DispStringAtCEOL), (14 bytes).
    Removing GUI_DispString.o(.text.GUI_DispStringLen), (42 bytes).
    Removing GUI_DispString.o(.text.GUI__DispStringInRect), (332 bytes).
    Removing GUI_DispString.o(.text.GUI_DispStringInRectMax), (70 bytes).
    Removing GUI_DispString.o(.text.GUI_DispStringInRect), (8 bytes).
    Removing GUI_DispString.o(.text.GUI_WrapGetNumLines), (32 bytes).
    Removing GUI_DispString.o(.text.GUI_DispStringInRectWrap), (324 bytes).
    Removing GUI_DispString.o(.text.GUI_DispStringInRectWrapEx), (664 bytes).
    Removing GUI_DispString.o(.text.GUI_GetStringDistX), (20 bytes).
    Removing GUI_DrawLib.o(.text), (0 bytes).
    Removing GUI_DrawLib.o(.data), (0 bytes).
    Removing GUI_DrawLib.o(.bss), (0 bytes).
    Removing GUI_DrawLib.o(.text.GUI_DrawHLine), (72 bytes).
    Removing GUI_DrawLib.o(.text.GUI_DrawPie), (96 bytes).
    Removing GUI_DrawLib.o(.text.GUI_DrawPixel), (68 bytes).
    Removing GUI_DrawLib.o(.text.GL_DrawPoint), (32 bytes).
    Removing GUI_DrawLib.o(.text.GUI_DrawPoint), (48 bytes).
    Removing GUI_DrawLib.o(.text.GL_DrawPolygon), (98 bytes).
    Removing GUI_DrawLib.o(.text.GUI_DrawPolygon), (64 bytes).
    Removing GUI_DrawLib.o(.text.GUI_DrawPolyLine), (108 bytes).
    Removing GUI_DrawLib.o(.text.GUI_DrawVLine), (68 bytes).
    Removing GUI_DrawLib.o(.text.GUI_FillRectEx), (20 bytes).
    Removing GUI_DrawLib.o(.text.GUI_InvertRect), (96 bytes).
    Removing GUI_DrawLib.o(.text.GUI_DrawBitmapExp), (172 bytes).
    Removing GUI_DrawLib.o(.text.GUI_DrawBitmapHWAlpha), (112 bytes).
    Removing GUI_DrawLib.o(.text.GUI_DrawBitmapMag), (240 bytes).
    Removing GUI_DrawLib.o(.text.GUI_DrawFocusRect), (156 bytes).
    Removing LCD_GetEx.o(.text), (0 bytes).
    Removing LCD_GetEx.o(.data), (0 bytes).
    Removing LCD_GetEx.o(.text.LCD_GetXMagEx), (6 bytes).
    Removing LCD_GetEx.o(.text.LCD_GetYMagEx), (6 bytes).
    Removing LCD_GetEx.o(.text.LCD_GetMirrorXEx), (6 bytes).
    Removing LCD_GetEx.o(.text.LCD_GetMirrorYEx), (6 bytes).
    Removing LCD_GetEx.o(.text.LCD_GetSwapXYEx), (6 bytes).
    Removing LCD_GetEx.o(.text.LCD_GetXSize), (16 bytes).
    Removing LCD_GetEx.o(.text.LCD_GetYSize), (16 bytes).
    Removing LCD_GetEx.o(.text.LCD_GetVXSize), (16 bytes).
    Removing LCD_GetEx.o(.text.LCD_GetVYSize), (16 bytes).
    Removing LCD_GetEx.o(.text.LCD_GetBitsPerPixel), (16 bytes).
    Removing LCD_GetEx.o(.text.LCD_GetXMag), (16 bytes).
    Removing LCD_GetEx.o(.text.LCD_GetYMag), (16 bytes).
    Removing LCD_GetEx.o(.text.LCD_GetMirrorX), (16 bytes).
    Removing LCD_GetEx.o(.text.LCD_GetMirrorY), (16 bytes).
    Removing LCD_GetEx.o(.text.LCD_GetSwapXY), (16 bytes).
    Removing LCD_GetEx.o(.text.LCD_GetDevFunc), (20 bytes).
    Removing LCD_GetEx.o(.text.LCD_GetpfIndex2ColorEx), (14 bytes).
    Removing LCD_GetEx.o(.text.LCD_GetpfColor2IndexEx), (14 bytes).
    Removing LCD_GetEx.o(.text.LCD_GetVXSizeMax), (6 bytes).
    Removing LCD_GetEx.o(.text.LCD_GetVYSizeMax), (6 bytes).
    Removing LCD_GetEx.o(.text.LCD_GetBitsPerPixelMax), (6 bytes).
    Removing LCD_Set.o(.text), (0 bytes).
    Removing LCD_Set.o(.data), (0 bytes).
    Removing LCD_Set.o(.bss), (0 bytes).
    Removing LCD_Set.o(.text.LCD_GetPosEx), (50 bytes).
    Removing LCD_Set.o(.text.LCD_OffEx), (42 bytes).
    Removing LCD_Set.o(.text.LCD_OnEx), (42 bytes).
    Removing LCD_Set.o(.text.LCD_RefreshEx), (42 bytes).
    Removing LCD_Set.o(.text.LCD_SetAlphaEx), (44 bytes).
    Removing LCD_Set.o(.text.LCD_SetAlphaModeEx), (44 bytes).
    Removing LCD_Set.o(.text.LCD_SetBufferPtrEx), (44 bytes).
    Removing LCD_Set.o(.text.LCD_SetChromaEx), (48 bytes).
    Removing LCD_Set.o(.text.LCD_SetChromaModeEx), (44 bytes).
    Removing LCD_Set.o(.text.LCD_SetDevFunc), (48 bytes).
    Removing LCD_Set.o(.text.LCD_SetPosEx), (48 bytes).
    Removing LCD_Set.o(.text.LCD_SetVisEx), (44 bytes).
    Removing LCD_Set.o(.text.LCD_SetVRAMAddrEx), (44 bytes).
    Removing LCD_Set.o(.text.LCD_GetPos), (20 bytes).
    Removing LCD_Set.o(.text.LCD_Off), (16 bytes).
    Removing LCD_Set.o(.text.LCD_On), (16 bytes).
    Removing LCD_Set.o(.text.LCD_Refresh), (16 bytes).
    Removing LCD_Set.o(.text.LCD_SetAlpha), (16 bytes).
    Removing LCD_Set.o(.text.LCD_SetAlphaMode), (16 bytes).
    Removing LCD_Set.o(.text.LCD_SetBufferPtr), (16 bytes).
    Removing LCD_Set.o(.text.LCD_SetChroma), (20 bytes).
    Removing LCD_Set.o(.text.LCD_SetChromaMode), (16 bytes).
    Removing LCD_Set.o(.text.LCD_SetLUTEntry), (20 bytes).
    Removing LCD_Set.o(.text.LCD_SetPos), (20 bytes).
    Removing LCD_Set.o(.text.LCD_SetSize), (20 bytes).
    Removing LCD_Set.o(.text.LCD_SetVis), (16 bytes).
    Removing LCD_Set.o(.text.LCD_SetVRAMAddr), (16 bytes).
    Removing LCD_Set.o(.text.LCD_SetVSize), (20 bytes).
    Removing LCD_Set.o(.text.LCD_SetOrg), (40 bytes).
    Removing F6x8.o(.text), (0 bytes).
    Removing F6x8.o(.data), (0 bytes).
    Removing F6x8.o(.bss), (0 bytes).
    Removing FD32.o(.text), (0 bytes).
    Removing FD32.o(.data), (0 bytes).
    Removing FD32.o(.bss), (0 bytes).
    Removing GUIDEV_16.o(.text), (0 bytes).
    Removing GUIDEV_16.o(.data), (0 bytes).
    Removing GUIDEV_16.o(.text.GUI_MEMDEV_SetDrawMemdev16bppFunc), (12 bytes).
    Removing GUIDEV_Banding.o(.text), (0 bytes).
    Removing GUIDEV_Banding.o(.data), (0 bytes).
    Removing GUIDEV_Banding.o(.text.GUI_MEMDEV__SetAlphaCallback), (12 bytes).
    Removing GUI_2DLib.o(.text), (0 bytes).
    Removing GUI_2DLib.o(.data), (0 bytes).
    Removing GUI_2DLib.o(.bss), (0 bytes).
    Removing GUI_2DLib.o(.text.GUI_MoveRel), (24 bytes).
    Removing GUI_2DLib.o(.text.GL_MoveTo), (16 bytes).
    Removing GUI_2DLib.o(.text.GUI_MoveTo), (24 bytes).
    Removing GUI_2DLib.o(.text.GUI_DrawRect), (132 bytes).
    Removing GUI_2DLib.o(.text.GUI_DrawRectEx), (20 bytes).
    Removing GUI_Arc.o(.text), (0 bytes).
    Removing GUI_Arc.o(.data), (0 bytes).
    Removing GUI_Arc.o(.bss), (0 bytes).
    Removing GUI_Arc.o(.text._DrawArc.isra.0), (768 bytes).
    Removing GUI_Arc.o(.text.GL_DrawArc), (256 bytes).
    Removing GUI_Arc.o(.text.GUI_DrawArc), (72 bytes).
    Removing GUI_Char.o(.text), (0 bytes).
    Removing GUI_Char.o(.data), (0 bytes).
    Removing GUI_Char.o(.bss), (0 bytes).
    Removing GUI_Char.o(.text.GUI_DispNextLine), (28 bytes).
    Removing GUI_Char.o(.text.GL_DispChar), (56 bytes).
    Removing GUI_CharLine.o(.text), (0 bytes).
    Removing GUI_CharLine.o(.bss), (0 bytes).
    Removing GUI_CharM.o(.text), (0 bytes).
    Removing GUI_CharM.o(.data), (0 bytes).
    Removing GUI_CharM.o(.bss), (0 bytes).
    Removing GUI_CharP.o(.text), (0 bytes).
    Removing GUI_CharP.o(.data), (0 bytes).
    Removing GUI_CharP.o(.bss), (0 bytes).
    Removing GUI_Circ.o(.text), (0 bytes).
    Removing GUI_Circ.o(.data), (0 bytes).
    Removing GUI_Circ.o(.bss), (0 bytes).
    Removing GUI_Circ.o(.text.Draw8Point), (160 bytes).
    Removing GUI_Circ.o(.text.GL_DrawCircle), (94 bytes).
    Removing GUI_Circ.o(.text.GUI_DrawCircle), (80 bytes).
    Removing GUI_Circ.o(.text.GL_FillCircle), (192 bytes).
    Removing GUI_Circ.o(.text.GUI_FillCircle), (60 bytes).
    Removing GUI_Circ.o(.text.GL_FillEllipse), (146 bytes).
    Removing GUI_Circ.o(.text.GUI_FillEllipse), (100 bytes).
    Removing GUI_Circ.o(.text.GL_DrawEllipse), (228 bytes).
    Removing GUI_Circ.o(.text.GUI_DrawEllipse), (140 bytes).
    Removing GUI_DispChar.o(.text), (0 bytes).
    Removing GUI_DispChar.o(.data), (0 bytes).
    Removing GUI_DispChar.o(.bss), (0 bytes).
    Removing GUI_DispChar.o(.text.CL_DispChar), (140 bytes).
    Removing GUI_DispChar.o(.text.GUI_DispChar), (4 bytes).
    Removing GUI_DispChar.o(.text.GUI_DispCharAt), (16 bytes).
    Removing GUI_DispChar.o(.text.GUI_DispChars), (20 bytes).
    Removing GUI_DispStringInRectEx.o(.text), (0 bytes).
    Removing GUI_DispStringInRectEx.o(.data), (0 bytes).
    Removing GUI_DispStringInRectEx.o(.bss), (0 bytes).
    Removing GUI_DispStringInRectEx.o(.text.GUI__ClearTextBackground), (120 bytes).
    Removing GUI_DispStringInRectEx.o(.text.GUI_DispStringInRectEx), (160 bytes).
    Removing GUI_DrawLine.o(.text), (0 bytes).
    Removing GUI_DrawLine.o(.data), (0 bytes).
    Removing GUI_DrawLine.o(.bss), (0 bytes).
    Removing GUI_DrawLine.o(.text._SetLineColor), (144 bytes).
    Removing GUI_DrawLine.o(.text.GUI_sin), (92 bytes).
    Removing GUI_DrawLine.o(.text.GUI_cos), (8 bytes).
    Removing GUI_DrawLine.o(.text.GL_DrawLine1Ex), (428 bytes).
    Removing GUI_DrawLine.o(.text.GL_DrawLine1), (22 bytes).
    Removing GUI_DrawLine.o(.text.GL_DrawLineEx), (432 bytes).
    Removing GUI_DrawLine.o(.text.GL_DrawLine), (22 bytes).
    Removing GUI_DrawLine.o(.text.GUI_DrawLine), (68 bytes).
    Removing GUI_DrawLine.o(.text.GUI_DrawLineRel), (60 bytes).
    Removing GUI_DrawLine.o(.text.GL_DrawLineToEx), (44 bytes).
    Removing GUI_DrawLine.o(.text.GL_DrawLineTo), (20 bytes).
    Removing GUI_DrawLine.o(.text.GUI_DrawLineTo), (64 bytes).
    Removing GUI_DrawLine.o(.rodata), (68 bytes).
    Removing GUI_OnKey.o(.text), (0 bytes).
    Removing GUI_OnKey.o(.data), (8 bytes).
    Removing GUI_OnKey.o(.text.GUI_GetKey), (16 bytes).
    Removing GUI_OnKey.o(.text.GUI_ClearKeyBuffer), (48 bytes).
    Removing GUI_OnKey.o(.text.GUI_StoreKeyMsg), (84 bytes).
    Removing GUI_OnKey.o(.text.GUI_PollKeyMsg), (48 bytes).
    Removing GUI_OnKey.o(.text.GUI_SendKeyMsg), (26 bytes).
    Removing GUI_OnKey.o(.text.GUI_GetKeyState), (24 bytes).
    Removing GUI_OnKey.o(.text.GUI_KEY__SetHook), (12 bytes).
    Removing GUI_UC.o(.text), (0 bytes).
    Removing GUI_UC.o(.data), (0 bytes).
    Removing GUI_UC.o(.bss), (0 bytes).
    Removing GUI_UC.o(.text.GUI_UC_GetCharSize), (12 bytes).
    Removing GUI_UC.o(.text.GUI_UC_GetCharCode), (12 bytes).
    Removing GUI_UC.o(.text.GUI_UC_Encode), (12 bytes).
    Removing GUI_UC.o(.text.GUI_UC__CalcSizeOfChar), (12 bytes).
    Removing GUI_UC.o(.text.GUI_UC__NumBytes2NumChars), (48 bytes).
    Removing GUI_UC.o(.text.GUI__GetNumChars), (28 bytes).
    Removing GUI_UC_EncodeNone.o(.text), (0 bytes).
    Removing GUI_UC_EncodeNone.o(.data), (0 bytes).
    Removing GUI_UC_EncodeNone.o(.bss), (0 bytes).
    Removing GUI_UC_EncodeNone.o(.text.GUI_UC_SetEncodeNone), (16 bytes).
    Removing GUI_WaitEvent.o(.text), (0 bytes).
    Removing GUI_WaitEvent.o(.data), (4 bytes).
    Removing GUI_WaitEvent.o(.text._WaitEvent), (16 bytes).
    Removing GUI_WaitEvent.o(.text.GUI_SetSignalEventFunc), (12 bytes).
    Removing GUI_WaitEvent.o(.text.GUI_SetWaitEventFunc), (12 bytes).
    Removing GUI_WaitEvent.o(.text.GUI_SetWaitEventTimedFunc), (12 bytes).
    Removing GUI_WaitEvent.o(.text.GUI_WaitEvent), (52 bytes).
    Removing GUI__DivTbl.o(.text), (0 bytes).
    Removing GUI__DivTbl.o(.data), (0 bytes).
    Removing GUI__DivTbl.o(.bss), (0 bytes).
    Removing GUI__Private.o(.text), (0 bytes).
    Removing GUI__Private.o(.bss), (0 bytes).
    Removing GUI__Private.o(.text.GUI__AddSpaceHex), (26 bytes).
    Removing GUI__Private.o(.text.GUI__CalcTextRect), (144 bytes).
    Removing GUI__Private.o(.text.GUI__DivideRound), (20 bytes).
    Removing GUI__Private.o(.text.GUI__DivideRound32), (24 bytes).
    Removing GUI__Private.o(.text.GUI__HandleEOLine), (38 bytes).
    Removing GUI__Private.o(.text.GUI__memcpy), (302 bytes).
    Removing GUI__Private.o(.text.GUI__memset), (94 bytes).
    Removing GUI__Private.o(.text.GUI__Read16), (12 bytes).
    Removing GUI__Private.o(.text.GUI__Read32), (12 bytes).
    Removing GUI__Private.o(.text.GUI__ReduceRect), (28 bytes).
    Removing GUI__Private.o(.text.GUI__SetPixelAlpha), (116 bytes).
    Removing GUI__Private.o(.text.GUI__sqrt32), (36 bytes).
    Removing GUI__Private.o(.text.GUI__strcmp), (44 bytes).
    Removing GUI__Private.o(.text.GUI__strcmp_hp), (40 bytes).
    Removing GUI__Private.o(.text.GUI__strlen), (24 bytes).
    Removing GUI__Private.o(.text.GUI__SetText), (124 bytes).
    Removing GUI__Private.o(.rodata.str1.1), (1 bytes).
    Removing GUI__SinHQ.o(.text), (0 bytes).
    Removing GUI__SinHQ.o(.data), (0 bytes).
    Removing GUI__SinHQ.o(.bss), (0 bytes).
    Removing GUI__SinHQ.o(.text.GUI__ASinHQ), (88 bytes).
    Removing GUI__SinHQ.o(.text.GUI__ATan2), (88 bytes).
    Removing GUI__SinHQ.o(.text.GUI__SinHQ), (132 bytes).
    Removing GUI__SinHQ.o(.text.GUI__CosHQ), (12 bytes).
    Removing GUI__SinHQ.o(.rodata), (364 bytes).
    Removing GUI__Wrap.o(.text), (0 bytes).
    Removing GUI__Wrap.o(.data), (8 bytes).
    Removing GUI__Wrap.o(.bss), (8 bytes).
    Removing GUI__Wrap.o(.text._GetWordWrap), (152 bytes).
    Removing GUI__Wrap.o(.text._GetCharWrap), (54 bytes).
    Removing GUI__Wrap.o(.text._WrapGetNumCharsDisp), (44 bytes).
    Removing GUI__Wrap.o(.text.GUI__WrapGetNumCharsDisp), (6 bytes).
    Removing GUI__Wrap.o(.text.GUI__WrapGetNumCharsToNextLine), (94 bytes).
    Removing GUI__Wrap.o(.text.GUI__WrapGetNumBytesToNextLine), (20 bytes).
    Removing GUI__Wrap.o(.text.GUI_WrapSetSeparators), (12 bytes).
    Removing GUI__Wrap.o(.text.GUI_WrapGetPositions), (56 bytes).
    Removing LCD.o(.text), (0 bytes).
    Removing LCD.o(.bss), (0 bytes).
    Removing LCD.o(.text.LCD_DrawVLine), (84 bytes).
    Removing LCD.o(.text.LCD_SetPixelIndex), (76 bytes).
    Removing LCD_Color.o(.text), (0 bytes).
    Removing LCD_Color.o(.text.LCD__SetPaletteConversionHook), (12 bytes).
    Removing LCD_Color.o(.text.LCD_GetpPalConvTable), (4 bytes).
    Removing LCD_Color.o(.text.LCD_SetMaxNumColors), (20 bytes).
    Removing LCD_Color.o(.text.LCD_GetMaxNumColors), (12 bytes).
    Removing LCD_GetColorIndex.o(.text), (0 bytes).
    Removing LCD_GetColorIndex.o(.data), (0 bytes).
    Removing LCD_GetColorIndex.o(.bss), (0 bytes).
    Removing LCD_GetP.o(.text), (0 bytes).
    Removing LCD_GetP.o(.data), (0 bytes).
    Removing LCD_GetP.o(.bss), (0 bytes).
    Removing LCD_GetP.o(.text.LCD_GetPixelIndex), (92 bytes).
    Removing LCD_GetP.o(.text.GUI_GetPixelIndex), (4 bytes).
    Removing LCD_Mirror.o(.text), (0 bytes).
    Removing LCD_Mirror.o(.data), (0 bytes).
    Removing LCD_Mirror.o(.bss), (0 bytes).
    Removing LCD_Rotate180.o(.text), (0 bytes).
    Removing LCD_Rotate180.o(.data), (12 bytes).
    Removing LCD_Rotate180.o(.bss), (0 bytes).
    Removing LCD_Rotate180.o(.text._Rect2TextRect), (2 bytes).
    Removing LCD_Rotate180.o(.text._TransformPoint), (80 bytes).
    Removing LCD_Rotate180.o(.text._DrawBitmap180), (1020 bytes).
    Removing LCD_Rotate180.o(.rodata), (16 bytes).
    Removing LCD_RotateCCW.o(.text), (0 bytes).
    Removing LCD_RotateCCW.o(.data), (12 bytes).
    Removing LCD_RotateCCW.o(.bss), (0 bytes).
    Removing LCD_RotateCCW.o(.text._Rect2TextRect), (26 bytes).
    Removing LCD_RotateCCW.o(.text._TransformPoint), (108 bytes).
    Removing LCD_RotateCCW.o(.text._TransformRect), (64 bytes).
    Removing LCD_RotateCCW.o(.text._DrawBitmapCCW), (1012 bytes).
    Removing LCD_RotateCCW.o(.rodata), (16 bytes).
    Removing LCD_RotateCW.o(.text), (0 bytes).
    Removing LCD_RotateCW.o(.data), (12 bytes).
    Removing LCD_RotateCW.o(.bss), (0 bytes).
    Removing LCD_RotateCW.o(.text._Rect2TextRect), (26 bytes).
    Removing LCD_RotateCW.o(.text._TransformPoint), (84 bytes).
    Removing LCD_RotateCW.o(.text._TransformRect), (64 bytes).
    Removing LCD_RotateCW.o(.text._DrawBitmapCW), (1084 bytes).
    Removing LCD_RotateCW.o(.rodata), (16 bytes).
    Removing LCD_SelectLCD.o(.text), (0 bytes).
    Removing LCD_SelectLCD.o(.data), (0 bytes).
    Removing LCD_SelectLCD.o(.bss), (0 bytes).
    Removing LCD_UpdateColorIndices.o(.text), (0 bytes).
    Removing LCD_UpdateColorIndices.o(.data), (0 bytes).
    Removing LCD_UpdateColorIndices.o(.bss), (0 bytes).
    Removing GUIDEV.o(.text), (0 bytes).
    Removing GUIDEV.o(.data), (0 bytes).
    Removing GUIDEV.o(.bss), (0 bytes).
    Removing GUIDEV.o(.text.GUI_MEMDEV__WriteToActiveAt), (56 bytes).
    Removing GUIDEV.o(.text.GUI_MEMDEV_Create), (14 bytes).
    Removing GUIDEV.o(.text.GUI_MEMDEV_MarkDirty), (74 bytes).
    Removing GUIDEV_Clear.o(.text), (0 bytes).
    Removing GUIDEV_Clear.o(.data), (0 bytes).
    Removing GUIDEV_Clear.o(.bss), (0 bytes).
    Removing GUIDEV_GetYSize.o(.text), (0 bytes).
    Removing GUIDEV_GetYSize.o(.data), (0 bytes).
    Removing GUIDEV_GetYSize.o(.bss), (0 bytes).
    Removing GUIDEV_ReduceYSize.o(.text), (0 bytes).
    Removing GUIDEV_ReduceYSize.o(.data), (0 bytes).
    Removing GUIDEV_ReduceYSize.o(.bss), (0 bytes).
    Removing GUIDEV_SetOrg.o(.text), (0 bytes).
    Removing GUIDEV_SetOrg.o(.data), (0 bytes).
    Removing GUIDEV_SetOrg.o(.bss), (0 bytes).
    Removing GUIDEV_Usage.o(.text), (0 bytes).
    Removing GUIDEV_Usage.o(.data), (0 bytes).
    Removing GUIDEV_Usage.o(.bss), (0 bytes).
    Removing GUIDEV_Usage.o(.text.GUI_USAGE_Select), (36 bytes).
    Removing GUIDEV_WriteToActiveOpaque.o(.text), (0 bytes).
    Removing GUIDEV_WriteToActiveOpaque.o(.data), (0 bytes).
    Removing GUIDEV_WriteToActiveOpaque.o(.bss), (0 bytes).
    Removing WM.o(.text), (0 bytes).
    Removing WM.o(.data), (0 bytes).
    Removing WM.o(.text._Paint1), (40 bytes).
    Removing WM.o(.text._Paint1Trans), (148 bytes).
    Removing WM.o(.text._PaintTransChildren), (174 bytes).
    Removing WM.o(.text.WM__PaintWinAndOverlays), (120 bytes).
    Removing WM.o(.text._cbPaintMemDev), (108 bytes).
    Removing WM.o(.text.WM__RemoveWindowFromList), (60 bytes).
    Removing WM.o(.text.WM__IsWindow), (32 bytes).
    Removing WM.o(.text.WM_SendMessage), (8 bytes).
    Removing WM.o(.text.WM__InvalidateParent), (42 bytes).
    Removing WM.o(.text.WM__DetachWindow), (42 bytes).
    Removing WM.o(.text.WM_CreateWindow), (26 bytes).
    Removing WM.o(.text.WM_DeleteWindow), (280 bytes).
    Removing WM.o(.text._Exec1Input), (132 bytes).
    Removing WM.o(.text.WM_GetActiveWindow), (12 bytes).
    Removing WM.o(.text.WM_SetDefault), (20 bytes).
    Removing WM.o(.text.WM__Paint1), (148 bytes).
    Removing WM.o(.text.WM__Paint), (180 bytes).
    Removing WM.o(.text._Exec1Draw), (140 bytes).
    Removing WM.o(.text.WM__DeleteSecure), (28 bytes).
    Removing WM.o(.text.WM_Exec1), (18 bytes).
    Removing WM.o(.text.WM_Exec), (120 bytes).
    Removing WM.o(.text.WM_GetWindowInfo), (120 bytes).
    Removing WM_Lib.o(.text), (0 bytes).
    Removing WM_Lib.o(.data), (0 bytes).
    Removing WM_Lib.o(.bss), (0 bytes).
    Removing WM_Lib.o(.text.WM_BroadcastMessage), (60 bytes).
    Removing WM_Lib.o(.text.WM_DetachWindow), (72 bytes).
    Removing WM_Lib.o(.text.WM_AttachWindow), (100 bytes).
    Removing WM_Lib.o(.text.WM_AttachWindowAt), (36 bytes).
    Removing WM_Lib.o(.text.WM_SetEnableState), (68 bytes).
    Removing WM_Lib.o(.text.WM_EnableWindow), (6 bytes).
    Removing WM_Lib.o(.text.WM_DisableWindow), (6 bytes).
    Removing WM_Lib.o(.text.WM_ForEachDesc), (4 bytes).
    Removing WM_Lib.o(.text.WM_GetBkColor), (30 bytes).
    Removing WM_Lib.o(.text.WM_GetCallback), (30 bytes).
    Removing WM_Lib.o(.text.WM_GetClientRectEx), (4 bytes).
    Removing WM_Lib.o(.text.WM_GetClientRect), (28 bytes).
    Removing WM_Lib.o(.text.WM_GetClientWindow), (26 bytes).
    Removing WM_Lib.o(.text.WM_GetDesktopWindowEx), (20 bytes).
    Removing WM_Lib.o(.text.WM_GetNumWindows), (12 bytes).
    Removing WM_Lib.o(.text.WM_GetNumInvalidWindows), (12 bytes).
    Removing WM_Lib.o(.text.WM_CheckScrollBounds), (30 bytes).
    Removing WM_Lib.o(.text.WM_CheckScrollPos), (46 bytes).
    Removing WM_Lib.o(.text.WM_SetScrollValue), (16 bytes).
    Removing WM_Lib.o(.text.WM_GetFlags), (14 bytes).
    Removing WM_Lib.o(.text.WM_GetFocusedWindow), (20 bytes).
    Removing WM_Lib.o(.text.WM_GetId), (32 bytes).
    Removing WM_Lib.o(.text._GetDialogItem), (70 bytes).
    Removing WM_Lib.o(.text.WM_GetDialogItem), (66 bytes).
    Removing WM_Lib.o(.text.WM_GetInsideRectEx), (22 bytes).
    Removing WM_Lib.o(.text.WM_GetInsideRect), (16 bytes).
    Removing WM_Lib.o(.text.WM_GetInvalidRect), (34 bytes).
    Removing WM_Lib.o(.text.WM_GetNextSibling), (16 bytes).
    Removing WM_Lib.o(.text.WM_GetWindowOrgX), (16 bytes).
    Removing WM_Lib.o(.text.WM_GetWindowOrgY), (16 bytes).
    Removing WM_Lib.o(.text.WM_GetOrgX), (16 bytes).
    Removing WM_Lib.o(.text.WM_GetOrgY), (16 bytes).
    Removing WM_Lib.o(.text.WM_GetPrevSibling), (8 bytes).
    Removing WM_Lib.o(.text.WM_GetScrollbarH), (10 bytes).
    Removing WM_Lib.o(.text.WM_GetScrollbarV), (10 bytes).
    Removing WM_Lib.o(.text.WM_GetScrollPartner), (42 bytes).
    Removing WM_Lib.o(.text.WM_GetScrollState), (20 bytes).
    Removing WM_Lib.o(.text.WM_GetWindowRect), (40 bytes).
    Removing WM_Lib.o(.text.WM_GetWindowRectEx), (22 bytes).
    Removing WM_Lib.o(.text.WM_GetInsideRectExScrollbar), (172 bytes).
    Removing WM_Lib.o(.text.WM_HasCaptured), (28 bytes).
    Removing WM_Lib.o(.text.WM_HasFocus), (28 bytes).
    Removing WM_Lib.o(.text.WM_InvalidateArea), (36 bytes).
    Removing WM_Lib.o(.text.WM_IsEnabled), (8 bytes).
    Removing WM_Lib.o(.text.WM_IsFocusable), (48 bytes).
    Removing WM_Lib.o(.text.WM_IsVisible), (18 bytes).
    Removing WM_Lib.o(.text.WM_IsWindow), (4 bytes).
    Removing WM_Lib.o(.text.WM_MoveChildTo), (86 bytes).
    Removing WM_Lib.o(.text.WM_OnKey), (52 bytes).
    Removing WM_Lib.o(.text.WM_Update), (42 bytes).
    Removing WM_Lib.o(.text.WM_Paint), (18 bytes).
    Removing WM_Lib.o(.text.WM_ResizeWindow), (246 bytes).
    Removing WM_Lib.o(.text.WM_SendMessageNoPara), (4 bytes).
    Removing WM_Lib.o(.text.WM_NotifyParent), (20 bytes).
    Removing WM_Lib.o(.text.WM_SetAnchor), (36 bytes).
    Removing WM_Lib.o(.text.WM_SetCallback), (44 bytes).
    Removing WM_Lib.o(.text.WM_SetCreateFlags), (16 bytes).
    Removing WM_Lib.o(.text.WM_SetDesktopColorEx), (44 bytes).
    Removing WM_Lib.o(.text.WM_SetDesktopColor), (16 bytes).
    Removing WM_Lib.o(.text.WM_SetDesktopColors), (22 bytes).
    Removing WM_Lib.o(.text.WM_SetFocus), (156 bytes).
    Removing WM_Lib.o(.text.WM_SetId), (20 bytes).
    Removing WM_Lib.o(.text.WM_SetpfPollPID), (16 bytes).
    Removing WM_Lib.o(.text.WM_SetScrollState), (24 bytes).
    Removing WM_Lib.o(.text.WM_SetSize), (76 bytes).
    Removing WM_Lib.o(.text.WM_SetUserClipRect), (24 bytes).
    Removing WM_Lib.o(.text.WM_SetWindowPos), (30 bytes).
    Removing WM_Lib.o(.text.WM_SetXSize), (64 bytes).
    Removing WM_Lib.o(.text.WM_SetYSize), (64 bytes).
    Removing WM_Lib.o(.text.WM_InvalidateWindowAndDescs), (38 bytes).
    Removing WM_Lib.o(.text.WM_ShowWindow), (40 bytes).
    Removing WM_Lib.o(.text.WM_SetStayOnTop), (68 bytes).
    Removing WM_Lib.o(.text.WM_GetStayOnTop), (34 bytes).
    Removing WM_Lib.o(.text.WM_ValidateWindow), (48 bytes).
    Removing WM__Private.o(.text), (0 bytes).
    Removing WM__Private.o(.data), (0 bytes).
    Removing WM__Private.o(.text._NotifyVisChanged), (66 bytes).
    Removing WM__Private.o(.text.WM__ForEachDesc), (42 bytes).
    Removing WM__Private.o(.text.WM__GetLastSibling), (24 bytes).
    Removing WM__Private.o(.text.WM__GetOrgX_AA), (24 bytes).
    Removing WM__Private.o(.text.WM__GetOrgY_AA), (24 bytes).
    Removing WM__Private.o(.text.WM__IsAncestor), (34 bytes).
    Removing WM__Private.o(.text.WM__IsAncestorOrSelf), (12 bytes).
    Removing WM__Private.o(.text.WM__IsChild), (40 bytes).
    Removing WM__Private.o(.text.WM__GetFocusedChild), (36 bytes).
    Removing WM__Private.o(.text.WM__IsEnabled), (18 bytes).
    Removing WM__Private.o(.text.WM__NotifyVisChanged), (24 bytes).
    Removing WM__Private.o(.text.WM__Screen2Client), (20 bytes).
    Removing WM__Private.o(.text.WM__SendMessageIfEnabled), (26 bytes).
    Removing WM__Private.o(.text.WM__UpdateChildPositions), (236 bytes).
    Removing WM__Private.o(.text.WM__RemoveCriticalHandle), (44 bytes).
    Removing GUICC_M8888I.o(.text), (0 bytes).
    Removing GUICC_M8888I.o(.data), (0 bytes).
    Removing GUICC_M8888I.o(.bss), (0 bytes).
    Removing GUICC_M8888I.o(.text.GUICC_M8888I_SetCustColorConv), (2 bytes).
    Removing GUICC_0.o(.text), (0 bytes).
    Removing GUICC_0.o(.data), (0 bytes).
    Removing GUICC_0.o(.bss), (0 bytes).
    Removing GUICC_0.o(.text.LCD_SetLUTEx), (34 bytes).
    Removing GUICC_0.o(.text.LCD_SetLUT), (16 bytes).
    Removing GUI_FillPolygon.o(.text), (0 bytes).
    Removing GUI_FillPolygon.o(.data), (0 bytes).
    Removing GUI_FillPolygon.o(.bss), (28 bytes).
    Removing GUI_FillPolygon.o(.text._Add), (64 bytes).
    Removing GUI_FillPolygon.o(.text.GL_FillPolygon), (468 bytes).
    Removing GUI_FillPolygon.o(.text.GUI_FillPolygon), (116 bytes).
    Removing GUI_SelectLayer.o(.text), (0 bytes).
    Removing GUI_SelectLayer.o(.data), (0 bytes).
    Removing GUI_SelectLayer.o(.bss), (8 bytes).
    Removing GUI_SelectLayer.o(.text.GUI_AssignCursorLayer), (40 bytes).
    Removing GUI_SelectLayer.o(.text.GUI_GetCursorLayer), (20 bytes).
    Removing GUI_SelectLayer.o(.text.GUI_GetLayerPosEx), (20 bytes).
    Removing GUI_SelectLayer.o(.text.GUI_GetSelLayer), (12 bytes).
    Removing GUI_SelectLayer.o(.text.GUI_SetLayerAlphaEx), (4 bytes).
    Removing GUI_SelectLayer.o(.text.GUI_SetLayerPosEx), (4 bytes).
    Removing GUI_SelectLayer.o(.text.GUI_SetLayerSizeEx), (4 bytes).
    Removing GUI_SelectLayer.o(.text.GUI_SetLayerVisEx), (4 bytes).
    Removing GUI_Timer.o(.text), (0 bytes).
    Removing GUI_Timer.o(.data), (0 bytes).
    Removing GUI_Timer.o(.bss), (20 bytes).
    Removing GUI_Timer.o(.text._OnExit), (16 bytes).
    Removing GUI_Timer.o(.text.GUI_TIMER_Exec), (108 bytes).
    Removing GUI_Timer.o(.text._Link), (144 bytes).
    Removing GUI_Timer.o(.text._Unlink), (76 bytes).
    Removing GUI_Timer.o(.text.GUI_TIMER__IsActive), (16 bytes).
    Removing GUI_Timer.o(.text.GUI_TIMER__GetPeriod), (52 bytes).
    Removing GUI_Timer.o(.text.GUI_TIMER__GetNextTimer), (84 bytes).
    Removing GUI_Timer.o(.text.GUI_TIMER__GetFirstTimer), (48 bytes).
    Removing GUI_Timer.o(.text.GUI_TIMER__GetNextTimerLin), (56 bytes).
    Removing GUI_Timer.o(.text.GUI_TIMER_Create), (148 bytes).
    Removing GUI_Timer.o(.text.GUI_TIMER_Delete), (100 bytes).
    Removing GUI_Timer.o(.text.GUI_TIMER_SetPeriod), (28 bytes).
    Removing GUI_Timer.o(.text.GUI_TIMER_GetPeriod), (30 bytes).
    Removing GUI_Timer.o(.text.GUI_TIMER_SetTime), (28 bytes).
    Removing GUI_Timer.o(.text.GUI_TIMER_SetDelay), (42 bytes).
    Removing GUI_Timer.o(.text.GUI_TIMER_Restart), (50 bytes).
    Removing GUI_Timer.o(.text.GUI_TIMER_GetFlag), (42 bytes).
    Removing GUI__Alpha.o(.text), (0 bytes).
    Removing GUI__Alpha.o(.data), (8 bytes).
    Removing GUI__Alpha.o(.bss), (32 bytes).
    Removing GUI__Alpha.o(.text.GUI__MixColorsBulk), (132 bytes).
    Removing GUI__Alpha.o(.text.GUI__MixColors), (76 bytes).
    Removing GUI__Alpha.o(.text._OnExit), (40 bytes).
    Removing GUI__Alpha.o(.text.GUI__GetAlphaBuffer), (184 bytes).
    Removing GUI__Alpha.o(.text.GUI__DoAlphaBlending), (452 bytes).
    Removing GUI__Alpha.o(.text.GUI__AllocAlphaBuffer), (26 bytes).
    Removing GUI__Alpha.o(.text.GUI__SetAlphaBufferSize), (16 bytes).
    Removing GUI__Alpha.o(.text.GUI_SetFuncAlphaBlending), (16 bytes).
    Removing GUI__Alpha.o(.text.GUI_SetFuncMixColors), (16 bytes).
    Removing GUI__Alpha.o(.text.GUI_SetFuncMixColorsBulk), (16 bytes).
    Removing GUI__Alpha.o(.text.GUI_SetFuncDrawAlpha), (36 bytes).
    Removing GUI__CompactPixelIndices.o(.text), (0 bytes).
    Removing GUI__CompactPixelIndices.o(.data), (0 bytes).
    Removing GUI__CompactPixelIndices.o(.bss), (0 bytes).
    Removing GUI__CompactPixelIndices.o(.text.GUI__ConvertColor2Index), (406 bytes).
    Removing GUI__CompactPixelIndices.o(.text.GUI__CompactPixelIndicesEx), (14 bytes).
    Removing GUI__ManageCache.o(.text), (0 bytes).
    Removing GUI__ManageCache.o(.data), (0 bytes).
    Removing GUI__ManageCache.o(.text._OnExit), (16 bytes).
    Removing GUI__ManageCache.o(.text.GUI_SetControlHook), (36 bytes).
    Removing GUI__ManageCache.o(.text.GUI_SetRefreshHook), (36 bytes).
    Removing LCD_AA.o(.text), (0 bytes).
    Removing LCD_AA.o(.data), (24 bytes).
    Removing LCD_AA.o(.bss), (0 bytes).
    Removing LCD_AA.o(.text.LCD_SetPixelAA4_NoTrans), (176 bytes).
    Removing LCD_AA.o(.text._MixColorsGamma16), (104 bytes).
    Removing LCD_AA.o(.text.LCD_AA_MixColors16), (68 bytes).
    Removing LCD_AA.o(.text.LCD_SetPixelAA4_Trans), (160 bytes).
    Removing LCD_AA.o(.text.LCD_AA_SetOrMask), (16 bytes).
    Removing LCD_AA.o(.text.LCD_AA_MixColors256), (24 bytes).
    Removing LCD_AA.o(.text.LCD_SetPixelAA8_Trans), (156 bytes).
    Removing LCD_AA.o(.text.LCD_SetPixelAA8_NoTrans), (172 bytes).
    Removing LCD_AA.o(.text.LCD_AA_SetGamma), (24 bytes).
    Removing LCD_AA.o(.text.LCD_AA_GetGamma), (24 bytes).
    Removing LCD_AA.o(.text.LCD_AA_EnableGamma), (32 bytes).
    Removing LCD_AA.o(.text.LCD__GetPfSetPixel), (72 bytes).
    Removing LCD_GetNumDisplays.o(.text), (0 bytes).
    Removing LCD_GetNumDisplays.o(.data), (0 bytes).
    Removing LCD_GetNumDisplays.o(.bss), (0 bytes).
    Removing LCD_GetPixelColor.o(.text), (0 bytes).
    Removing LCD_GetPixelColor.o(.data), (0 bytes).
    Removing LCD_GetPixelColor.o(.bss), (0 bytes).
    Removing LCD_GetPixelColor.o(.text.LCD_GetPixelColor), (14 bytes).
    Removing LCD_SetClipRectEx.o(.text), (0 bytes).
    Removing LCD_SetClipRectEx.o(.data), (0 bytes).
    Removing LCD_SetClipRectEx.o(.bss), (0 bytes).
    Removing GUIDEV_GetDataPtr.o(.text), (0 bytes).
    Removing GUIDEV_GetDataPtr.o(.data), (0 bytes).
    Removing GUIDEV_GetDataPtr.o(.bss), (0 bytes).
    Removing GUIDEV_StaticDevices.o(.text), (0 bytes).
    Removing GUIDEV_StaticDevices.o(.data), (0 bytes).
    Removing GUIDEV_StaticDevices.o(.bss), (1 bytes).
    Removing GUIDEV_StaticDevices.o(.text._CreateStaticDevice), (356 bytes).
    Removing GUIDEV_StaticDevices.o(.text._CreateStatic), (120 bytes).
    Removing GUIDEV_StaticDevices.o(.text.GUI_MEMDEV_Paint1Static), (28 bytes).
    Removing GUIDEV_StaticDevices.o(.text.GUI_MEMDEV__CreateStatic), (16 bytes).
    Removing GUIDEV_StaticDevices.o(.text.GUI_MEMDEV_CreateStatic), (4 bytes).
    Removing GUIDEV_StaticDevices.o(.text.GUI_MEMDEV_GetStaticDevice), (30 bytes).
    Removing GUIDEV_StaticDevices.o(.text._GetWindowDevice), (692 bytes).
    Removing GUIDEV_StaticDevices.o(.text.GUI_MEMDEV_GetWindowDevice), (22 bytes).
    Removing GUIDEV_StaticDevices.o(.text.GUI_MEMDEV_CreateWindowDevice), (98 bytes).
    Removing GUIDEV_UsageBM.o(.text), (0 bytes).
    Removing GUIDEV_UsageBM.o(.data), (0 bytes).
    Removing GUIDEV_UsageBM.o(.bss), (0 bytes).
    Removing WM_Move.o(.text), (0 bytes).
    Removing WM_Move.o(.data), (0 bytes).
    Removing WM_Move.o(.bss), (0 bytes).
    Removing WM_Move.o(.text._MoveDescendents), (114 bytes).
    Removing WM_Move.o(.text.WM__MoveWindow), (168 bytes).
    Removing WM_Move.o(.text.WM__MoveTo), (52 bytes).
    Removing WM_Move.o(.text.WM_MoveWindow), (4 bytes).
    Removing WM_Move.o(.text.WM_MoveTo), (4 bytes).
    Removing WM_Timer.o(.text), (0 bytes).
    Removing WM_Timer.o(.data), (0 bytes).
    Removing WM_Timer.o(.bss), (0 bytes).
    Removing WM_Timer.o(.text._cbTimer), (44 bytes).
    Removing WM_Timer.o(.text.WM_DeleteTimer), (38 bytes).
    Removing WM_Timer.o(.text.WM__DeleteAssocTimer), (74 bytes).
    Removing WM_Timer.o(.text.WM_CreateTimer), (96 bytes).
    Removing WM_Timer.o(.text.WM_RestartTimer), (44 bytes).
    Removing WM_Timer.o(.text.WM_GetTimerId), (30 bytes).
    Removing WM_Touch.o(.text), (0 bytes).
    Removing WM_Touch.o(.data), (4 bytes).
    Removing WM_Touch.o(.bss), (40 bytes).
    Removing WM_Touch.o(.text._OnExit), (16 bytes).
    Removing WM_Touch.o(.text.WM__IsInModalArea), (96 bytes).
    Removing WM_Touch.o(.text.WM__SendPIDMessage), (66 bytes).
    Removing WM_Touch.o(.text.WM__SendTouchMessage), (58 bytes).
    Removing WM_Touch.o(.text.WM__SetLastTouched), (32 bytes).
    Removing WM_Touch.o(.text.WM__SetMotionCallback), (36 bytes).
    Removing WM_Touch.o(.text.WM__SetToolTipCallback), (36 bytes).
    Removing WM_Touch.o(.text.WM_HandlePID), (888 bytes).
    Removing GUICC_M8888I_Index2Color.o(.text), (0 bytes).
    Removing GUICC_M8888I_Index2Color.o(.data), (0 bytes).
    Removing GUICC_M8888I_Index2Color.o(.bss), (0 bytes).
    Removing GUICC_M888_Index2Color.o(.text), (0 bytes).
    Removing GUICC_M888_Index2Color.o(.data), (0 bytes).
    Removing GUICC_M888_Index2Color.o(.bss), (0 bytes).
    Removing GUICC_M888_Index2Color.o(.text.LCD_Index2Color_M888), (6 bytes).
    Removing GUI_Cursor.o(.text), (0 bytes).
    Removing GUI_Cursor.o(.data), (0 bytes).
    Removing GUI_Cursor.o(.bss), (76 bytes).
    Removing GUI_Cursor.o(.text._OnExit), (24 bytes).
    Removing GUI_Cursor.o(.text._Show), (48 bytes).
    Removing GUI_Cursor.o(.text.GUI_CURSOR__SetSpriteEx), (20 bytes).
    Removing GUI_Cursor.o(.text.GUI_CURSOR__GetSpriteEx), (28 bytes).
    Removing GUI_Cursor.o(.text.GUI_CURSOR_SelectEx), (196 bytes).
    Removing GUI_Cursor.o(.text.GUI_CURSOR_SetBitmapEx), (76 bytes).
    Removing GUI_Cursor.o(.text.GUI_CURSOR_SetBitmap), (16 bytes).
    Removing GUI_Cursor.o(.text.GUI_CURSOR_HideEx), (80 bytes).
    Removing GUI_Cursor.o(.text.GUI_CURSOR_ShowEx), (36 bytes).
    Removing GUI_Cursor.o(.text.GUI_CURSOR_GetStateEx), (16 bytes).
    Removing GUI_Cursor.o(.text.GUI_CURSOR_SetPositionEx), (100 bytes).
    Removing GUI_Cursor.o(.text.GUI_CURSOR_Select), (16 bytes).
    Removing GUI_Cursor.o(.text.GUI_CURSOR_Hide), (16 bytes).
    Removing GUI_Cursor.o(.text.GUI_CURSOR_Show), (16 bytes).
    Removing GUI_Cursor.o(.text.GUI_CURSOR_GetState), (28 bytes).
    Removing GUI_Cursor.o(.text.GUI_CURSOR_SetPosition), (16 bytes).
    Removing GUI_Cursor.o(.text.GUI_CURSOR_SelectAnimEx), (112 bytes).
    Removing GUI_Cursor.o(.text.GUI_CURSOR_SelectAnim), (16 bytes).
    Removing GUI_PID.o(.text), (0 bytes).
    Removing GUI_PID.o(.data), (8 bytes).
    Removing GUI_PID.o(.bss), (88 bytes).
    Removing GUI_PID.o(.text._OnExit), (24 bytes).
    Removing GUI_PID.o(.text.GUI_PID__SetHook), (12 bytes).
    Removing GUI_PID.o(.text.GUI_PID_GetState), (80 bytes).
    Removing GUI_PID.o(.text.GUI_PID_GetCurrentState), (36 bytes).
    Removing GUI_PID.o(.text.GUI_PID_IsPressed), (28 bytes).
    Removing GUI_PID.o(.text.GUI_PID_StoreState), (184 bytes).
    Removing GUI_PID.o(.text.GUI_PID_IsEmpty), (16 bytes).
    Removing GUI_PID.o(.text.GUI_PID_SetHook), (12 bytes).
    Removing GUI_SetAlpha.o(.text), (0 bytes).
    Removing GUI_SetAlpha.o(.data), (2 bytes).
    Removing GUI_SetAlpha.o(.bss), (24 bytes).
    Removing GUI_SetAlpha.o(.text._Color2Index), (28 bytes).
    Removing GUI_SetAlpha.o(.text._Index2Color), (28 bytes).
    Removing GUI_SetAlpha.o(.text._GetIndexMask), (28 bytes).
    Removing GUI_SetAlpha.o(.text._GetPixelIndex), (8 bytes).
    Removing GUI_SetAlpha.o(.text._GetDevData), (4 bytes).
    Removing GUI_SetAlpha.o(.text._SetOrg), (12 bytes).
    Removing GUI_SetAlpha.o(.text._GetDevFunc), (40 bytes).
    Removing GUI_SetAlpha.o(.text._GetDevProp), (16 bytes).
    Removing GUI_SetAlpha.o(.text._GetRect), (12 bytes).
    Removing GUI_SetAlpha.o(.text.GUI_SetAlpha), (280 bytes).
    Removing GUI_SetAlpha.o(.text._OnExit), (52 bytes).
    Removing GUI_SetAlpha.o(.text._ReadRectFromMemdev), (160 bytes).
    Removing GUI_SetAlpha.o(.text._Color2IndexBulk), (196 bytes).
    Removing GUI_SetAlpha.o(.text._Index2ColorBulk), (192 bytes).
    Removing GUI_SetAlpha.o(.text._MixColors), (96 bytes).
    Removing GUI_SetAlpha.o(.text._SetPixelIndex), (68 bytes).
    Removing GUI_SetAlpha.o(.text._XorPixel), (42 bytes).
    Removing GUI_SetAlpha.o(.text._DrawVLine), (80 bytes).
    Removing GUI_SetAlpha.o(.text._GetLine), (176 bytes).
    Removing GUI_SetAlpha.o(.text._DrawBitmapLine.isra.6), (92 bytes).
    Removing GUI_SetAlpha.o(.text._DrawHLine), (120 bytes).
    Removing GUI_SetAlpha.o(.text._FillRect), (38 bytes).
    Removing GUI_SetAlpha.o(.text._DrawBitmap), (1440 bytes).
    Removing GUI_SetAlpha.o(.text.GUI__AlphaPreserveTrans), (36 bytes).
    Removing GUI_SetAlpha.o(.rodata), (76 bytes).
    Removing GUI_Time.o(.text), (0 bytes).
    Removing GUI_Time.o(.data), (4 bytes).
    Removing GUI_Time.o(.bss), (0 bytes).
    Removing GUI_Time.o(.text.GUI_GetTime), (4 bytes).
    Removing GUI_Time.o(.text.GUI_SetTimeSlice), (12 bytes).
    Removing GUI_Time.o(.text.GUI_GetTimeSlice), (12 bytes).
    Removing GUI_Time.o(.text.GUI_Delay), (48 bytes).
    Removing GUI__ExpandPixelIndices.o(.text), (0 bytes).
    Removing GUI__ExpandPixelIndices.o(.data), (0 bytes).
    Removing GUI__ExpandPixelIndices.o(.bss), (0 bytes).
    Removing GUI__ExpandPixelIndices.o(.text.GUI__ExpandPixelIndices), (222 bytes).
    Removing GUI__ExpandPixelIndices.o(.text.GUI__ExpandPixelIndicesEx), (380 bytes).
    Removing LCD_ReadRect.o(.text), (0 bytes).
    Removing LCD_ReadRect.o(.data), (0 bytes).
    Removing LCD_ReadRect.o(.bss), (0 bytes).
    Removing LCD_ReadRect.o(.text.LCD_ReadRectEx), (420 bytes).
    Removing LCD_ReadRect.o(.text.GUI_ReadRectEx), (96 bytes).
    Removing LCD_ReadRect.o(.text.LCD_ReadRect), (96 bytes).
    Removing LCD_ReadRect.o(.text.LCD_ReadRectNoClip), (32 bytes).
    Removing LCD_ReadRect.o(.text.GUI_ReadRect), (58 bytes).
    Removing GUIDEV_32.o(.text), (0 bytes).
    Removing GUIDEV_32.o(.data), (0 bytes).
    Removing GUIDEV_32.o(.bss), (0 bytes).
    Removing GUIDEV_32.o(.text._GetDevData), (16 bytes).
    Removing GUIDEV_32.o(.text._GetDevFunc), (16 bytes).
    Removing GUIDEV_32.o(.text._GetDevProp), (10 bytes).
    Removing GUIDEV_32.o(.text._SetOrg), (8 bytes).
    Removing GUIDEV_32.o(.text._GetRect), (54 bytes).
    Removing GUIDEV_32.o(.text._XY2PTR), (64 bytes).
    Removing GUIDEV_32.o(.text._GetPixelIndex), (14 bytes).
    Removing GUIDEV_32.o(.text._XorPixel), (92 bytes).
    Removing GUIDEV_32.o(.text._SetPixelIndex), (76 bytes).
    Removing GUIDEV_32.o(.text._DrawVLine), (180 bytes).
    Removing GUIDEV_32.o(.text._FillRect), (180 bytes).
    Removing GUIDEV_32.o(.text._DrawHLine), (14 bytes).
    Removing GUIDEV_32.o(.text._DrawBitmap), (1820 bytes).
    Removing GUIDEV_32.o(.rodata), (116 bytes).
    Removing GUIDEV_CreateFixed.o(.text), (0 bytes).
    Removing GUIDEV_CreateFixed.o(.data), (0 bytes).
    Removing GUIDEV_CreateFixed.o(.bss), (0 bytes).
    Removing GUIDEV_CreateFixed.o(.text.GUI_MEMDEV_CreateFixed), (18 bytes).
    Removing GUIDEV_CreateFixed.o(.text.GUI_MEMDEV_CreateFixed32), (32 bytes).
    Removing GUIDEV_GetPos.o(.text), (0 bytes).
    Removing GUIDEV_GetPos.o(.data), (0 bytes).
    Removing GUIDEV_GetPos.o(.bss), (0 bytes).
    Removing GUIDEV_GetPos.o(.text.GUI_MEMDEV_GetXPos), (48 bytes).
    Removing GUIDEV_GetPos.o(.text.GUI_MEMDEV_GetYPos), (48 bytes).
    Removing GUIDEV_GetXSize.o(.text), (0 bytes).
    Removing GUIDEV_GetXSize.o(.data), (0 bytes).
    Removing GUIDEV_GetXSize.o(.bss), (0 bytes).
    Removing GUIDEV_GetXSize.o(.text.GUI_MEMDEV_GetXSize), (48 bytes).
    Removing GUIDEV_Write.o(.text), (0 bytes).
    Removing GUIDEV_Write.o(.data), (0 bytes).
    Removing GUIDEV_Write.o(.bss), (0 bytes).
    Removing GUIDEV_Write.o(.text.GUI_MEMDEV_WriteAt), (100 bytes).
    Removing GUIDEV_Write.o(.text.GUI_MEMDEV_Write), (12 bytes).
    Removing GUIDEV_Write.o(.text.GUI_MEMDEV_WriteOpaqueAt), (100 bytes).
    Removing GUIDEV_Write.o(.text.GUI_MEMDEV_WriteOpaque), (12 bytes).
    Removing WM_PID__GetPrevState.o(.text), (0 bytes).
    Removing WM_PID__GetPrevState.o(.data), (0 bytes).
    Removing WM_PID__GetPrevState.o(.bss), (24 bytes).
    Removing WM_PID__GetPrevState.o(.text.WM_PID__GetPrevState), (24 bytes).
    Removing WM_PID__GetPrevState.o(.text.WM_PID__SetPrevState), (20 bytes).
    Removing WM_Screen2Win.o(.text), (0 bytes).
    Removing WM_Screen2Win.o(.data), (0 bytes).
    Removing WM_Screen2Win.o(.bss), (0 bytes).
    Removing WM_Screen2Win.o(.text.WM__IsInWindow), (54 bytes).
    Removing WM_Screen2Win.o(.text._Screen2hWin), (96 bytes).
    Removing WM_Screen2Win.o(.text.WM_Screen2hWin), (32 bytes).
    Removing WM_Screen2Win.o(.text.WM_Screen2hWinEx), (36 bytes).
    Removing WM_SetCapture.o(.text), (0 bytes).
    Removing WM_SetCapture.o(.data), (0 bytes).
    Removing WM_SetCapture.o(.bss), (0 bytes).
    Removing WM_SetCapture.o(.text.WM__ReleaseCapture), (48 bytes).
    Removing WM_SetCapture.o(.text.WM_SetCapture), (52 bytes).
    Removing WM_SetCapture.o(.text.WM_ReleaseCapture), (4 bytes).
    Removing GUI_CursorResource.o(.text), (0 bytes).
    Removing GUI_CursorResource.o(.data), (60 bytes).
    Removing GUI_CursorResource.o(.bss), (0 bytes).
    Removing GUI_CursorResource.o(.rodata), (5252 bytes).
    Removing GUI_DrawBitmap.o(.text), (0 bytes).
    Removing GUI_DrawBitmap.o(.data), (0 bytes).
    Removing GUI_DrawBitmap.o(.bss), (0 bytes).
    Removing GUI_DrawBitmap.o(.text.GL_DrawBitmap), (168 bytes).
    Removing GUI_DrawBitmap.o(.text.GUI_PreserveTrans), (36 bytes).
    Removing GUI_DrawBitmap.o(.text.GUI_DrawBitmap), (76 bytes).
    Removing GUI_SPRITE.o(.text), (0 bytes).
    Removing GUI_SPRITE.o(.data), (0 bytes).
    Removing GUI_SPRITE.o(.bss), (0 bytes).
    Removing GUI_SPRITE.o(.text._GetClipRect), (236 bytes).
    Removing GUI_SPRITE.o(.text._GetClipParam), (304 bytes).
    Removing GUI_SPRITE.o(.text._GetDevData), (4 bytes).
    Removing GUI_SPRITE.o(.text._SetOrg), (12 bytes).
    Removing GUI_SPRITE.o(.text._GetDevFunc), (40 bytes).
    Removing GUI_SPRITE.o(.text._GetDevProp), (12 bytes).
    Removing GUI_SPRITE.o(.text._GetRect), (12 bytes).
    Removing GUI_SPRITE.o(.text._PixelExists), (72 bytes).
    Removing GUI_SPRITE.o(.text._GetPixelIndex), (100 bytes).
    Removing GUI_SPRITE.o(.text._XorPixel), (224 bytes).
    Removing GUI_SPRITE.o(.text._SetPixelIndex), (208 bytes).
    Removing GUI_SPRITE.o(.text._FillRect), (492 bytes).
    Removing GUI_SPRITE.o(.text._DrawVLine), (448 bytes).
    Removing GUI_SPRITE.o(.text._DrawHLine), (472 bytes).
    Removing GUI_SPRITE.o(.text._DrawBitmap), (992 bytes).
    Removing GUI_SPRITE.o(.text._Link), (28 bytes).
    Removing GUI_SPRITE.o(.text._CreateBuffer), (166 bytes).
    Removing GUI_SPRITE.o(.text._Unlink), (28 bytes).
    Removing GUI_SPRITE.o(.text._GetBkIndex.isra.0), (112 bytes).
    Removing GUI_SPRITE.o(.text._GetBkIndexAlpha.isra.2), (118 bytes).
    Removing GUI_SPRITE.o(.text._DoColorConversion.isra.3), (140 bytes).
    Removing GUI_SPRITE.o(.text._GetDeviceRect), (60 bytes).
    Removing GUI_SPRITE.o(.text._FlushBuffer.isra.5), (122 bytes).
    Removing GUI_SPRITE.o(.text._SetBkIndexBuffered), (68 bytes).
    Removing GUI_SPRITE.o(.text._ReleaseBuffer.isra.6), (30 bytes).
    Removing GUI_SPRITE.o(.text._SpriteDraw), (488 bytes).
    Removing GUI_SPRITE.o(.text._Undraw), (240 bytes).
    Removing GUI_SPRITE.o(.text.GUI_SPRITE__CreateEx), (192 bytes).
    Removing GUI_SPRITE.o(.text.GUI_SPRITE__SetCallback), (32 bytes).
    Removing GUI_SPRITE.o(.text.GUI_SPRITE_CreateEx), (14 bytes).
    Removing GUI_SPRITE.o(.text.GUI_SPRITE_Create), (16 bytes).
    Removing GUI_SPRITE.o(.text.GUI_SPRITE_CreateHiddenEx), (14 bytes).
    Removing GUI_SPRITE.o(.text.GUI_SPRITE_CreateHidden), (16 bytes).
    Removing GUI_SPRITE.o(.text.GUI_SPRITE_Delete), (66 bytes).
    Removing GUI_SPRITE.o(.text.GUI_SPRITE_SetPosition), (1192 bytes).
    Removing GUI_SPRITE.o(.text.GUI_SPRITE_SetBitmap), (596 bytes).
    Removing GUI_SPRITE.o(.text.GUI_SPRITE_SetBitmapAndPosition), (1128 bytes).
    Removing GUI_SPRITE.o(.text.GUI_SPRITE_Hide), (50 bytes).
    Removing GUI_SPRITE.o(.text.GUI_SPRITE_Show), (66 bytes).
    Removing GUI_SPRITE.o(.text.GUI_SPRITE_GetState), (34 bytes).
    Removing GUI_SPRITE.o(.rodata), (52 bytes).
    Removing GUI_SPRITE_Anim.o(.text), (0 bytes).
    Removing GUI_SPRITE_Anim.o(.data), (0 bytes).
    Removing GUI_SPRITE_Anim.o(.bss), (0 bytes).
    Removing GUI_SPRITE_Anim.o(.text._CreateTimer), (92 bytes).
    Removing GUI_SPRITE_Anim.o(.text._cbSprite), (98 bytes).
    Removing GUI_SPRITE_Anim.o(.text._cbTimer), (152 bytes).
    Removing GUI_SPRITE_Anim.o(.text.GUI_SPRITE_CreateExAnim), (132 bytes).
    Removing GUI_SPRITE_Anim.o(.text.GUI_SPRITE_CreateAnim), (32 bytes).
    Removing GUI_SPRITE_Anim.o(.text.GUI_SPRITE_StopAnim), (68 bytes).
    Removing GUI_SPRITE_Anim.o(.text.GUI_SPRITE_StartAnim), (70 bytes).
    Removing GUI_SPRITE_Anim.o(.text.GUI_SPRITE_SetLoop), (74 bytes).
    Removing GUIDEV_WriteToActiveAlpha.o(.text), (0 bytes).
    Removing GUIDEV_WriteToActiveAlpha.o(.data), (0 bytes).
    Removing GUIDEV_WriteToActiveAlpha.o(.bss), (0 bytes).
    Removing GUIDEV_WriteToActiveAlpha.o(.text._ClipX), (68 bytes).
    Removing GUIDEV_WriteToActiveAlpha.o(.text._ClipY), (68 bytes).
    Removing GUIDEV_WriteToActiveAlpha.o(.text._WriteToActiveAlpha), (328 bytes).
    Removing GUIDEV_WriteToActiveAlpha.o(.text.GUI_MEMDEV__WriteToActiveAlpha), (304 bytes).
    Removing fadd.o(.text), (176 bytes).
    Removing fmul.o(.text), (100 bytes).
    Removing fdiv.o(.text), (124 bytes).
    Removing dadd.o(.text), (334 bytes).
    Removing fcmplt.o(.text), (28 bytes).
    Removing fcmpgt.o(.text), (28 bytes).
    Removing fcmpeq.o(.text), (28 bytes).
    Removing fflti.o(.text), (18 bytes).
    Removing ffltui.o(.text), (10 bytes).
    Removing dflti.o(.text), (34 bytes).
    Removing dfltui.o(.text), (26 bytes).
    Removing ffixi.o(.text), (50 bytes).
    Removing ffixui.o(.text), (40 bytes).
    Removing dfixi.o(.text), (62 bytes).
    Removing f2d.o(.text), (38 bytes).
    Removing cdcmple.o(.text), (48 bytes).
    Removing fepilogue.o(.text), (110 bytes).
    Removing depilogue.o(.text), (186 bytes).
    Removing dmul.o(.text), (228 bytes).
    Removing ddiv.o(.text), (222 bytes).
    Removing dfixul.o(.text), (48 bytes).
    Removing cdrcmple.o(.text), (48 bytes).
    Removing anon$$obj.o(GUI_pfTimerExec), (4 bytes).
    Removing anon$$obj.o(GUI_pfUpdateSoftLayer), (4 bytes).
    Removing anon$$obj.o(GUI_pfExecAnimations), (4 bytes).
    Removing anon$$obj.o(GUI_pfHookMTOUCH), (4 bytes).
    Removing anon$$obj.o(WM_pfHandlePID), (4 bytes).
    Removing anon$$obj.o(GUI__BufferSize), (4 bytes).
    Removing anon$$obj.o(GUI_AA__ClipX0), (4 bytes).
    Removing anon$$obj.o(GUI__LayerMask), (4 bytes).
    Removing anon$$obj.o(GUI_MTOUCH__pStoreEvent), (4 bytes).
    Removing anon$$obj.o(GUI__pfDrawM565MemdevFunc), (4 bytes).
    Removing anon$$obj.o(GUI__pfDrawM565BitmapFunc), (4 bytes).
    Removing anon$$obj.o(GUI_RectDispString), (8 bytes).
    Removing anon$$obj.o(WM_pfPollPID), (4 bytes).
    Removing anon$$obj.o(WM__CaptureReleaseAuto), (1 bytes).
    Removing anon$$obj.o(GUI__pfDrawAlphaBitmapFunc), (4 bytes).
    Removing anon$$obj.o(GUI__pfDrawAlphaMemdevFunc), (4 bytes).
    Removing main.o(i.MD070SD_Read_Data), (12 bytes).

1441 unused section(s) (total 81901 bytes) removed from the image.
