<!doctype html public "-//w3c//dtd html 4.0 transitional//en">
<html><head>
<title>Static Call Graph - [..\OBJ\Instrument.axf]</title></head>
<body><HR>
<H1>Static Call Graph for image ..\OBJ\Instrument.axf</H1><HR>
<BR><P>#&#060CALLGRAPH&#062# ARM Linker, 5060960: Last Updated: Sat May 13 18:20:20 2023
<BR><P>
<H3>Maximum Stack Usage =        512 bytes + Unknown(Functions without stacksize, Cycles, Untraceable Function Pointers)</H3><H3>
Call chain for Maximum Stack Depth:</H3>
_Get_Data &rArr; f_open &rArr; dir_register &rArr; dir_find &rArr; dir_next &rArr; create_chain &rArr; put_fat &rArr; move_window &rArr; sync_window &rArr; disk_write &rArr; W25QXX_Write &rArr; W25QXX_Write_Sector &rArr; W25QXX_Write_Page &rArr; W25QXX_Wait_Busy &rArr; W25QXX_ReadSR &rArr; SPI_ReadWriteByte
<P>
<H3>
Functions with no stack information
</H3><UL>
 <LI><a href="#[103]">GL_DrawBitmap</a>
 <LI><a href="#[98]">GUIMONO_DispChar</a>
 <LI><a href="#[99]">GUIMONO_GetCharDistX</a>
 <LI><a href="#[9a]">GUIMONO_GetFontInfo</a>
 <LI><a href="#[9b]">GUIMONO_IsInFont</a>
 <LI><a href="#[94]">GUIPROP_DispChar</a>
 <LI><a href="#[95]">GUIPROP_GetCharDistX</a>
 <LI><a href="#[96]">GUIPROP_GetFontInfo</a>
 <LI><a href="#[97]">GUIPROP_IsInFont</a>
 <LI><a href="#[108]">GUIPROP__FindChar</a>
 <LI><a href="#[10c]">GUI_ALLOC_AllocNoInit</a>
 <LI><a href="#[10e]">GUI_ALLOC_AllocZero</a>
 <LI><a href="#[21b]">GUI_ALLOC_AssignMemory</a>
 <LI><a href="#[111]">GUI_ALLOC_Free</a>
 <LI><a href="#[124]">GUI_ALLOC_FreeFixedBlock</a>
 <LI><a href="#[114]">GUI_ALLOC_GetFixedBlock</a>
 <LI><a href="#[118]">GUI_ALLOC_GetMaxSize</a>
 <LI><a href="#[1da]">GUI_ALLOC_GetNumFreeBytes</a>
 <LI><a href="#[10f]">GUI_ALLOC_LockH</a>
 <LI><a href="#[11a]">GUI_ALLOC_RequestSize</a>
 <LI><a href="#[110]">GUI_ALLOC_UnlockH</a>
 <LI><a href="#[119]">GUI_ALLOC_h2p</a>
 <LI><a href="#[1cb]">GUI_CalcColorDist</a>
 <LI><a href="#[11b]">GUI_Clear</a>
 <LI><a href="#[11d]">GUI_ClearRect</a>
 <LI><a href="#[120]">GUI_DEVICE_Create</a>
 <LI><a href="#[121]">GUI_DEVICE_CreateAndLink</a>
 <LI><a href="#[123]">GUI_DEVICE_Delete</a>
 <LI><a href="#[122]">GUI_DEVICE_Link</a>
 <LI><a href="#[1a0]">GUI_DEVICE_Unlink</a>
 <LI><a href="#[153]">GUI_DEVICE__GetpDriver</a>
 <LI><a href="#[125]">GUI_DispString</a>
 <LI><a href="#[12c]">GUI_DispStringAt</a>
 <LI><a href="#[12d]">GUI_DispStringHCenterAt</a>
 <LI><a href="#[12f]">GUI_DrawBitmap</a>
 <LI><a href="#[130]">GUI_DrawStreamedBitmapExAuto</a>
 <LI><a href="#[13a]">GUI_FillRoundedRect</a>
 <LI><a href="#[169]">GUI_GetBitsPerPixelEx</a>
 <LI><a href="#[10a]">GUI_GetBkColor</a>
 <LI><a href="#[18b]">GUI_GetCharDistX</a>
 <LI><a href="#[18d]">GUI_GetCharDistXEx</a>
 <LI><a href="#[109]">GUI_GetColor</a>
 <LI><a href="#[13f]">GUI_GetColorIndex</a>
 <LI><a href="#[126]">GUI_GetFontDistY</a>
 <LI><a href="#[15d]">GUI_GetOrg</a>
 <LI><a href="#[17d]">GUI_GetVersionString</a>
 <LI><a href="#[127]">GUI_GetYAdjust</a>
 <LI><a href="#[16b]">GUI_GetpfColor2IndexEx</a>
 <LI><a href="#[16a]">GUI_GetpfIndex2ColorEx</a>
 <LI><a href="#[11c]">GUI_GotoXY</a>
 <LI><a href="#[140]">GUI_Init</a>
 <LI><a href="#[14c]">GUI_MEMDEV_Clear</a>
 <LI><a href="#[14d]">GUI_MEMDEV_CopyToLCD</a>
 <LI><a href="#[14e]">GUI_MEMDEV_CopyToLCDAt</a>
 <LI><a href="#[152]">GUI_MEMDEV_CreateEx</a>
 <LI><a href="#[155]">GUI_MEMDEV_Delete</a>
 <LI><a href="#[158]">GUI_MEMDEV_Draw</a>
 <LI><a href="#[162]">GUI_MEMDEV_GetBitsPerPixel</a>
 <LI><a href="#[164]">GUI_MEMDEV_GetDataPtr</a>
 <LI><a href="#[15e]">GUI_MEMDEV_GetYSize</a>
 <LI><a href="#[160]">GUI_MEMDEV_ReduceYSize</a>
 <LI><a href="#[151]">GUI_MEMDEV_Select</a>
 <LI><a href="#[161]">GUI_MEMDEV_SetOrg</a>
 <LI><a href="#[154]">GUI_MEMDEV__CreateFixed</a>
 <LI><a href="#[6d]">GUI_MEMDEV__WriteToActiveOpaque</a>
 <LI><a href="#[1df]">GUI_MergeRect</a>
 <LI><a href="#[1c2]">GUI_MoveRect</a>
 <LI><a href="#[16f]">GUI_ReadRectEx</a>
 <LI><a href="#[1cd]">GUI_RectsIntersect</a>
 <LI><a href="#[156]">GUI_SelectLCD</a>
 <LI><a href="#[14f]">GUI_SelectLayer</a>
 <LI><a href="#[172]">GUI_SetBkColor</a>
 <LI><a href="#[10b]">GUI_SetColor</a>
 <LI><a href="#[175]">GUI_SetColorIndex</a>
 <LI><a href="#[21c]">GUI_SetDefaultFont</a>
 <LI><a href="#[104]">GUI_SetDrawMode</a>
 <LI><a href="#[271]">GUI_SetFont</a>
 <LI><a href="#[14a]">GUI_SetOrg</a>
 <LI><a href="#[12e]">GUI_SetTextAlign</a>
 <LI><a href="#[273]">GUI_SetTextMode</a>
 <LI><a href="#[178]">GUI_SignalEvent</a>
 <LI><a href="#[177]">GUI_StoreKey</a>
 <LI><a href="#[18a]">GUI_UC__GetCharCodeInc</a>
 <LI><a href="#[12b]">GUI_UC__NumChars2NumBytes</a>
 <LI><a href="#[1ce]">GUI_USAGE_AddRect</a>
 <LI><a href="#[168]">GUI_USAGE_BM_Create</a>
 <LI><a href="#[157]">GUI_USAGE_DecUseCnt</a>
 <LI><a href="#[179]">GUI__AllocAlphaBuffer</a>
 <LI><a href="#[1cc]">GUI__CompactPixelIndices</a>
 <LI><a href="#[17b]">GUI__CompactPixelIndicesEx</a>
 <LI><a href="#[141]">GUI__Config</a>
 <LI><a href="#[17c]">GUI__ConvertColor2Index</a>
 <LI><a href="#[134]">GUI__CreateBitmapFromStream</a>
 <LI><a href="#[12a]">GUI__DispLine</a>
 <LI><a href="#[182]">GUI__DoAlphaBlending</a>
 <LI><a href="#[184]">GUI__DrawBitmap16bpp</a>
 <LI><a href="#[187]">GUI__DrawBitmapA16bpp</a>
 <LI><a href="#[183]">GUI__ExpandPixelIndicesEx</a>
 <LI><a href="#[17a]">GUI__GetAlphaBuffer</a>
 <LI><a href="#[129]">GUI__GetLineDistX</a>
 <LI><a href="#[128]">GUI__GetLineNumChars</a>
 <LI><a href="#[18c]">GUI__GetOverlap</a>
 <LI><a href="#[1b9]">GUI__IntersectRect</a>
 <LI><a href="#[1a2]">GUI__IntersectRects</a>
 <LI><a href="#[18e]">GUI__ManageCache</a>
 <LI><a href="#[18f]">GUI__ManageCacheEx</a>
 <LI><a href="#[e5]">GUI__MixColors</a>
 <LI><a href="#[e6]">GUI__MixColorsBulk</a>
 <LI><a href="#[190]">GUI__Read16</a>
 <LI><a href="#[1d9]">GUI__Read32</a>
 <LI><a href="#[132]">GUI__ReadHeaderFromStream</a>
 <LI><a href="#[180]">GUI__RegisterExit</a>
 <LI><a href="#[188]">GUI__SetPixelAlpha</a>
 <LI><a href="#[1db]">GUI__memset16</a>
 <LI><a href="#[13b]">GUI__sqrt32</a>
 <LI><a href="#[192]">LCD_Color2Index</a>
 <LI><a href="#[105]">LCD_DrawBitmap</a>
 <LI><a href="#[92]">LCD_DrawHLine</a>
 <LI><a href="#[93]">LCD_DrawPixel</a>
 <LI><a href="#[107]">LCD_FillRect</a>
 <LI><a href="#[186]">LCD_GetBitsPerPixelEx</a>
 <LI><a href="#[13c]">LCD_GetBkColorIndex</a>
 <LI><a href="#[13e]">LCD_GetColorIndex</a>
 <LI><a href="#[185]">LCD_GetNextPixelAPI</a>
 <LI><a href="#[194]">LCD_GetNumColors</a>
 <LI><a href="#[195]">LCD_GetNumColorsEx</a>
 <LI><a href="#[196]">LCD_GetNumLayers</a>
 <LI><a href="#[197]">LCD_GetPalette</a>
 <LI><a href="#[198]">LCD_GetPaletteEx</a>
 <LI><a href="#[191]">LCD_GetPixelColor</a>
 <LI><a href="#[199]">LCD_GetPixelIndex</a>
 <LI><a href="#[15b]">LCD_GetVXSizeEx</a>
 <LI><a href="#[189]">LCD_GetVXSizeMax</a>
 <LI><a href="#[15c]">LCD_GetVYSizeEx</a>
 <LI><a href="#[145]">LCD_GetXSizeDisplay</a>
 <LI><a href="#[159]">LCD_GetXSizeEx</a>
 <LI><a href="#[147]">LCD_GetXSizeMax</a>
 <LI><a href="#[146]">LCD_GetYSizeDisplay</a>
 <LI><a href="#[15a]">LCD_GetYSizeEx</a>
 <LI><a href="#[148]">LCD_GetYSizeMax</a>
 <LI><a href="#[19b]">LCD_GetpPalConvTable</a>
 <LI><a href="#[e0]">LCD_GetpPalConvTableBM</a>
 <LI><a href="#[19c]">LCD_GetpPalConvTableUncached</a>
 <LI><a href="#[13d]">LCD_Index2Color</a>
 <LI><a href="#[60]">LCD_Index2Color_444_12</a>
 <LI><a href="#[61]">LCD_Index2Color_444_12_1</a>
 <LI><a href="#[62]">LCD_Index2Color_444_16</a>
 <LI><a href="#[5c]">LCD_Index2Color_555</a>
 <LI><a href="#[5d]">LCD_Index2Color_565</a>
 <LI><a href="#[a9]">LCD_Index2Color_888</a>
 <LI><a href="#[5b]">LCD_Index2Color_8888</a>
 <LI><a href="#[65]">LCD_Index2Color_M444_12</a>
 <LI><a href="#[66]">LCD_Index2Color_M444_12_1</a>
 <LI><a href="#[67]">LCD_Index2Color_M444_16</a>
 <LI><a href="#[63]">LCD_Index2Color_M555</a>
 <LI><a href="#[64]">LCD_Index2Color_M565</a>
 <LI><a href="#[4d]">LCD_Index2Color_M888</a>
 <LI><a href="#[4c]">LCD_Index2Color_M8888I</a>
 <LI><a href="#[19d]">LCD_InitColors</a>
 <LI><a href="#[19e]">LCD_InitLUT</a>
 <LI><a href="#[171]">LCD_SelectLCD</a>
 <LI><a href="#[173]">LCD_SetBkColor</a>
 <LI><a href="#[1a5]">LCD_SetBkColorIndex</a>
 <LI><a href="#[1a1]">LCD_SetClipRectEx</a>
 <LI><a href="#[167]">LCD_SetClipRectMax</a>
 <LI><a href="#[174]">LCD_SetColor</a>
 <LI><a href="#[176]">LCD_SetColorIndex</a>
 <LI><a href="#[149]">LCD_SetDisplaySize</a>
 <LI><a href="#[106]">LCD_SetDrawMode</a>
 <LI><a href="#[19f]">LCD_SetLUTEntryEx</a>
 <LI><a href="#[1d6]">LCD_SetPixelIndex</a>
 <LI><a href="#[1a3]">LCD_SetSizeEx</a>
 <LI><a href="#[1a4]">LCD_SetVSizeEx</a>
 <LI><a href="#[166]">LCD_UpdateColorIndices</a>
 <LI><a href="#[16e]">LCD__DrawBitmap_1bpp</a>
 <LI><a href="#[1a6]">LCD__GetBPP</a>
 <LI><a href="#[163]">LCD__GetBPPDevice</a>
 <LI><a href="#[137]">LCD__RLE16_SetFunc</a>
 <LI><a href="#[138]">LCD__RLE32_SetFunc</a>
 <LI><a href="#[135]">LCD__RLE4_SetFunc</a>
 <LI><a href="#[136]">LCD__RLE8_SetFunc</a>
 <LI><a href="#[150]">WM_Activate</a>
 <LI><a href="#[1a7]">WM_BringToBottom</a>
 <LI><a href="#[1ab]">WM_CreateWindow</a>
 <LI><a href="#[1ac]">WM_CreateWindowAsChild</a>
 <LI><a href="#[165]">WM_Deactivate</a>
 <LI><a href="#[1b1]">WM_DefaultProc</a>
 <LI><a href="#[1dd]">WM_GetDesktopWindow</a>
 <LI><a href="#[1b4]">WM_GetFirstChild</a>
 <LI><a href="#[1a9]">WM_GetParent</a>
 <LI><a href="#[14b]">WM_Init</a>
 <LI><a href="#[1b6]">WM_InvalidateRect</a>
 <LI><a href="#[1af]">WM_InvalidateWindow</a>
 <LI><a href="#[1bc]">WM_InvalidateWindowAndDescsEx</a>
 <LI><a href="#[1ae]">WM_SelectWindow</a>
 <LI><a href="#[1b3]">WM_SendToParent</a>
 <LI><a href="#[1c0]">WM__ActivateClipRect</a>
 <LI><a href="#[1b5]">WM__AddCriticalHandle</a>
 <LI><a href="#[1b8]">WM__Client2Screen</a>
 <LI><a href="#[1ba]">WM__ClipAtParentBorders</a>
 <LI><a href="#[1b2]">WM__GetClientRectEx</a>
 <LI><a href="#[1c3]">WM__GetClientRectWin</a>
 <LI><a href="#[1c4]">WM__GetFirstSibling</a>
 <LI><a href="#[11f]">WM__GetNextIVR</a>
 <LI><a href="#[1a8]">WM__GetPrevSibling</a>
 <LI><a href="#[1c8]">WM__GetTopLevelLayer</a>
 <LI><a href="#[11e]">WM__InitIVRSearch</a>
 <LI><a href="#[1ad]">WM__InsertWindowIntoList</a>
 <LI><a href="#[1bb]">WM__Invalidate1Abs</a>
 <LI><a href="#[1b7]">WM__InvalidateDrawAndDescs</a>
 <LI><a href="#[1c9]">WM__InvalidateRect</a>
 <LI><a href="#[1aa]">WM__InvalidateRectEx</a>
 <LI><a href="#[1de]">WM__RectIsNZ</a>
 <LI><a href="#[1be]">WM__SelectTopLevelLayer</a>
 <LI><a href="#[1bf]">WM__SendMessage</a>
 <LI><a href="#[15f]">WM__SendMessageNoPara</a>
 <LI><a href="#[1b0]">WM__SendMsgNoData</a>
 <LI><a href="#[144]">emWin_LCD_Init</a>
 <LI><a href="#[8e]">_Color2Index_M565</a>
 <LI><a href="#[8f]">_GetIndexMask_M565</a>
 <LI><a href="#[90]">_Color2IndexBulk</a>
 <LI><a href="#[91]">_Index2ColorBulk</a>
 <LI><a href="#[113]">_PushFreeBlock</a>
 <LI><a href="#[117]">_RemoveFreeBlock</a>
 <LI><a href="#[112]">_AddFreeMemory</a>
 <LI><a href="#[116]">_RemoveHoles</a>
 <LI><a href="#[1ca]">_EnlargeBlocks</a>
 <LI><a href="#[10d]">_Alloc</a>
 <LI><a href="#[115]">_InitOnce</a>
 <LI><a href="#[143]">_InitContext</a>
 <LI><a href="#[4b]">_OnExit</a>
 <LI><a href="#[131]">_GetData</a>
 <LI><a href="#[4a]">_DrawStreamedBitmapExNoPalette</a>
 <LI><a href="#[139]">_DrawStreamedBitmapExLoop</a>
 <LI><a href="#[133]">_GetPaletteEx.isra.0</a>
 <LI><a href="#[49]">_DrawStreamedBitmapExPalette</a>
 <LI><a href="#[193]">_GetDevProp</a>
 <LI><a href="#[19a]">_GetMaxValue</a>
 <LI><a href="#[a6]">_GetDevData</a>
 <LI><a href="#[a4]">_GetDevFunc</a>
 <LI><a href="#[a3]">_SetOrg</a>
 <LI><a href="#[a7]">_GetRect</a>
 <LI><a href="#[1cf]">_XY2PTR</a>
 <LI><a href="#[a0]">_GetPixelIndex</a>
 <LI><a href="#[a2]">_XorPixel</a>
 <LI><a href="#[a1]">_SetPixelIndex</a>
 <LI><a href="#[9e]">_DrawVLine</a>
 <LI><a href="#[9f]">_FillRect</a>
 <LI><a href="#[9d]">_DrawHLine</a>
 <LI><a href="#[9c]">_DrawBitmap</a>
 <LI><a href="#[a5]">_GetDevProp</a>
 <LI><a href="#[5a]">_OnExit</a>
 <LI><a href="#[1c5]">_Findy1</a>
 <LI><a href="#[1c6]">_Findx0</a>
 <LI><a href="#[1c7]">_Findx1</a>
 <LI><a href="#[1c1]">_SetClipRectUserIntersect</a>
 <LI><a href="#[1bd]">_Invalidate1Abs</a>
 <LI><a href="#[59]">_cbBackWin</a>
 <LI><a href="#[e1]">_Log2VisBuffered</a>
 <LI><a href="#[181]">_DispLine</a>
 <LI><a href="#[a8]">_DrawBitmap</a>
 <LI><a href="#[af]">_DrawBitmap444_12</a>
 <LI><a href="#[ae]">_DrawBitmapM444_12</a>
 <LI><a href="#[ad]">_DrawBitmap444_12_1</a>
 <LI><a href="#[ac]">_DrawBitmapM444_12_1</a>
 <LI><a href="#[ab]">_DrawBitmap444_16</a>
 <LI><a href="#[aa]">_DrawBitmapM444_16</a>
 <LI><a href="#[b1]">_DrawBitmap</a>
 <LI><a href="#[b0]">_DrawBitmapSwapRB</a>
 <LI><a href="#[b3]">_DrawBitmap</a>
 <LI><a href="#[b2]">_DrawBitmapSwapRB</a>
 <LI><a href="#[1d1]">_DoClipping</a>
 <LI><a href="#[b6]">_DrawBitmapHW_8888</a>
 <LI><a href="#[e2]">_SetPixelAlpha</a>
 <LI><a href="#[1d0]">_DrawBitmap</a>
 <LI><a href="#[b5]">_DrawBitmap_8888</a>
 <LI><a href="#[b4]">_DrawBitmap_M8888I</a>
 <LI><a href="#[ba]">_DrawBitmapA565</a>
 <LI><a href="#[b9]">_DrawBitmapAM565</a>
 <LI><a href="#[b8]">_DrawBitmapA555</a>
 <LI><a href="#[b7]">_DrawBitmapAM555</a>
 <LI><a href="#[bb]">_GetCharCode</a>
 <LI><a href="#[bc]">_GetCharSize</a>
 <LI><a href="#[bd]">_CalcSizeOfChar</a>
 <LI><a href="#[be]">_Encode</a>
 <LI><a href="#[c1]">_SetDrawMode</a>
 <LI><a href="#[bf]">_SetColor</a>
 <LI><a href="#[c0]">_SetBkColor</a>
 <LI><a href="#[4f]">_OnExit</a>
 <LI><a href="#[68]">_GetByte_pPixel</a>
 <LI><a href="#[51]">_GetByte_GetData</a>
 <LI><a href="#[1d3]">_GetPixelIndex</a>
 <LI><a href="#[1d2]">_DrawBitmap</a>
 <LI><a href="#[c5]">_DrawBitmap_RLE16</a>
 <LI><a href="#[c4]">_DrawBitmap_RLEM16</a>
 <LI><a href="#[50]">_OnExit</a>
 <LI><a href="#[1d8]">_DrawBitmap_Ex.isra.0</a>
 <LI><a href="#[c3]">_DrawBitmap_RLE16Ex</a>
 <LI><a href="#[c2]">_DrawBitmap_RLEM16Ex</a>
 <LI><a href="#[1dc]">_LoadBufferOnDemand</a>
 <LI><a href="#[69]">_GetByte_pPixel</a>
 <LI><a href="#[53]">_GetByte_GetData</a>
 <LI><a href="#[54]">_GetPixel_GetData</a>
 <LI><a href="#[1d4]">_DrawBitmap</a>
 <LI><a href="#[5e]">_DrawClip</a>
 <LI><a href="#[5f]">_Draw</a>
 <LI><a href="#[c7]">_DrawBitmap_RLE32</a>
 <LI><a href="#[6a]">_GetPixel_pPixel</a>
 <LI><a href="#[c6]">_DrawBitmap_RLE32Ex</a>
 <LI><a href="#[52]">_OnExit</a>
 <LI><a href="#[6b]">_GetByte_pPixel</a>
 <LI><a href="#[56]">_GetByte_GetData</a>
 <LI><a href="#[1d5]">_DrawBitmap</a>
 <LI><a href="#[c9]">_DrawBitmap_RLE4</a>
 <LI><a href="#[c8]">_DrawBitmap_RLE4Ex</a>
 <LI><a href="#[55]">_OnExit</a>
 <LI><a href="#[6c]">_GetByte_pPixel</a>
 <LI><a href="#[58]">_GetByte_GetData</a>
 <LI><a href="#[1d7]">_DrawBitmap</a>
 <LI><a href="#[cb]">_DrawBitmap_RLE8</a>
 <LI><a href="#[ca]">_DrawBitmap_RLE8Ex</a>
 <LI><a href="#[57]">_OnExit</a>
 <LI><a href="#[16c]">_Convert16</a>
 <LI><a href="#[16d]">_Convert8</a>
 <LI><a href="#[cc]">_Color2Index_M8888I</a>
 <LI><a href="#[cd]">_GetIndexMask_M8888I</a>
 <LI><a href="#[ce]">_Color2IndexBulk_M8888I</a>
 <LI><a href="#[cf]">_Index2ColorBulk_M8888I</a>
 <LI><a href="#[d2]">_GetIndexMask_0</a>
 <LI><a href="#[d1]">_Index2Color_0</a>
 <LI><a href="#[d0]">_Color2Index_0</a>
 <LI><a href="#[d3]">_Color2Index_565</a>
 <LI><a href="#[d4]">_GetIndexMask_565</a>
 <LI><a href="#[d5]">_Color2IndexBulk</a>
 <LI><a href="#[d6]">_Index2ColorBulk</a>
 <LI><a href="#[d7]">_Color2Index_8888</a>
 <LI><a href="#[d8]">_GetIndexMask_8888</a>
 <LI><a href="#[d9]">_Color2IndexBulk</a>
 <LI><a href="#[da]">_Index2ColorBulk</a>
 <LI><a href="#[4e]">_OnExit</a>
 <LI><a href="#[1e0]">_NextPixel_FlushBuffer</a>
 <LI><a href="#[e8]">_NextPixel_SetPixel</a>
 <LI><a href="#[e9]">_NextPixel_NextLine</a>
 <LI><a href="#[ea]">_NextPixel_End</a>
 <LI><a href="#[e7]">_NextPixel_Start</a>
 <LI><a href="#[db]">GUI_USAGE_BM_AddPixel</a>
 <LI><a href="#[df]">GUI_USAGE_BM_GetNextDirty</a>
 <LI><a href="#[de]">_GUI_USAGE_BM_Delete</a>
 <LI><a href="#[dd]">GUI_USAGE_BM_Clear</a>
 <LI><a href="#[dc]">GUI_USAGE_BM_AddHLine</a>
 <LI><a href="#[170]">LCD_ReadRectEx</a>
</UL>
</UL>
<P>
<H3>
Mutually Recursive functions
</H3> <LI><a href="#[6]">SVC_Handler</a>&nbsp;&nbsp;&nbsp;&rArr;&nbsp;&nbsp;&nbsp;<a href="#[6]">SVC_Handler</a><BR>
 <LI><a href="#[8]">PendSV_Handler</a>&nbsp;&nbsp;&nbsp;&rArr;&nbsp;&nbsp;&nbsp;<a href="#[8]">PendSV_Handler</a><BR>
 <LI><a href="#[9]">SysTick_Handler</a>&nbsp;&nbsp;&nbsp;&rArr;&nbsp;&nbsp;&nbsp;<a href="#[9]">SysTick_Handler</a><BR>
 <LI><a href="#[1c]">ADC1_2_IRQHandler</a>&nbsp;&nbsp;&nbsp;&rArr;&nbsp;&nbsp;&nbsp;<a href="#[1c]">ADC1_2_IRQHandler</a><BR>
 <LI><a href="#[108]">GUIPROP__FindChar</a>&nbsp;&nbsp;&nbsp;&rArr;&nbsp;&nbsp;&nbsp;<a href="#[108]">GUIPROP__FindChar</a><BR>
 <LI><a href="#[1ca]">_EnlargeBlocks</a>&nbsp;&nbsp;&nbsp;&rArr;&nbsp;&nbsp;&nbsp;<a href="#[10d]">_Alloc</a><BR>
 <LI><a href="#[1c7]">_Findx1</a>&nbsp;&nbsp;&nbsp;&rArr;&nbsp;&nbsp;&nbsp;<a href="#[1c7]">_Findx1</a><BR>
 <LI><a href="#[1c6]">_Findx0</a>&nbsp;&nbsp;&nbsp;&rArr;&nbsp;&nbsp;&nbsp;<a href="#[1c6]">_Findx0</a><BR>
 <LI><a href="#[1c5]">_Findy1</a>&nbsp;&nbsp;&nbsp;&rArr;&nbsp;&nbsp;&nbsp;<a href="#[1c5]">_Findy1</a><BR>
 <LI><a href="#[1c9]">WM__InvalidateRect</a>&nbsp;&nbsp;&nbsp;&rArr;&nbsp;&nbsp;&nbsp;<a href="#[1c9]">WM__InvalidateRect</a><BR>
 <LI><a href="#[1bc]">WM_InvalidateWindowAndDescsEx</a>&nbsp;&nbsp;&nbsp;&rArr;&nbsp;&nbsp;&nbsp;<a href="#[1bc]">WM_InvalidateWindowAndDescsEx</a><BR>
 <LI><a href="#[1b7]">WM__InvalidateDrawAndDescs</a>&nbsp;&nbsp;&nbsp;&rArr;&nbsp;&nbsp;&nbsp;<a href="#[1b7]">WM__InvalidateDrawAndDescs</a><BR>
 <LI><a href="#[1b3]">WM_SendToParent</a>&nbsp;&nbsp;&nbsp;&rArr;&nbsp;&nbsp;&nbsp;<a href="#[1bf]">WM__SendMessage</a><BR>
</UL>
<P>
<H3>
Function Pointers
</H3><UL>
 <LI><a href="#[1c]">ADC1_2_IRQHandler</a> from startup_stm32f10x_hd.o(.text) referenced from startup_stm32f10x_hd.o(RESET)
 <LI><a href="#[39]">ADC3_IRQHandler</a> from startup_stm32f10x_hd.o(.text) referenced from startup_stm32f10x_hd.o(RESET)
 <LI><a href="#[4]">BusFault_Handler</a> from stm32f10x_it.o(i.BusFault_Handler) referenced from startup_stm32f10x_hd.o(RESET)
 <LI><a href="#[1f]">CAN1_RX1_IRQHandler</a> from startup_stm32f10x_hd.o(.text) referenced from startup_stm32f10x_hd.o(RESET)
 <LI><a href="#[20]">CAN1_SCE_IRQHandler</a> from startup_stm32f10x_hd.o(.text) referenced from startup_stm32f10x_hd.o(RESET)
 <LI><a href="#[15]">DMA1_Channel1_IRQHandler</a> from startup_stm32f10x_hd.o(.text) referenced from startup_stm32f10x_hd.o(RESET)
 <LI><a href="#[16]">DMA1_Channel2_IRQHandler</a> from startup_stm32f10x_hd.o(.text) referenced from startup_stm32f10x_hd.o(RESET)
 <LI><a href="#[17]">DMA1_Channel3_IRQHandler</a> from startup_stm32f10x_hd.o(.text) referenced from startup_stm32f10x_hd.o(RESET)
 <LI><a href="#[18]">DMA1_Channel4_IRQHandler</a> from startup_stm32f10x_hd.o(.text) referenced from startup_stm32f10x_hd.o(RESET)
 <LI><a href="#[19]">DMA1_Channel5_IRQHandler</a> from startup_stm32f10x_hd.o(.text) referenced from startup_stm32f10x_hd.o(RESET)
 <LI><a href="#[1a]">DMA1_Channel6_IRQHandler</a> from startup_stm32f10x_hd.o(.text) referenced from startup_stm32f10x_hd.o(RESET)
 <LI><a href="#[1b]">DMA1_Channel7_IRQHandler</a> from startup_stm32f10x_hd.o(.text) referenced from startup_stm32f10x_hd.o(RESET)
 <LI><a href="#[42]">DMA2_Channel1_IRQHandler</a> from startup_stm32f10x_hd.o(.text) referenced from startup_stm32f10x_hd.o(RESET)
 <LI><a href="#[43]">DMA2_Channel2_IRQHandler</a> from startup_stm32f10x_hd.o(.text) referenced from startup_stm32f10x_hd.o(RESET)
 <LI><a href="#[44]">DMA2_Channel3_IRQHandler</a> from startup_stm32f10x_hd.o(.text) referenced from startup_stm32f10x_hd.o(RESET)
 <LI><a href="#[45]">DMA2_Channel4_5_IRQHandler</a> from startup_stm32f10x_hd.o(.text) referenced from startup_stm32f10x_hd.o(RESET)
 <LI><a href="#[7]">DebugMon_Handler</a> from stm32f10x_it.o(i.DebugMon_Handler) referenced from startup_stm32f10x_hd.o(RESET)
 <LI><a href="#[10]">EXTI0_IRQHandler</a> from startup_stm32f10x_hd.o(.text) referenced from startup_stm32f10x_hd.o(RESET)
 <LI><a href="#[32]">EXTI15_10_IRQHandler</a> from startup_stm32f10x_hd.o(.text) referenced from startup_stm32f10x_hd.o(RESET)
 <LI><a href="#[11]">EXTI1_IRQHandler</a> from startup_stm32f10x_hd.o(.text) referenced from startup_stm32f10x_hd.o(RESET)
 <LI><a href="#[12]">EXTI2_IRQHandler</a> from startup_stm32f10x_hd.o(.text) referenced from startup_stm32f10x_hd.o(RESET)
 <LI><a href="#[13]">EXTI3_IRQHandler</a> from startup_stm32f10x_hd.o(.text) referenced from startup_stm32f10x_hd.o(RESET)
 <LI><a href="#[14]">EXTI4_IRQHandler</a> from startup_stm32f10x_hd.o(.text) referenced from startup_stm32f10x_hd.o(RESET)
 <LI><a href="#[21]">EXTI9_5_IRQHandler</a> from startup_stm32f10x_hd.o(.text) referenced from startup_stm32f10x_hd.o(RESET)
 <LI><a href="#[e]">FLASH_IRQHandler</a> from startup_stm32f10x_hd.o(.text) referenced from startup_stm32f10x_hd.o(RESET)
 <LI><a href="#[3a]">FSMC_IRQHandler</a> from startup_stm32f10x_hd.o(.text) referenced from startup_stm32f10x_hd.o(RESET)
 <LI><a href="#[98]">GUIMONO_DispChar</a> from GUI_CharM.o(.text.GUIMONO_DispChar) referenced 2 times from F6x8.o(.rodata)
 <LI><a href="#[99]">GUIMONO_GetCharDistX</a> from GUI_CharM.o(.text.GUIMONO_GetCharDistX) referenced 2 times from F6x8.o(.rodata)
 <LI><a href="#[9a]">GUIMONO_GetFontInfo</a> from GUI_CharM.o(.text.GUIMONO_GetFontInfo) referenced 2 times from F6x8.o(.rodata)
 <LI><a href="#[9b]">GUIMONO_IsInFont</a> from GUI_CharM.o(.text.GUIMONO_IsInFont) referenced 2 times from F6x8.o(.rodata)
 <LI><a href="#[94]">GUIPROP_DispChar</a> from GUI_CharP.o(.text.GUIPROP_DispChar) referenced 5 times from F08_ASCII.o(.rodata)
 <LI><a href="#[95]">GUIPROP_GetCharDistX</a> from GUI_CharP.o(.text.GUIPROP_GetCharDistX) referenced 5 times from F08_ASCII.o(.rodata)
 <LI><a href="#[96]">GUIPROP_GetFontInfo</a> from GUI_CharP.o(.text.GUIPROP_GetFontInfo) referenced 5 times from F08_ASCII.o(.rodata)
 <LI><a href="#[97]">GUIPROP_IsInFont</a> from GUI_CharP.o(.text.GUIPROP_IsInFont) referenced 5 times from F08_ASCII.o(.rodata)
 <LI><a href="#[6d]">GUI_MEMDEV__WriteToActiveOpaque</a> from GUIDEV_WriteToActiveOpaque.o(.text.GUI_MEMDEV__WriteToActiveOpaque) referenced from GUIDEV_16.o(.text._GetDevFunc)
 <LI><a href="#[dc]">GUI_USAGE_BM_AddHLine</a> from GUIDEV_UsageBM.o(.text.GUI_USAGE_BM_AddHLine) referenced from GUIDEV_UsageBM.o(.rodata)
 <LI><a href="#[db]">GUI_USAGE_BM_AddPixel</a> from GUIDEV_UsageBM.o(.text.GUI_USAGE_BM_AddPixel) referenced from GUIDEV_UsageBM.o(.rodata)
 <LI><a href="#[dd]">GUI_USAGE_BM_Clear</a> from GUIDEV_UsageBM.o(.text.GUI_USAGE_BM_Clear) referenced from GUIDEV_UsageBM.o(.rodata)
 <LI><a href="#[df]">GUI_USAGE_BM_GetNextDirty</a> from GUIDEV_UsageBM.o(.text.GUI_USAGE_BM_GetNextDirty) referenced from GUIDEV_UsageBM.o(.rodata)
 <LI><a href="#[e5]">GUI__MixColors</a> from GUI__Alpha.o(.text.GUI__MixColors) referenced from GUI__Alpha.o(.data)
 <LI><a href="#[e6]">GUI__MixColorsBulk</a> from GUI__Alpha.o(.text.GUI__MixColorsBulk) referenced from GUI__Alpha.o(.data)
 <LI><a href="#[2]">HardFault_Handler</a> from stm32f10x_it.o(i.HardFault_Handler) referenced from startup_stm32f10x_hd.o(RESET)
 <LI><a href="#[2a]">I2C1_ER_IRQHandler</a> from startup_stm32f10x_hd.o(.text) referenced from startup_stm32f10x_hd.o(RESET)
 <LI><a href="#[29]">I2C1_EV_IRQHandler</a> from startup_stm32f10x_hd.o(.text) referenced from startup_stm32f10x_hd.o(RESET)
 <LI><a href="#[2c]">I2C2_ER_IRQHandler</a> from startup_stm32f10x_hd.o(.text) referenced from startup_stm32f10x_hd.o(RESET)
 <LI><a href="#[2b]">I2C2_EV_IRQHandler</a> from startup_stm32f10x_hd.o(.text) referenced from startup_stm32f10x_hd.o(RESET)
 <LI><a href="#[92]">LCD_DrawHLine</a> from LCD.o(.text.LCD_DrawHLine) referenced from GUI_Core.o(.rodata)
 <LI><a href="#[93]">LCD_DrawPixel</a> from LCD.o(.text.LCD_DrawPixel) referenced from GUI_Core.o(.rodata)
 <LI><a href="#[e0]">LCD_GetpPalConvTableBM</a> from LCD_Color.o(.text.LCD_GetpPalConvTableBM) referenced from GUI_Core.o(.data)
 <LI><a href="#[60]">LCD_Index2Color_444_12</a> from GUICC_444_12_Index2Color.o(.text.LCD_Index2Color_444_12) referenced from GUI_DrawBitmap_444.o(.rodata)
 <LI><a href="#[60]">LCD_Index2Color_444_12</a> from GUICC_444_12_Index2Color.o(.text.LCD_Index2Color_444_12) referenced from GUI_DrawBitmap_444.o(.text._DrawBitmap444_12)
 <LI><a href="#[61]">LCD_Index2Color_444_12_1</a> from GUICC_444_12_1_Index2Color.o(.text.LCD_Index2Color_444_12_1) referenced from GUI_DrawBitmap_444.o(.rodata)
 <LI><a href="#[61]">LCD_Index2Color_444_12_1</a> from GUICC_444_12_1_Index2Color.o(.text.LCD_Index2Color_444_12_1) referenced from GUI_DrawBitmap_444.o(.text._DrawBitmap444_12_1)
 <LI><a href="#[62]">LCD_Index2Color_444_16</a> from GUICC_444_16_Index2Color.o(.text.LCD_Index2Color_444_16) referenced from GUI_DrawBitmap_444.o(.rodata)
 <LI><a href="#[62]">LCD_Index2Color_444_16</a> from GUICC_444_16_Index2Color.o(.text.LCD_Index2Color_444_16) referenced from GUI_DrawBitmap_444.o(.text._DrawBitmap444_16)
 <LI><a href="#[5c]">LCD_Index2Color_555</a> from GUICC_555_Index2Color.o(.text.LCD_Index2Color_555) referenced 2 times from GUI_DrawBitmap_555.o(.rodata)
 <LI><a href="#[5c]">LCD_Index2Color_555</a> from GUICC_555_Index2Color.o(.text.LCD_Index2Color_555) referenced from GUI_DrawBitmap_555.o(.text._DrawBitmap)
 <LI><a href="#[5c]">LCD_Index2Color_555</a> from GUICC_555_Index2Color.o(.text.LCD_Index2Color_555) referenced from GUI_DrawBitmap_A16.o(.text._DrawBitmapA555)
 <LI><a href="#[5d]">LCD_Index2Color_565</a> from GUICC_565.o(.text.LCD_Index2Color_565) referenced 3 times from GUI_DrawBitmap_565.o(.rodata)
 <LI><a href="#[5d]">LCD_Index2Color_565</a> from GUICC_565.o(.text.LCD_Index2Color_565) referenced from GUI_DrawBitmap_565.o(.text._DrawBitmap)
 <LI><a href="#[5d]">LCD_Index2Color_565</a> from GUICC_565.o(.text.LCD_Index2Color_565) referenced from GUI_DrawBitmap_A16.o(.text._DrawBitmapA565)
 <LI><a href="#[a9]">LCD_Index2Color_888</a> from GUICC_888_Index2Color.o(.text.LCD_Index2Color_888) referenced from GUI_DrawBitmap_24.o(.rodata)
 <LI><a href="#[5b]">LCD_Index2Color_8888</a> from GUICC_8888_Index2Color.o(.text.LCD_Index2Color_8888) referenced 2 times from GUI_DrawBitmap_8888.o(.rodata)
 <LI><a href="#[5b]">LCD_Index2Color_8888</a> from GUICC_8888_Index2Color.o(.text.LCD_Index2Color_8888) referenced from LCD_RLE32.o(.text._Draw)
 <LI><a href="#[5b]">LCD_Index2Color_8888</a> from GUICC_8888_Index2Color.o(.text.LCD_Index2Color_8888) referenced from GUI_DrawBitmap_8888.o(.text._DrawBitmap_8888)
 <LI><a href="#[65]">LCD_Index2Color_M444_12</a> from GUICC_M444_12_Index2Color.o(.text.LCD_Index2Color_M444_12) referenced from GUI_DrawBitmap_444.o(.rodata)
 <LI><a href="#[65]">LCD_Index2Color_M444_12</a> from GUICC_M444_12_Index2Color.o(.text.LCD_Index2Color_M444_12) referenced from GUI_DrawBitmap_444.o(.text._DrawBitmapM444_12)
 <LI><a href="#[66]">LCD_Index2Color_M444_12_1</a> from GUICC_M444_12_1_Index2Color.o(.text.LCD_Index2Color_M444_12_1) referenced from GUI_DrawBitmap_444.o(.rodata)
 <LI><a href="#[66]">LCD_Index2Color_M444_12_1</a> from GUICC_M444_12_1_Index2Color.o(.text.LCD_Index2Color_M444_12_1) referenced from GUI_DrawBitmap_444.o(.text._DrawBitmapM444_12_1)
 <LI><a href="#[67]">LCD_Index2Color_M444_16</a> from GUICC_M444_16_Index2Color.o(.text.LCD_Index2Color_M444_16) referenced from GUI_DrawBitmap_444.o(.rodata)
 <LI><a href="#[67]">LCD_Index2Color_M444_16</a> from GUICC_M444_16_Index2Color.o(.text.LCD_Index2Color_M444_16) referenced from GUI_DrawBitmap_444.o(.text._DrawBitmapM444_16)
 <LI><a href="#[63]">LCD_Index2Color_M555</a> from GUICC_M555_Index2Color.o(.text.LCD_Index2Color_M555) referenced 2 times from GUI_DrawBitmap_555.o(.rodata)
 <LI><a href="#[63]">LCD_Index2Color_M555</a> from GUICC_M555_Index2Color.o(.text.LCD_Index2Color_M555) referenced from GUI_DrawBitmap_A16.o(.text._DrawBitmapAM555)
 <LI><a href="#[63]">LCD_Index2Color_M555</a> from GUICC_M555_Index2Color.o(.text.LCD_Index2Color_M555) referenced from GUI_DrawBitmap_555.o(.text._DrawBitmapSwapRB)
 <LI><a href="#[64]">LCD_Index2Color_M565</a> from GUICC_M565.o(.text.LCD_Index2Color_M565) referenced 3 times from GUICC_M565.o(.rodata)
 <LI><a href="#[64]">LCD_Index2Color_M565</a> from GUICC_M565.o(.text.LCD_Index2Color_M565) referenced from GUI_DrawBitmap_A16.o(.text._DrawBitmapAM565)
 <LI><a href="#[64]">LCD_Index2Color_M565</a> from GUICC_M565.o(.text.LCD_Index2Color_M565) referenced from GUI_DrawBitmap_565.o(.text._DrawBitmapSwapRB)
 <LI><a href="#[4d]">LCD_Index2Color_M888</a> from GUICC_M888_Index2Color.o(.text.LCD_Index2Color_M888) referenced from GUI__Alpha.o(.text.GUI__DoAlphaBlending)
 <LI><a href="#[4c]">LCD_Index2Color_M8888I</a> from GUICC_M8888I_Index2Color.o(.text.LCD_Index2Color_M8888I) referenced 2 times from GUI_DrawBitmap_8888.o(.rodata)
 <LI><a href="#[4c]">LCD_Index2Color_M8888I</a> from GUICC_M8888I_Index2Color.o(.text.LCD_Index2Color_M8888I) referenced from GUI__Alpha.o(.text.GUI__DoAlphaBlending)
 <LI><a href="#[4c]">LCD_Index2Color_M8888I</a> from GUICC_M8888I_Index2Color.o(.text.LCD_Index2Color_M8888I) referenced from GUI_DrawBitmap_8888.o(.text._DrawBitmap_M8888I)
 <LI><a href="#[3]">MemManage_Handler</a> from stm32f10x_it.o(i.MemManage_Handler) referenced from startup_stm32f10x_hd.o(RESET)
 <LI><a href="#[1]">NMI_Handler</a> from stm32f10x_it.o(i.NMI_Handler) referenced from startup_stm32f10x_hd.o(RESET)
 <LI><a href="#[b]">PVD_IRQHandler</a> from startup_stm32f10x_hd.o(.text) referenced from startup_stm32f10x_hd.o(RESET)
 <LI><a href="#[8]">PendSV_Handler</a> from startup_stm32f10x_hd.o(.text) referenced from startup_stm32f10x_hd.o(RESET)
 <LI><a href="#[f]">RCC_IRQHandler</a> from startup_stm32f10x_hd.o(.text) referenced from startup_stm32f10x_hd.o(RESET)
 <LI><a href="#[33]">RTCAlarm_IRQHandler</a> from startup_stm32f10x_hd.o(.text) referenced from startup_stm32f10x_hd.o(RESET)
 <LI><a href="#[d]">RTC_IRQHandler</a> from bsp_rtc.o(i.RTC_IRQHandler) referenced from startup_stm32f10x_hd.o(RESET)
 <LI><a href="#[0]">Reset_Handler</a> from startup_stm32f10x_hd.o(.text) referenced from startup_stm32f10x_hd.o(RESET)
 <LI><a href="#[3b]">SDIO_IRQHandler</a> from stm32f10x_it.o(i.SDIO_IRQHandler) referenced from startup_stm32f10x_hd.o(RESET)
 <LI><a href="#[2d]">SPI1_IRQHandler</a> from startup_stm32f10x_hd.o(.text) referenced from startup_stm32f10x_hd.o(RESET)
 <LI><a href="#[2e]">SPI2_IRQHandler</a> from startup_stm32f10x_hd.o(.text) referenced from startup_stm32f10x_hd.o(RESET)
 <LI><a href="#[3d]">SPI3_IRQHandler</a> from startup_stm32f10x_hd.o(.text) referenced from startup_stm32f10x_hd.o(RESET)
 <LI><a href="#[6]">SVC_Handler</a> from startup_stm32f10x_hd.o(.text) referenced from startup_stm32f10x_hd.o(RESET)
 <LI><a href="#[9]">SysTick_Handler</a> from startup_stm32f10x_hd.o(.text) referenced from startup_stm32f10x_hd.o(RESET)
 <LI><a href="#[47]">SystemInit</a> from system_stm32f10x.o(i.SystemInit) referenced from startup_stm32f10x_hd.o(.text)
 <LI><a href="#[c]">TAMPER_IRQHandler</a> from startup_stm32f10x_hd.o(.text) referenced from startup_stm32f10x_hd.o(RESET)
 <LI><a href="#[22]">TIM1_BRK_IRQHandler</a> from startup_stm32f10x_hd.o(.text) referenced from startup_stm32f10x_hd.o(RESET)
 <LI><a href="#[25]">TIM1_CC_IRQHandler</a> from startup_stm32f10x_hd.o(.text) referenced from startup_stm32f10x_hd.o(RESET)
 <LI><a href="#[24]">TIM1_TRG_COM_IRQHandler</a> from startup_stm32f10x_hd.o(.text) referenced from startup_stm32f10x_hd.o(RESET)
 <LI><a href="#[23]">TIM1_UP_IRQHandler</a> from startup_stm32f10x_hd.o(.text) referenced from startup_stm32f10x_hd.o(RESET)
 <LI><a href="#[26]">TIM2_IRQHandler</a> from main.o(i.TIM2_IRQHandler) referenced from startup_stm32f10x_hd.o(RESET)
 <LI><a href="#[27]">TIM3_IRQHandler</a> from main.o(i.TIM3_IRQHandler) referenced from startup_stm32f10x_hd.o(RESET)
 <LI><a href="#[28]">TIM4_IRQHandler</a> from startup_stm32f10x_hd.o(.text) referenced from startup_stm32f10x_hd.o(RESET)
 <LI><a href="#[3c]">TIM5_IRQHandler</a> from startup_stm32f10x_hd.o(.text) referenced from startup_stm32f10x_hd.o(RESET)
 <LI><a href="#[40]">TIM6_IRQHandler</a> from startup_stm32f10x_hd.o(.text) referenced from startup_stm32f10x_hd.o(RESET)
 <LI><a href="#[41]">TIM7_IRQHandler</a> from startup_stm32f10x_hd.o(.text) referenced from startup_stm32f10x_hd.o(RESET)
 <LI><a href="#[35]">TIM8_BRK_IRQHandler</a> from startup_stm32f10x_hd.o(.text) referenced from startup_stm32f10x_hd.o(RESET)
 <LI><a href="#[38]">TIM8_CC_IRQHandler</a> from startup_stm32f10x_hd.o(.text) referenced from startup_stm32f10x_hd.o(RESET)
 <LI><a href="#[37]">TIM8_TRG_COM_IRQHandler</a> from startup_stm32f10x_hd.o(.text) referenced from startup_stm32f10x_hd.o(RESET)
 <LI><a href="#[36]">TIM8_UP_IRQHandler</a> from startup_stm32f10x_hd.o(.text) referenced from startup_stm32f10x_hd.o(RESET)
 <LI><a href="#[7e]">Task1_CallBack</a> from main.o(i.Task1_CallBack) referenced from main.o(i.main)
 <LI><a href="#[7f]">Task2_CallBack</a> from main.o(i.Task2_CallBack) referenced from main.o(i.main)
 <LI><a href="#[80]">Task3_CallBack</a> from main.o(i.Task3_CallBack) referenced from main.o(i.main)
 <LI><a href="#[81]">Task4_CallBack</a> from main.o(i.Task4_CallBack) referenced from main.o(i.main)
 <LI><a href="#[3e]">UART4_IRQHandler</a> from startup_stm32f10x_hd.o(.text) referenced from startup_stm32f10x_hd.o(RESET)
 <LI><a href="#[3f]">UART5_IRQHandler</a> from startup_stm32f10x_hd.o(.text) referenced from startup_stm32f10x_hd.o(RESET)
 <LI><a href="#[2f]">USART1_IRQHandler</a> from bsp_usart.o(i.USART1_IRQHandler) referenced from startup_stm32f10x_hd.o(RESET)
 <LI><a href="#[30]">USART2_IRQHandler</a> from startup_stm32f10x_hd.o(.text) referenced from startup_stm32f10x_hd.o(RESET)
 <LI><a href="#[31]">USART3_IRQHandler</a> from startup_stm32f10x_hd.o(.text) referenced from startup_stm32f10x_hd.o(RESET)
 <LI><a href="#[34]">USBWakeUp_IRQHandler</a> from startup_stm32f10x_hd.o(.text) referenced from startup_stm32f10x_hd.o(RESET)
 <LI><a href="#[1d]">USB_HP_CAN1_TX_IRQHandler</a> from startup_stm32f10x_hd.o(.text) referenced from startup_stm32f10x_hd.o(RESET)
 <LI><a href="#[1e]">USB_LP_CAN1_RX0_IRQHandler</a> from stm32f10x_it.o(i.USB_LP_CAN1_RX0_IRQHandler) referenced from startup_stm32f10x_hd.o(RESET)
 <LI><a href="#[5]">UsageFault_Handler</a> from stm32f10x_it.o(i.UsageFault_Handler) referenced from startup_stm32f10x_hd.o(RESET)
 <LI><a href="#[a]">WWDG_IRQHandler</a> from startup_stm32f10x_hd.o(.text) referenced from startup_stm32f10x_hd.o(RESET)
 <LI><a href="#[7d]">_BkcbWindow</a> from main.o(i._BkcbWindow) referenced from main.o(i.main)
 <LI><a href="#[bd]">_CalcSizeOfChar</a> from GUI_UC_EncodeNone.o(.text._CalcSizeOfChar) referenced from GUI_UC_EncodeNone.o(.rodata)
 <LI><a href="#[90]">_Color2IndexBulk</a> from GUICC_M565.o(.text._Color2IndexBulk) referenced 3 times from GUICC_M565.o(.rodata)
 <LI><a href="#[ce]">_Color2IndexBulk_M8888I</a> from GUICC_M8888I.o(.text._Color2IndexBulk_M8888I) referenced from GUICC_M8888I.o(.rodata)
 <LI><a href="#[d0]">_Color2Index_0</a> from GUICC_0.o(.text._Color2Index_0) referenced from GUICC_0.o(.rodata)
 <LI><a href="#[d3]">_Color2Index_565</a> from GUICC_565.o(.text._Color2Index_565) referenced from GUICC_565.o(.rodata)
 <LI><a href="#[d7]">_Color2Index_8888</a> from GUICC_8888.o(.text._Color2Index_8888) referenced from GUICC_8888.o(.rodata)
 <LI><a href="#[8e]">_Color2Index_M565</a> from GUICC_M565.o(.text._Color2Index_M565) referenced from GUICC_M565.o(.rodata)
 <LI><a href="#[cc]">_Color2Index_M8888I</a> from GUICC_M8888I.o(.text._Color2Index_M8888I) referenced from GUICC_M8888I.o(.rodata)
 <LI><a href="#[5f]">_Draw</a> from LCD_RLE32.o(.text._Draw) referenced from LCD_RLE32.o(.text._DrawBitmap)
 <LI><a href="#[82]">_DrawBitmap</a> from guidrv_template.o(i._DrawBitmap) referenced from guidrv_template.o(.constdata)
 <LI><a href="#[9c]">_DrawBitmap</a> from GUIDEV_16.o(.text._DrawBitmap) referenced 4 times from GUIDEV_16.o(.rodata)
 <LI><a href="#[af]">_DrawBitmap444_12</a> from GUI_DrawBitmap_444.o(.text._DrawBitmap444_12) referenced from GUI_DrawBitmap_444.o(.rodata)
 <LI><a href="#[ad]">_DrawBitmap444_12_1</a> from GUI_DrawBitmap_444.o(.text._DrawBitmap444_12_1) referenced from GUI_DrawBitmap_444.o(.rodata)
 <LI><a href="#[ab]">_DrawBitmap444_16</a> from GUI_DrawBitmap_444.o(.text._DrawBitmap444_16) referenced from GUI_DrawBitmap_444.o(.rodata)
 <LI><a href="#[b8]">_DrawBitmapA555</a> from GUI_DrawBitmap_A16.o(.text._DrawBitmapA555) referenced from GUI_DrawBitmap_A16.o(.rodata)
 <LI><a href="#[ba]">_DrawBitmapA565</a> from GUI_DrawBitmap_A16.o(.text._DrawBitmapA565) referenced from GUI_DrawBitmap_A16.o(.rodata)
 <LI><a href="#[b7]">_DrawBitmapAM555</a> from GUI_DrawBitmap_A16.o(.text._DrawBitmapAM555) referenced from GUI_DrawBitmap_A16.o(.rodata)
 <LI><a href="#[b9]">_DrawBitmapAM565</a> from GUI_DrawBitmap_A16.o(.text._DrawBitmapAM565) referenced from GUI_DrawBitmap_A16.o(.rodata)
 <LI><a href="#[b6]">_DrawBitmapHW_8888</a> from GUI_DrawBitmap_8888.o(.text._DrawBitmapHW_8888) referenced from GUI_DrawBitmap_8888.o(.rodata)
 <LI><a href="#[ae]">_DrawBitmapM444_12</a> from GUI_DrawBitmap_444.o(.text._DrawBitmapM444_12) referenced from GUI_DrawBitmap_444.o(.rodata)
 <LI><a href="#[ac]">_DrawBitmapM444_12_1</a> from GUI_DrawBitmap_444.o(.text._DrawBitmapM444_12_1) referenced from GUI_DrawBitmap_444.o(.rodata)
 <LI><a href="#[aa]">_DrawBitmapM444_16</a> from GUI_DrawBitmap_444.o(.text._DrawBitmapM444_16) referenced from GUI_DrawBitmap_444.o(.rodata)
 <LI><a href="#[b0]">_DrawBitmapSwapRB</a> from GUI_DrawBitmap_555.o(.text._DrawBitmapSwapRB) referenced 2 times from GUI_DrawBitmap_555.o(.rodata)
 <LI><a href="#[b5]">_DrawBitmap_8888</a> from GUI_DrawBitmap_8888.o(.text._DrawBitmap_8888) referenced from GUI_DrawBitmap_8888.o(.rodata)
 <LI><a href="#[b4]">_DrawBitmap_M8888I</a> from GUI_DrawBitmap_8888.o(.text._DrawBitmap_M8888I) referenced from GUI_DrawBitmap_8888.o(.rodata)
 <LI><a href="#[c5]">_DrawBitmap_RLE16</a> from LCD_RLE16.o(.text._DrawBitmap_RLE16) referenced from LCD_RLE16.o(.rodata)
 <LI><a href="#[c3]">_DrawBitmap_RLE16Ex</a> from LCD_RLE16.o(.text._DrawBitmap_RLE16Ex) referenced from LCD_RLE16.o(.rodata)
 <LI><a href="#[c7]">_DrawBitmap_RLE32</a> from LCD_RLE32.o(.text._DrawBitmap_RLE32) referenced from LCD_RLE32.o(.rodata)
 <LI><a href="#[c6]">_DrawBitmap_RLE32Ex</a> from LCD_RLE32.o(.text._DrawBitmap_RLE32Ex) referenced from LCD_RLE32.o(.rodata)
 <LI><a href="#[c9]">_DrawBitmap_RLE4</a> from LCD_RLE4.o(.text._DrawBitmap_RLE4) referenced from LCD_RLE4.o(.rodata)
 <LI><a href="#[c8]">_DrawBitmap_RLE4Ex</a> from LCD_RLE4.o(.text._DrawBitmap_RLE4Ex) referenced from LCD_RLE4.o(.rodata)
 <LI><a href="#[cb]">_DrawBitmap_RLE8</a> from LCD_RLE8.o(.text._DrawBitmap_RLE8) referenced from LCD_RLE8.o(.rodata)
 <LI><a href="#[ca]">_DrawBitmap_RLE8Ex</a> from LCD_RLE8.o(.text._DrawBitmap_RLE8Ex) referenced from LCD_RLE8.o(.rodata)
 <LI><a href="#[c4]">_DrawBitmap_RLEM16</a> from LCD_RLE16.o(.text._DrawBitmap_RLEM16) referenced from LCD_RLE16.o(.rodata)
 <LI><a href="#[c2]">_DrawBitmap_RLEM16Ex</a> from LCD_RLE16.o(.text._DrawBitmap_RLEM16Ex) referenced from LCD_RLE16.o(.rodata)
 <LI><a href="#[5e]">_DrawClip</a> from LCD_RLE32.o(.text._DrawClip) referenced from LCD_RLE32.o(.text._DrawBitmap)
 <LI><a href="#[83]">_DrawHLine</a> from guidrv_template.o(i._DrawHLine) referenced from guidrv_template.o(.constdata)
 <LI><a href="#[9d]">_DrawHLine</a> from GUIDEV_16.o(.text._DrawHLine) referenced from GUIDEV_16.o(.rodata)
 <LI><a href="#[6f]">_DrawIt_Battery</a> from memdev_banding.o(i._DrawIt_Battery) referenced from memdev_banding.o(i._DemoBandingMemdev_Battery)
 <LI><a href="#[70]">_DrawIt_Mileage</a> from memdev_banding.o(i._DrawIt_Mileage) referenced from memdev_banding.o(i._DemoBandingMemdev_Mileage)
 <LI><a href="#[71]">_DrawIt_Network</a> from memdev_banding.o(i._DrawIt_Network) referenced from memdev_banding.o(i._DemoBandingMemdev_Network)
 <LI><a href="#[72]">_DrawIt_Oil</a> from memdev_banding.o(i._DrawIt_Oil) referenced from memdev_banding.o(i._DemoBandingMemdev_Oil)
 <LI><a href="#[73]">_DrawIt_Speed</a> from memdev_banding.o(i._DrawIt_Speed) referenced from memdev_banding.o(i._DemoBandingMemdev_Speed)
 <LI><a href="#[4a]">_DrawStreamedBitmapExNoPalette</a> from GUI_Stream.o(.text._DrawStreamedBitmapExNoPalette) referenced from GUI_Stream.o(.text.GUI_DrawStreamedBitmapExAuto)
 <LI><a href="#[49]">_DrawStreamedBitmapExPalette</a> from GUI_Stream.o(.text._DrawStreamedBitmapExPalette) referenced from GUI_Stream.o(.text.GUI_DrawStreamedBitmapExAuto)
 <LI><a href="#[84]">_DrawVLine</a> from guidrv_template.o(i._DrawVLine) referenced from guidrv_template.o(.constdata)
 <LI><a href="#[9e]">_DrawVLine</a> from GUIDEV_16.o(.text._DrawVLine) referenced from GUIDEV_16.o(.rodata)
 <LI><a href="#[be]">_Encode</a> from GUI_UC_EncodeNone.o(.text._Encode) referenced from GUI_UC_EncodeNone.o(.rodata)
 <LI><a href="#[85]">_FillRect</a> from guidrv_template.o(i._FillRect) referenced from guidrv_template.o(.constdata)
 <LI><a href="#[9f]">_FillRect</a> from GUIDEV_16.o(.text._FillRect) referenced from GUIDEV_16.o(.rodata)
 <LI><a href="#[de]">_GUI_USAGE_BM_Delete</a> from GUIDEV_UsageBM.o(.text._GUI_USAGE_BM_Delete) referenced from GUIDEV_UsageBM.o(.rodata)
 <LI><a href="#[51]">_GetByte_GetData</a> from LCD_RLE16.o(.text._GetByte_GetData) referenced from LCD_RLE16.o(.text.LCD__RLE16_SetFunc)
 <LI><a href="#[53]">_GetByte_GetData</a> from LCD_RLE32.o(.text._GetByte_GetData) referenced from LCD_RLE32.o(.text.LCD__RLE32_SetFunc)
 <LI><a href="#[56]">_GetByte_GetData</a> from LCD_RLE4.o(.text._GetByte_GetData) referenced from LCD_RLE4.o(.text.LCD__RLE4_SetFunc)
 <LI><a href="#[58]">_GetByte_GetData</a> from LCD_RLE8.o(.text._GetByte_GetData) referenced from LCD_RLE8.o(.text.LCD__RLE8_SetFunc)
 <LI><a href="#[68]">_GetByte_pPixel</a> from LCD_RLE16.o(.text._GetByte_pPixel) referenced from LCD_RLE16.o(.text._DrawBitmap_RLE16)
 <LI><a href="#[69]">_GetByte_pPixel</a> from LCD_RLE32.o(.text._GetByte_pPixel) referenced from LCD_RLE32.o(.text._DrawBitmap_RLE32)
 <LI><a href="#[6b]">_GetByte_pPixel</a> from LCD_RLE4.o(.text._GetByte_pPixel) referenced from LCD_RLE4.o(.text._DrawBitmap_RLE4)
 <LI><a href="#[6c]">_GetByte_pPixel</a> from LCD_RLE8.o(.text._GetByte_pPixel) referenced from LCD_RLE8.o(.text._DrawBitmap_RLE8)
 <LI><a href="#[68]">_GetByte_pPixel</a> from LCD_RLE16.o(.text._GetByte_pPixel) referenced from LCD_RLE16.o(.text._DrawBitmap_RLEM16)
 <LI><a href="#[bb]">_GetCharCode</a> from GUI_UC_EncodeNone.o(.text._GetCharCode) referenced from GUI_UC_EncodeNone.o(.rodata)
 <LI><a href="#[bc]">_GetCharSize</a> from GUI_UC_EncodeNone.o(.text._GetCharSize) referenced from GUI_UC_EncodeNone.o(.rodata)
 <LI><a href="#[8c]">_GetDevData</a> from guidrv_template.o(i._GetDevData) referenced from guidrv_template.o(.constdata)
 <LI><a href="#[a6]">_GetDevData</a> from GUIDEV_16.o(.text._GetDevData) referenced from GUIDEV_16.o(.rodata)
 <LI><a href="#[8a]">_GetDevFunc</a> from guidrv_template.o(i._GetDevFunc) referenced from guidrv_template.o(.constdata)
 <LI><a href="#[a4]">_GetDevFunc</a> from GUIDEV_16.o(.text._GetDevFunc) referenced from GUIDEV_16.o(.rodata)
 <LI><a href="#[8b]">_GetDevProp</a> from guidrv_template.o(i._GetDevProp) referenced from guidrv_template.o(.constdata)
 <LI><a href="#[a5]">_GetDevProp</a> from GUIDEV_16.o(.text._GetDevProp) referenced from GUIDEV_16.o(.rodata)
 <LI><a href="#[d2]">_GetIndexMask_0</a> from GUICC_0.o(.text._GetIndexMask_0) referenced from GUICC_0.o(.rodata)
 <LI><a href="#[d4]">_GetIndexMask_565</a> from GUICC_565.o(.text._GetIndexMask_565) referenced from GUICC_565.o(.rodata)
 <LI><a href="#[d8]">_GetIndexMask_8888</a> from GUICC_8888.o(.text._GetIndexMask_8888) referenced from GUICC_8888.o(.rodata)
 <LI><a href="#[8f]">_GetIndexMask_M565</a> from GUICC_M565.o(.text._GetIndexMask_M565) referenced from GUICC_M565.o(.rodata)
 <LI><a href="#[cd]">_GetIndexMask_M8888I</a> from GUICC_M8888I.o(.text._GetIndexMask_M8888I) referenced from GUICC_M8888I.o(.rodata)
 <LI><a href="#[86]">_GetPixelIndex</a> from guidrv_template.o(i._GetPixelIndex) referenced from guidrv_template.o(.constdata)
 <LI><a href="#[a0]">_GetPixelIndex</a> from GUIDEV_16.o(.text._GetPixelIndex) referenced from GUIDEV_16.o(.rodata)
 <LI><a href="#[54]">_GetPixel_GetData</a> from LCD_RLE32.o(.text._GetPixel_GetData) referenced from LCD_RLE32.o(.text.LCD__RLE32_SetFunc)
 <LI><a href="#[6a]">_GetPixel_pPixel</a> from LCD_RLE32.o(.text._GetPixel_pPixel) referenced from LCD_RLE32.o(.text._DrawBitmap_RLE32)
 <LI><a href="#[8d]">_GetRect</a> from guidrv_template.o(i._GetRect) referenced from guidrv_template.o(.constdata)
 <LI><a href="#[a7]">_GetRect</a> from GUIDEV_16.o(.text._GetRect) referenced from GUIDEV_16.o(.rodata)
 <LI><a href="#[6e]">_Get_Data</a> from main.o(i._Get_Data) referenced from main.o(i._BkcbWindow)
 <LI><a href="#[91]">_Index2ColorBulk</a> from GUICC_M565.o(.text._Index2ColorBulk) referenced 3 times from GUICC_M565.o(.rodata)
 <LI><a href="#[cf]">_Index2ColorBulk_M8888I</a> from GUICC_M8888I.o(.text._Index2ColorBulk_M8888I) referenced from GUICC_M8888I.o(.rodata)
 <LI><a href="#[d1]">_Index2Color_0</a> from GUICC_0.o(.text._Index2Color_0) referenced from GUICC_0.o(.rodata)
 <LI><a href="#[77]">_Init</a> from guidrv_template.o(i._Init) referenced from guidrv_template.o(i._GetDevFunc)
 <LI><a href="#[e1]">_Log2VisBuffered</a> from GUI_CharLine.o(.text._Log2VisBuffered) referenced from GUI_CharLine.o(.data)
 <LI><a href="#[ea]">_NextPixel_End</a> from LCD_NextPixelAPI.o(.text._NextPixel_End) referenced from LCD_NextPixelAPI.o(.data)
 <LI><a href="#[e9]">_NextPixel_NextLine</a> from LCD_NextPixelAPI.o(.text._NextPixel_NextLine) referenced from LCD_NextPixelAPI.o(.data)
 <LI><a href="#[e8]">_NextPixel_SetPixel</a> from LCD_NextPixelAPI.o(.text._NextPixel_SetPixel) referenced from LCD_NextPixelAPI.o(.data)
 <LI><a href="#[e7]">_NextPixel_Start</a> from LCD_NextPixelAPI.o(.text._NextPixel_Start) referenced from LCD_NextPixelAPI.o(.data)
 <LI><a href="#[79]">_Off</a> from guidrv_template.o(i._Off) referenced from guidrv_template.o(i._GetDevFunc)
 <LI><a href="#[78]">_On</a> from guidrv_template.o(i._On) referenced from guidrv_template.o(i._GetDevFunc)
 <LI><a href="#[4b]">_OnExit</a> from GUI_Core.o(.text._OnExit) referenced from GUI_Core.o(.text.GUI__Config)
 <LI><a href="#[4e]">_OnExit</a> from GUI__Alpha.o(.text._OnExit) referenced from GUI__Alpha.o(.text.GUI__GetAlphaBuffer)
 <LI><a href="#[4f]">_OnExit</a> from LCD_Color.o(.text._OnExit) referenced from LCD_Color.o(.text.LCD_InitColors)
 <LI><a href="#[50]">_OnExit</a> from LCD_RLE16.o(.text._OnExit) referenced from LCD_RLE16.o(.text.LCD__RLE16_SetFunc)
 <LI><a href="#[52]">_OnExit</a> from LCD_RLE32.o(.text._OnExit) referenced from LCD_RLE32.o(.text.LCD__RLE32_SetFunc)
 <LI><a href="#[55]">_OnExit</a> from LCD_RLE4.o(.text._OnExit) referenced from LCD_RLE4.o(.text.LCD__RLE4_SetFunc)
 <LI><a href="#[57]">_OnExit</a> from LCD_RLE8.o(.text._OnExit) referenced from LCD_RLE8.o(.text.LCD__RLE8_SetFunc)
 <LI><a href="#[5a]">_OnExit</a> from WM.o(.text._OnExit) referenced from WM.o(.text.WM_Init)
 <LI><a href="#[c0]">_SetBkColor</a> from LCD.o(.text._SetBkColor) referenced from LCD.o(.rodata)
 <LI><a href="#[bf]">_SetColor</a> from LCD.o(.text._SetColor) referenced from LCD.o(.rodata)
 <LI><a href="#[c1]">_SetDrawMode</a> from LCD.o(.text._SetDrawMode) referenced from LCD.o(.rodata)
 <LI><a href="#[7a]">_SetLUTEntry</a> from guidrv_template.o(i._SetLUTEntry) referenced from guidrv_template.o(i._GetDevFunc)
 <LI><a href="#[89]">_SetOrg</a> from guidrv_template.o(i._SetOrg) referenced from guidrv_template.o(.constdata)
 <LI><a href="#[a3]">_SetOrg</a> from GUIDEV_16.o(.text._SetOrg) referenced from GUIDEV_16.o(.rodata)
 <LI><a href="#[e2]">_SetPixelAlpha</a> from GUI_DrawBitmap_8888.o(.text._SetPixelAlpha) referenced from GUI_DrawBitmap_8888.o(.data)
 <LI><a href="#[87]">_SetPixelIndex</a> from guidrv_template.o(i._SetPixelIndex) referenced from guidrv_template.o(.constdata)
 <LI><a href="#[a1]">_SetPixelIndex</a> from GUIDEV_16.o(.text._SetPixelIndex) referenced from GUIDEV_16.o(.rodata)
 <LI><a href="#[76]">_SetSize</a> from guidrv_template.o(i._SetSize) referenced from guidrv_template.o(i._GetDevFunc)
 <LI><a href="#[74]">_SetVRAMAddr</a> from guidrv_template.o(i._SetVRAMAddr) referenced from guidrv_template.o(i._GetDevFunc)
 <LI><a href="#[75]">_SetVSize</a> from guidrv_template.o(i._SetVSize) referenced from guidrv_template.o(i._GetDevFunc)
 <LI><a href="#[88]">_XorPixel</a> from guidrv_template.o(i._XorPixel) referenced from guidrv_template.o(.constdata)
 <LI><a href="#[a2]">_XorPixel</a> from GUIDEV_16.o(.text._XorPixel) referenced from GUIDEV_16.o(.rodata)
 <LI><a href="#[48]">__main</a> from entry.o(.ARM.Collect$$$$00000000) referenced from startup_stm32f10x_hd.o(.text)
 <LI><a href="#[59]">_cbBackWin</a> from WM.o(.text._cbBackWin) referenced from WM.o(.text.WM_Init)
 <LI><a href="#[7c]">_sputc</a> from printfa.o(i._sputc) referenced from printfa.o(i.__0sprintf)
 <LI><a href="#[7b]">fputc</a> from bsp_usart.o(i.fputc) referenced from printfa.o(i.__0printf)
 <LI><a href="#[46]">main</a> from main.o(i.main) referenced from entry9a.o(.ARM.Collect$$$$0000000B)
 <LI><a href="#[e3]">memcpy</a> from memmove.o(.text) referenced from GUI__Private.o(.data)
 <LI><a href="#[e4]">memset</a> from memseta.o(.text) referenced from GUI__Private.o(.data)
</UL>
<P>
<H3>
Global Symbols
</H3>
<P><STRONG><a name="[48]"></a>__main</STRONG> (Thumb, 0 bytes, Stack size unknown bytes, entry.o(.ARM.Collect$$$$00000000))
<BR>[Address Reference Count : 1]<UL><LI> startup_stm32f10x_hd.o(.text)
</UL>
<P><STRONG><a name="[2e6]"></a>_main_stk</STRONG> (Thumb, 0 bytes, Stack size unknown bytes, entry2.o(.ARM.Collect$$$$00000001))

<P><STRONG><a name="[eb]"></a>_main_scatterload</STRONG> (Thumb, 0 bytes, Stack size unknown bytes, entry5.o(.ARM.Collect$$$$00000004))
<BR><BR>[Calls]<UL><LI><a href="#[ec]">&gt;&gt;</a>&nbsp;&nbsp;&nbsp;__scatterload
</UL>

<P><STRONG><a name="[102]"></a>__main_after_scatterload</STRONG> (Thumb, 0 bytes, Stack size unknown bytes, entry5.o(.ARM.Collect$$$$00000004))
<BR><BR>[Called By]<UL><LI><a href="#[ec]">&gt;&gt;</a>&nbsp;&nbsp;&nbsp;__scatterload
</UL>

<P><STRONG><a name="[2e7]"></a>_main_clock</STRONG> (Thumb, 0 bytes, Stack size unknown bytes, entry7b.o(.ARM.Collect$$$$00000008))

<P><STRONG><a name="[2e8]"></a>_main_cpp_init</STRONG> (Thumb, 0 bytes, Stack size unknown bytes, entry8b.o(.ARM.Collect$$$$0000000A))

<P><STRONG><a name="[2e9]"></a>_main_init</STRONG> (Thumb, 0 bytes, Stack size unknown bytes, entry9a.o(.ARM.Collect$$$$0000000B))

<P><STRONG><a name="[2ea]"></a>__rt_lib_shutdown_fini</STRONG> (Thumb, 0 bytes, Stack size unknown bytes, entry12b.o(.ARM.Collect$$$$0000000E))

<P><STRONG><a name="[2eb]"></a>__rt_final_cpp</STRONG> (Thumb, 0 bytes, Stack size unknown bytes, entry10a.o(.ARM.Collect$$$$0000000F))

<P><STRONG><a name="[2ec]"></a>__rt_final_exit</STRONG> (Thumb, 0 bytes, Stack size unknown bytes, entry11a.o(.ARM.Collect$$$$00000011))

<P><STRONG><a name="[0]"></a>Reset_Handler</STRONG> (Thumb, 8 bytes, Stack size 0 bytes, startup_stm32f10x_hd.o(.text))
<BR>[Address Reference Count : 1]<UL><LI> startup_stm32f10x_hd.o(RESET)
</UL>
<P><STRONG><a name="[6]"></a>SVC_Handler</STRONG> (Thumb, 2 bytes, Stack size 0 bytes, startup_stm32f10x_hd.o(.text))
<BR><BR>[Calls]<UL><LI><a href="#[6]">&gt;&gt;</a>&nbsp;&nbsp;&nbsp;SVC_Handler
</UL>
<BR>[Called By]<UL><LI><a href="#[6]">&gt;&gt;</a>&nbsp;&nbsp;&nbsp;SVC_Handler
</UL>
<BR>[Address Reference Count : 1]<UL><LI> startup_stm32f10x_hd.o(RESET)
</UL>
<P><STRONG><a name="[8]"></a>PendSV_Handler</STRONG> (Thumb, 2 bytes, Stack size 0 bytes, startup_stm32f10x_hd.o(.text))
<BR><BR>[Calls]<UL><LI><a href="#[8]">&gt;&gt;</a>&nbsp;&nbsp;&nbsp;PendSV_Handler
</UL>
<BR>[Called By]<UL><LI><a href="#[8]">&gt;&gt;</a>&nbsp;&nbsp;&nbsp;PendSV_Handler
</UL>
<BR>[Address Reference Count : 1]<UL><LI> startup_stm32f10x_hd.o(RESET)
</UL>
<P><STRONG><a name="[9]"></a>SysTick_Handler</STRONG> (Thumb, 2 bytes, Stack size 0 bytes, startup_stm32f10x_hd.o(.text))
<BR><BR>[Calls]<UL><LI><a href="#[9]">&gt;&gt;</a>&nbsp;&nbsp;&nbsp;SysTick_Handler
</UL>
<BR>[Called By]<UL><LI><a href="#[9]">&gt;&gt;</a>&nbsp;&nbsp;&nbsp;SysTick_Handler
</UL>
<BR>[Address Reference Count : 1]<UL><LI> startup_stm32f10x_hd.o(RESET)
</UL>
<P><STRONG><a name="[1c]"></a>ADC1_2_IRQHandler</STRONG> (Thumb, 0 bytes, Stack size 0 bytes, startup_stm32f10x_hd.o(.text))
<BR><BR>[Calls]<UL><LI><a href="#[1c]">&gt;&gt;</a>&nbsp;&nbsp;&nbsp;ADC1_2_IRQHandler
</UL>
<BR>[Called By]<UL><LI><a href="#[1c]">&gt;&gt;</a>&nbsp;&nbsp;&nbsp;ADC1_2_IRQHandler
</UL>
<BR>[Address Reference Count : 1]<UL><LI> startup_stm32f10x_hd.o(RESET)
</UL>
<P><STRONG><a name="[39]"></a>ADC3_IRQHandler</STRONG> (Thumb, 0 bytes, Stack size 0 bytes, startup_stm32f10x_hd.o(.text))
<BR>[Address Reference Count : 1]<UL><LI> startup_stm32f10x_hd.o(RESET)
</UL>
<P><STRONG><a name="[1f]"></a>CAN1_RX1_IRQHandler</STRONG> (Thumb, 0 bytes, Stack size 0 bytes, startup_stm32f10x_hd.o(.text))
<BR>[Address Reference Count : 1]<UL><LI> startup_stm32f10x_hd.o(RESET)
</UL>
<P><STRONG><a name="[20]"></a>CAN1_SCE_IRQHandler</STRONG> (Thumb, 0 bytes, Stack size 0 bytes, startup_stm32f10x_hd.o(.text))
<BR>[Address Reference Count : 1]<UL><LI> startup_stm32f10x_hd.o(RESET)
</UL>
<P><STRONG><a name="[15]"></a>DMA1_Channel1_IRQHandler</STRONG> (Thumb, 0 bytes, Stack size 0 bytes, startup_stm32f10x_hd.o(.text))
<BR>[Address Reference Count : 1]<UL><LI> startup_stm32f10x_hd.o(RESET)
</UL>
<P><STRONG><a name="[16]"></a>DMA1_Channel2_IRQHandler</STRONG> (Thumb, 0 bytes, Stack size 0 bytes, startup_stm32f10x_hd.o(.text))
<BR>[Address Reference Count : 1]<UL><LI> startup_stm32f10x_hd.o(RESET)
</UL>
<P><STRONG><a name="[17]"></a>DMA1_Channel3_IRQHandler</STRONG> (Thumb, 0 bytes, Stack size 0 bytes, startup_stm32f10x_hd.o(.text))
<BR>[Address Reference Count : 1]<UL><LI> startup_stm32f10x_hd.o(RESET)
</UL>
<P><STRONG><a name="[18]"></a>DMA1_Channel4_IRQHandler</STRONG> (Thumb, 0 bytes, Stack size 0 bytes, startup_stm32f10x_hd.o(.text))
<BR>[Address Reference Count : 1]<UL><LI> startup_stm32f10x_hd.o(RESET)
</UL>
<P><STRONG><a name="[19]"></a>DMA1_Channel5_IRQHandler</STRONG> (Thumb, 0 bytes, Stack size 0 bytes, startup_stm32f10x_hd.o(.text))
<BR>[Address Reference Count : 1]<UL><LI> startup_stm32f10x_hd.o(RESET)
</UL>
<P><STRONG><a name="[1a]"></a>DMA1_Channel6_IRQHandler</STRONG> (Thumb, 0 bytes, Stack size 0 bytes, startup_stm32f10x_hd.o(.text))
<BR>[Address Reference Count : 1]<UL><LI> startup_stm32f10x_hd.o(RESET)
</UL>
<P><STRONG><a name="[1b]"></a>DMA1_Channel7_IRQHandler</STRONG> (Thumb, 0 bytes, Stack size 0 bytes, startup_stm32f10x_hd.o(.text))
<BR>[Address Reference Count : 1]<UL><LI> startup_stm32f10x_hd.o(RESET)
</UL>
<P><STRONG><a name="[42]"></a>DMA2_Channel1_IRQHandler</STRONG> (Thumb, 0 bytes, Stack size 0 bytes, startup_stm32f10x_hd.o(.text))
<BR>[Address Reference Count : 1]<UL><LI> startup_stm32f10x_hd.o(RESET)
</UL>
<P><STRONG><a name="[43]"></a>DMA2_Channel2_IRQHandler</STRONG> (Thumb, 0 bytes, Stack size 0 bytes, startup_stm32f10x_hd.o(.text))
<BR>[Address Reference Count : 1]<UL><LI> startup_stm32f10x_hd.o(RESET)
</UL>
<P><STRONG><a name="[44]"></a>DMA2_Channel3_IRQHandler</STRONG> (Thumb, 0 bytes, Stack size 0 bytes, startup_stm32f10x_hd.o(.text))
<BR>[Address Reference Count : 1]<UL><LI> startup_stm32f10x_hd.o(RESET)
</UL>
<P><STRONG><a name="[45]"></a>DMA2_Channel4_5_IRQHandler</STRONG> (Thumb, 0 bytes, Stack size 0 bytes, startup_stm32f10x_hd.o(.text))
<BR>[Address Reference Count : 1]<UL><LI> startup_stm32f10x_hd.o(RESET)
</UL>
<P><STRONG><a name="[10]"></a>EXTI0_IRQHandler</STRONG> (Thumb, 0 bytes, Stack size 0 bytes, startup_stm32f10x_hd.o(.text))
<BR>[Address Reference Count : 1]<UL><LI> startup_stm32f10x_hd.o(RESET)
</UL>
<P><STRONG><a name="[32]"></a>EXTI15_10_IRQHandler</STRONG> (Thumb, 0 bytes, Stack size 0 bytes, startup_stm32f10x_hd.o(.text))
<BR>[Address Reference Count : 1]<UL><LI> startup_stm32f10x_hd.o(RESET)
</UL>
<P><STRONG><a name="[11]"></a>EXTI1_IRQHandler</STRONG> (Thumb, 0 bytes, Stack size 0 bytes, startup_stm32f10x_hd.o(.text))
<BR>[Address Reference Count : 1]<UL><LI> startup_stm32f10x_hd.o(RESET)
</UL>
<P><STRONG><a name="[12]"></a>EXTI2_IRQHandler</STRONG> (Thumb, 0 bytes, Stack size 0 bytes, startup_stm32f10x_hd.o(.text))
<BR>[Address Reference Count : 1]<UL><LI> startup_stm32f10x_hd.o(RESET)
</UL>
<P><STRONG><a name="[13]"></a>EXTI3_IRQHandler</STRONG> (Thumb, 0 bytes, Stack size 0 bytes, startup_stm32f10x_hd.o(.text))
<BR>[Address Reference Count : 1]<UL><LI> startup_stm32f10x_hd.o(RESET)
</UL>
<P><STRONG><a name="[14]"></a>EXTI4_IRQHandler</STRONG> (Thumb, 0 bytes, Stack size 0 bytes, startup_stm32f10x_hd.o(.text))
<BR>[Address Reference Count : 1]<UL><LI> startup_stm32f10x_hd.o(RESET)
</UL>
<P><STRONG><a name="[21]"></a>EXTI9_5_IRQHandler</STRONG> (Thumb, 0 bytes, Stack size 0 bytes, startup_stm32f10x_hd.o(.text))
<BR>[Address Reference Count : 1]<UL><LI> startup_stm32f10x_hd.o(RESET)
</UL>
<P><STRONG><a name="[e]"></a>FLASH_IRQHandler</STRONG> (Thumb, 0 bytes, Stack size 0 bytes, startup_stm32f10x_hd.o(.text))
<BR>[Address Reference Count : 1]<UL><LI> startup_stm32f10x_hd.o(RESET)
</UL>
<P><STRONG><a name="[3a]"></a>FSMC_IRQHandler</STRONG> (Thumb, 0 bytes, Stack size 0 bytes, startup_stm32f10x_hd.o(.text))
<BR>[Address Reference Count : 1]<UL><LI> startup_stm32f10x_hd.o(RESET)
</UL>
<P><STRONG><a name="[2a]"></a>I2C1_ER_IRQHandler</STRONG> (Thumb, 0 bytes, Stack size 0 bytes, startup_stm32f10x_hd.o(.text))
<BR>[Address Reference Count : 1]<UL><LI> startup_stm32f10x_hd.o(RESET)
</UL>
<P><STRONG><a name="[29]"></a>I2C1_EV_IRQHandler</STRONG> (Thumb, 0 bytes, Stack size 0 bytes, startup_stm32f10x_hd.o(.text))
<BR>[Address Reference Count : 1]<UL><LI> startup_stm32f10x_hd.o(RESET)
</UL>
<P><STRONG><a name="[2c]"></a>I2C2_ER_IRQHandler</STRONG> (Thumb, 0 bytes, Stack size 0 bytes, startup_stm32f10x_hd.o(.text))
<BR>[Address Reference Count : 1]<UL><LI> startup_stm32f10x_hd.o(RESET)
</UL>
<P><STRONG><a name="[2b]"></a>I2C2_EV_IRQHandler</STRONG> (Thumb, 0 bytes, Stack size 0 bytes, startup_stm32f10x_hd.o(.text))
<BR>[Address Reference Count : 1]<UL><LI> startup_stm32f10x_hd.o(RESET)
</UL>
<P><STRONG><a name="[b]"></a>PVD_IRQHandler</STRONG> (Thumb, 0 bytes, Stack size 0 bytes, startup_stm32f10x_hd.o(.text))
<BR>[Address Reference Count : 1]<UL><LI> startup_stm32f10x_hd.o(RESET)
</UL>
<P><STRONG><a name="[f]"></a>RCC_IRQHandler</STRONG> (Thumb, 0 bytes, Stack size 0 bytes, startup_stm32f10x_hd.o(.text))
<BR>[Address Reference Count : 1]<UL><LI> startup_stm32f10x_hd.o(RESET)
</UL>
<P><STRONG><a name="[33]"></a>RTCAlarm_IRQHandler</STRONG> (Thumb, 0 bytes, Stack size 0 bytes, startup_stm32f10x_hd.o(.text))
<BR>[Address Reference Count : 1]<UL><LI> startup_stm32f10x_hd.o(RESET)
</UL>
<P><STRONG><a name="[2d]"></a>SPI1_IRQHandler</STRONG> (Thumb, 0 bytes, Stack size 0 bytes, startup_stm32f10x_hd.o(.text))
<BR>[Address Reference Count : 1]<UL><LI> startup_stm32f10x_hd.o(RESET)
</UL>
<P><STRONG><a name="[2e]"></a>SPI2_IRQHandler</STRONG> (Thumb, 0 bytes, Stack size 0 bytes, startup_stm32f10x_hd.o(.text))
<BR>[Address Reference Count : 1]<UL><LI> startup_stm32f10x_hd.o(RESET)
</UL>
<P><STRONG><a name="[3d]"></a>SPI3_IRQHandler</STRONG> (Thumb, 0 bytes, Stack size 0 bytes, startup_stm32f10x_hd.o(.text))
<BR>[Address Reference Count : 1]<UL><LI> startup_stm32f10x_hd.o(RESET)
</UL>
<P><STRONG><a name="[c]"></a>TAMPER_IRQHandler</STRONG> (Thumb, 0 bytes, Stack size 0 bytes, startup_stm32f10x_hd.o(.text))
<BR>[Address Reference Count : 1]<UL><LI> startup_stm32f10x_hd.o(RESET)
</UL>
<P><STRONG><a name="[22]"></a>TIM1_BRK_IRQHandler</STRONG> (Thumb, 0 bytes, Stack size 0 bytes, startup_stm32f10x_hd.o(.text))
<BR>[Address Reference Count : 1]<UL><LI> startup_stm32f10x_hd.o(RESET)
</UL>
<P><STRONG><a name="[25]"></a>TIM1_CC_IRQHandler</STRONG> (Thumb, 0 bytes, Stack size 0 bytes, startup_stm32f10x_hd.o(.text))
<BR>[Address Reference Count : 1]<UL><LI> startup_stm32f10x_hd.o(RESET)
</UL>
<P><STRONG><a name="[24]"></a>TIM1_TRG_COM_IRQHandler</STRONG> (Thumb, 0 bytes, Stack size 0 bytes, startup_stm32f10x_hd.o(.text))
<BR>[Address Reference Count : 1]<UL><LI> startup_stm32f10x_hd.o(RESET)
</UL>
<P><STRONG><a name="[23]"></a>TIM1_UP_IRQHandler</STRONG> (Thumb, 0 bytes, Stack size 0 bytes, startup_stm32f10x_hd.o(.text))
<BR>[Address Reference Count : 1]<UL><LI> startup_stm32f10x_hd.o(RESET)
</UL>
<P><STRONG><a name="[28]"></a>TIM4_IRQHandler</STRONG> (Thumb, 0 bytes, Stack size 0 bytes, startup_stm32f10x_hd.o(.text))
<BR>[Address Reference Count : 1]<UL><LI> startup_stm32f10x_hd.o(RESET)
</UL>
<P><STRONG><a name="[3c]"></a>TIM5_IRQHandler</STRONG> (Thumb, 0 bytes, Stack size 0 bytes, startup_stm32f10x_hd.o(.text))
<BR>[Address Reference Count : 1]<UL><LI> startup_stm32f10x_hd.o(RESET)
</UL>
<P><STRONG><a name="[40]"></a>TIM6_IRQHandler</STRONG> (Thumb, 0 bytes, Stack size 0 bytes, startup_stm32f10x_hd.o(.text))
<BR>[Address Reference Count : 1]<UL><LI> startup_stm32f10x_hd.o(RESET)
</UL>
<P><STRONG><a name="[41]"></a>TIM7_IRQHandler</STRONG> (Thumb, 0 bytes, Stack size 0 bytes, startup_stm32f10x_hd.o(.text))
<BR>[Address Reference Count : 1]<UL><LI> startup_stm32f10x_hd.o(RESET)
</UL>
<P><STRONG><a name="[35]"></a>TIM8_BRK_IRQHandler</STRONG> (Thumb, 0 bytes, Stack size 0 bytes, startup_stm32f10x_hd.o(.text))
<BR>[Address Reference Count : 1]<UL><LI> startup_stm32f10x_hd.o(RESET)
</UL>
<P><STRONG><a name="[38]"></a>TIM8_CC_IRQHandler</STRONG> (Thumb, 0 bytes, Stack size 0 bytes, startup_stm32f10x_hd.o(.text))
<BR>[Address Reference Count : 1]<UL><LI> startup_stm32f10x_hd.o(RESET)
</UL>
<P><STRONG><a name="[37]"></a>TIM8_TRG_COM_IRQHandler</STRONG> (Thumb, 0 bytes, Stack size 0 bytes, startup_stm32f10x_hd.o(.text))
<BR>[Address Reference Count : 1]<UL><LI> startup_stm32f10x_hd.o(RESET)
</UL>
<P><STRONG><a name="[36]"></a>TIM8_UP_IRQHandler</STRONG> (Thumb, 0 bytes, Stack size 0 bytes, startup_stm32f10x_hd.o(.text))
<BR>[Address Reference Count : 1]<UL><LI> startup_stm32f10x_hd.o(RESET)
</UL>
<P><STRONG><a name="[3e]"></a>UART4_IRQHandler</STRONG> (Thumb, 0 bytes, Stack size 0 bytes, startup_stm32f10x_hd.o(.text))
<BR>[Address Reference Count : 1]<UL><LI> startup_stm32f10x_hd.o(RESET)
</UL>
<P><STRONG><a name="[3f]"></a>UART5_IRQHandler</STRONG> (Thumb, 0 bytes, Stack size 0 bytes, startup_stm32f10x_hd.o(.text))
<BR>[Address Reference Count : 1]<UL><LI> startup_stm32f10x_hd.o(RESET)
</UL>
<P><STRONG><a name="[30]"></a>USART2_IRQHandler</STRONG> (Thumb, 0 bytes, Stack size 0 bytes, startup_stm32f10x_hd.o(.text))
<BR>[Address Reference Count : 1]<UL><LI> startup_stm32f10x_hd.o(RESET)
</UL>
<P><STRONG><a name="[31]"></a>USART3_IRQHandler</STRONG> (Thumb, 0 bytes, Stack size 0 bytes, startup_stm32f10x_hd.o(.text))
<BR>[Address Reference Count : 1]<UL><LI> startup_stm32f10x_hd.o(RESET)
</UL>
<P><STRONG><a name="[34]"></a>USBWakeUp_IRQHandler</STRONG> (Thumb, 0 bytes, Stack size 0 bytes, startup_stm32f10x_hd.o(.text))
<BR>[Address Reference Count : 1]<UL><LI> startup_stm32f10x_hd.o(RESET)
</UL>
<P><STRONG><a name="[1d]"></a>USB_HP_CAN1_TX_IRQHandler</STRONG> (Thumb, 0 bytes, Stack size 0 bytes, startup_stm32f10x_hd.o(.text))
<BR>[Address Reference Count : 1]<UL><LI> startup_stm32f10x_hd.o(RESET)
</UL>
<P><STRONG><a name="[a]"></a>WWDG_IRQHandler</STRONG> (Thumb, 0 bytes, Stack size 0 bytes, startup_stm32f10x_hd.o(.text))
<BR>[Address Reference Count : 1]<UL><LI> startup_stm32f10x_hd.o(RESET)
</UL>
<P><STRONG><a name="[2ed]"></a>____aeabi_memcpy8$ret$move</STRONG> (Thumb, 0 bytes, Stack size 8 bytes, memmove.o(.text), UNUSED)

<P><STRONG><a name="[2ee]"></a>___aeabi_memmove$ret</STRONG> (Thumb, 0 bytes, Stack size 8 bytes, memmove.o(.text), UNUSED)

<P><STRONG><a name="[2ef]"></a>___aeabi_memmove4$ret</STRONG> (Thumb, 0 bytes, Stack size 8 bytes, memmove.o(.text), UNUSED)

<P><STRONG><a name="[2f0]"></a>___aeabi_memmove8$ret</STRONG> (Thumb, 0 bytes, Stack size 8 bytes, memmove.o(.text), UNUSED)

<P><STRONG><a name="[2c9]"></a>__aeabi_memcpy</STRONG> (Thumb, 66 bytes, Stack size 8 bytes, memmove.o(.text))
<BR><BR>[Stack]<UL><LI>Max Depth = 8<LI>Call Chain = __aeabi_memcpy
</UL>
<BR>[Called By]<UL><LI><a href="#[2be]">&gt;&gt;</a>&nbsp;&nbsp;&nbsp;disk_write
<LI><a href="#[2c7]">&gt;&gt;</a>&nbsp;&nbsp;&nbsp;disk_read
</UL>

<P><STRONG><a name="[294]"></a>__aeabi_memcpy4</STRONG> (Thumb, 0 bytes, Stack size 8 bytes, memmove.o(.text))
<BR><BR>[Stack]<UL><LI>Max Depth = 8<LI>Call Chain = __aeabi_memcpy4
</UL>
<BR>[Called By]<UL><LI><a href="#[274]">&gt;&gt;</a>&nbsp;&nbsp;&nbsp;_DemoBandingMemdev_Speed
<LI><a href="#[276]">&gt;&gt;</a>&nbsp;&nbsp;&nbsp;_DemoBandingMemdev_Oil
<LI><a href="#[278]">&gt;&gt;</a>&nbsp;&nbsp;&nbsp;_DemoBandingMemdev_Network
<LI><a href="#[275]">&gt;&gt;</a>&nbsp;&nbsp;&nbsp;_DemoBandingMemdev_Mileage
<LI><a href="#[277]">&gt;&gt;</a>&nbsp;&nbsp;&nbsp;_DemoBandingMemdev_Battery
</UL>

<P><STRONG><a name="[e3]"></a>memcpy</STRONG> (Thumb, 0 bytes, Stack size 8 bytes, memmove.o(.text))
<BR><BR>[Stack]<UL><LI>Max Depth = 8<LI>Call Chain = memcpy
</UL>
<BR>[Address Reference Count : 1]<UL><LI> GUI__Private.o(.data)
</UL>
<P><STRONG><a name="[1e1]"></a>memmove</STRONG> (Thumb, 0 bytes, Stack size 8 bytes, memmove.o(.text))
<BR><BR>[Stack]<UL><LI>Max Depth = 8<LI>Call Chain = memmove
</UL>
<BR>[Called By]<UL><LI><a href="#[116]">&gt;&gt;</a>&nbsp;&nbsp;&nbsp;_RemoveHoles
</UL>

<P><STRONG><a name="[ee]"></a>__aeabi_memset</STRONG> (Thumb, 14 bytes, Stack size 0 bytes, memseta.o(.text))
<BR><BR>[Called By]<UL><LI><a href="#[290]">&gt;&gt;</a>&nbsp;&nbsp;&nbsp;W25Qxx_Sector_Copy
<LI><a href="#[e4]">&gt;&gt;</a>&nbsp;&nbsp;&nbsp;memset
<LI><a href="#[ed]">&gt;&gt;</a>&nbsp;&nbsp;&nbsp;__aeabi_memclr
</UL>

<P><STRONG><a name="[2f1]"></a>__aeabi_memset4</STRONG> (Thumb, 0 bytes, Stack size 0 bytes, memseta.o(.text), UNUSED)

<P><STRONG><a name="[2f2]"></a>__aeabi_memset8</STRONG> (Thumb, 0 bytes, Stack size 0 bytes, memseta.o(.text), UNUSED)

<P><STRONG><a name="[ed]"></a>__aeabi_memclr</STRONG> (Thumb, 4 bytes, Stack size 0 bytes, memseta.o(.text), UNUSED)
<BR><BR>[Calls]<UL><LI><a href="#[ee]">&gt;&gt;</a>&nbsp;&nbsp;&nbsp;__aeabi_memset
</UL>

<P><STRONG><a name="[2f3]"></a>__aeabi_memclr4</STRONG> (Thumb, 0 bytes, Stack size 0 bytes, memseta.o(.text), UNUSED)

<P><STRONG><a name="[2f4]"></a>__aeabi_memclr8</STRONG> (Thumb, 0 bytes, Stack size 0 bytes, memseta.o(.text), UNUSED)

<P><STRONG><a name="[e4]"></a>memset</STRONG> (Thumb, 18 bytes, Stack size 8 bytes, memseta.o(.text))
<BR><BR>[Stack]<UL><LI>Max Depth = 8<LI>Call Chain = memset
</UL>
<BR>[Calls]<UL><LI><a href="#[ee]">&gt;&gt;</a>&nbsp;&nbsp;&nbsp;__aeabi_memset
</UL>
<BR>[Called By]<UL><LI><a href="#[49]">&gt;&gt;</a>&nbsp;&nbsp;&nbsp;_DrawStreamedBitmapExPalette
<LI><a href="#[15f]">&gt;&gt;</a>&nbsp;&nbsp;&nbsp;WM__SendMessageNoPara
<LI><a href="#[dc]">&gt;&gt;</a>&nbsp;&nbsp;&nbsp;GUI_USAGE_BM_AddHLine
<LI><a href="#[dd]">&gt;&gt;</a>&nbsp;&nbsp;&nbsp;GUI_USAGE_BM_Clear
</UL>
<BR>[Address Reference Count : 1]<UL><LI> GUI__Private.o(.data)
</UL>
<P><STRONG><a name="[ef]"></a>__aeabi_dadd</STRONG> (Thumb, 322 bytes, Stack size 48 bytes, dadd.o(.text))
<BR><BR>[Stack]<UL><LI>Max Depth = 88<LI>Call Chain = __aeabi_dadd &rArr; _double_epilogue &rArr; _double_round
</UL>
<BR>[Calls]<UL><LI><a href="#[f1]">&gt;&gt;</a>&nbsp;&nbsp;&nbsp;__aeabi_lasr
<LI><a href="#[f0]">&gt;&gt;</a>&nbsp;&nbsp;&nbsp;__aeabi_llsl
<LI><a href="#[f3]">&gt;&gt;</a>&nbsp;&nbsp;&nbsp;_double_round
<LI><a href="#[f2]">&gt;&gt;</a>&nbsp;&nbsp;&nbsp;_double_epilogue
</UL>
<BR>[Called By]<UL><LI><a href="#[7e]">&gt;&gt;</a>&nbsp;&nbsp;&nbsp;Task1_CallBack
<LI><a href="#[f5]">&gt;&gt;</a>&nbsp;&nbsp;&nbsp;__aeabi_drsub
<LI><a href="#[2a5]">&gt;&gt;</a>&nbsp;&nbsp;&nbsp;_fp_digits
<LI><a href="#[f4]">&gt;&gt;</a>&nbsp;&nbsp;&nbsp;__aeabi_dsub
</UL>

<P><STRONG><a name="[f4]"></a>__aeabi_dsub</STRONG> (Thumb, 6 bytes, Stack size 0 bytes, dadd.o(.text), UNUSED)
<BR><BR>[Calls]<UL><LI><a href="#[ef]">&gt;&gt;</a>&nbsp;&nbsp;&nbsp;__aeabi_dadd
</UL>

<P><STRONG><a name="[f5]"></a>__aeabi_drsub</STRONG> (Thumb, 6 bytes, Stack size 0 bytes, dadd.o(.text), UNUSED)
<BR><BR>[Calls]<UL><LI><a href="#[ef]">&gt;&gt;</a>&nbsp;&nbsp;&nbsp;__aeabi_dadd
</UL>

<P><STRONG><a name="[f6]"></a>__aeabi_dmul</STRONG> (Thumb, 228 bytes, Stack size 48 bytes, dmul.o(.text))
<BR><BR>[Stack]<UL><LI>Max Depth = 88<LI>Call Chain = __aeabi_dmul &rArr; _double_epilogue &rArr; _double_round
</UL>
<BR>[Calls]<UL><LI><a href="#[f2]">&gt;&gt;</a>&nbsp;&nbsp;&nbsp;_double_epilogue
</UL>
<BR>[Called By]<UL><LI><a href="#[212]">&gt;&gt;</a>&nbsp;&nbsp;&nbsp;Ds18b20_ReadSingleTemp
<LI><a href="#[7e]">&gt;&gt;</a>&nbsp;&nbsp;&nbsp;Task1_CallBack
<LI><a href="#[2a5]">&gt;&gt;</a>&nbsp;&nbsp;&nbsp;_fp_digits
</UL>

<P><STRONG><a name="[f7]"></a>__aeabi_ddiv</STRONG> (Thumb, 222 bytes, Stack size 32 bytes, ddiv.o(.text))
<BR><BR>[Stack]<UL><LI>Max Depth = 40<LI>Call Chain = __aeabi_ddiv &rArr; _double_round
</UL>
<BR>[Calls]<UL><LI><a href="#[f3]">&gt;&gt;</a>&nbsp;&nbsp;&nbsp;_double_round
</UL>
<BR>[Called By]<UL><LI><a href="#[80]">&gt;&gt;</a>&nbsp;&nbsp;&nbsp;Task3_CallBack
<LI><a href="#[7e]">&gt;&gt;</a>&nbsp;&nbsp;&nbsp;Task1_CallBack
<LI><a href="#[2a5]">&gt;&gt;</a>&nbsp;&nbsp;&nbsp;_fp_digits
</UL>

<P><STRONG><a name="[f8]"></a>__aeabi_ui2f</STRONG> (Thumb, 10 bytes, Stack size 0 bytes, ffltui.o(.text))
<BR><BR>[Stack]<UL><LI>Max Depth = 4<LI>Call Chain = __aeabi_ui2f &rArr; _float_epilogue
</UL>
<BR>[Calls]<UL><LI><a href="#[f9]">&gt;&gt;</a>&nbsp;&nbsp;&nbsp;_float_epilogue
</UL>
<BR>[Called By]<UL><LI><a href="#[80]">&gt;&gt;</a>&nbsp;&nbsp;&nbsp;Task3_CallBack
</UL>

<P><STRONG><a name="[fa]"></a>__aeabi_i2d</STRONG> (Thumb, 34 bytes, Stack size 16 bytes, dflti.o(.text))
<BR><BR>[Stack]<UL><LI>Max Depth = 56<LI>Call Chain = __aeabi_i2d &rArr; _double_epilogue &rArr; _double_round
</UL>
<BR>[Calls]<UL><LI><a href="#[f2]">&gt;&gt;</a>&nbsp;&nbsp;&nbsp;_double_epilogue
</UL>
<BR>[Called By]<UL><LI><a href="#[212]">&gt;&gt;</a>&nbsp;&nbsp;&nbsp;Ds18b20_ReadSingleTemp
</UL>

<P><STRONG><a name="[fb]"></a>__aeabi_ui2d</STRONG> (Thumb, 26 bytes, Stack size 16 bytes, dfltui.o(.text))
<BR><BR>[Stack]<UL><LI>Max Depth = 56<LI>Call Chain = __aeabi_ui2d &rArr; _double_epilogue &rArr; _double_round
</UL>
<BR>[Calls]<UL><LI><a href="#[f2]">&gt;&gt;</a>&nbsp;&nbsp;&nbsp;_double_epilogue
</UL>
<BR>[Called By]<UL><LI><a href="#[212]">&gt;&gt;</a>&nbsp;&nbsp;&nbsp;Ds18b20_ReadSingleTemp
<LI><a href="#[80]">&gt;&gt;</a>&nbsp;&nbsp;&nbsp;Task3_CallBack
<LI><a href="#[7e]">&gt;&gt;</a>&nbsp;&nbsp;&nbsp;Task1_CallBack
</UL>

<P><STRONG><a name="[29b]"></a>__aeabi_f2iz</STRONG> (Thumb, 50 bytes, Stack size 0 bytes, ffixi.o(.text))
<BR><BR>[Called By]<UL><LI><a href="#[71]">&gt;&gt;</a>&nbsp;&nbsp;&nbsp;_DrawIt_Network
<LI><a href="#[6f]">&gt;&gt;</a>&nbsp;&nbsp;&nbsp;_DrawIt_Battery
</UL>

<P><STRONG><a name="[fc]"></a>__aeabi_d2uiz</STRONG> (Thumb, 50 bytes, Stack size 8 bytes, dfixui.o(.text))
<BR><BR>[Stack]<UL><LI>Max Depth = 8<LI>Call Chain = __aeabi_d2uiz
</UL>
<BR>[Calls]<UL><LI><a href="#[fd]">&gt;&gt;</a>&nbsp;&nbsp;&nbsp;__aeabi_llsr
</UL>
<BR>[Called By]<UL><LI><a href="#[212]">&gt;&gt;</a>&nbsp;&nbsp;&nbsp;Ds18b20_ReadSingleTemp
</UL>

<P><STRONG><a name="[26f]"></a>__aeabi_f2d</STRONG> (Thumb, 38 bytes, Stack size 0 bytes, f2d.o(.text))
<BR><BR>[Called By]<UL><LI><a href="#[70]">&gt;&gt;</a>&nbsp;&nbsp;&nbsp;_DrawIt_Mileage
<LI><a href="#[7e]">&gt;&gt;</a>&nbsp;&nbsp;&nbsp;Task1_CallBack
</UL>

<P><STRONG><a name="[2f5]"></a>__aeabi_cdcmpeq</STRONG> (Thumb, 0 bytes, Stack size 0 bytes, cdcmple.o(.text), UNUSED)

<P><STRONG><a name="[270]"></a>__aeabi_cdcmple</STRONG> (Thumb, 48 bytes, Stack size 0 bytes, cdcmple.o(.text))
<BR><BR>[Called By]<UL><LI><a href="#[7e]">&gt;&gt;</a>&nbsp;&nbsp;&nbsp;Task1_CallBack
</UL>

<P><STRONG><a name="[fe]"></a>__aeabi_d2f</STRONG> (Thumb, 56 bytes, Stack size 8 bytes, d2f.o(.text))
<BR><BR>[Stack]<UL><LI>Max Depth = 8<LI>Call Chain = __aeabi_d2f
</UL>
<BR>[Calls]<UL><LI><a href="#[ff]">&gt;&gt;</a>&nbsp;&nbsp;&nbsp;_float_round
</UL>
<BR>[Called By]<UL><LI><a href="#[7e]">&gt;&gt;</a>&nbsp;&nbsp;&nbsp;Task1_CallBack
</UL>

<P><STRONG><a name="[2f6]"></a>__aeabi_uidiv</STRONG> (Thumb, 0 bytes, Stack size 12 bytes, uidiv.o(.text), UNUSED)

<P><STRONG><a name="[2a9]"></a>__aeabi_uidivmod</STRONG> (Thumb, 44 bytes, Stack size 12 bytes, uidiv.o(.text), UNUSED)
<BR><BR>[Called By]<UL><LI><a href="#[2a3]">&gt;&gt;</a>&nbsp;&nbsp;&nbsp;_printf_core
</UL>

<P><STRONG><a name="[100]"></a>__aeabi_uldivmod</STRONG> (Thumb, 98 bytes, Stack size 40 bytes, uldiv.o(.text), UNUSED)
<BR><BR>[Calls]<UL><LI><a href="#[fd]">&gt;&gt;</a>&nbsp;&nbsp;&nbsp;__aeabi_llsr
<LI><a href="#[f0]">&gt;&gt;</a>&nbsp;&nbsp;&nbsp;__aeabi_llsl
</UL>
<BR>[Called By]<UL><LI><a href="#[2a3]">&gt;&gt;</a>&nbsp;&nbsp;&nbsp;_printf_core
<LI><a href="#[2a5]">&gt;&gt;</a>&nbsp;&nbsp;&nbsp;_fp_digits
</UL>

<P><STRONG><a name="[f0]"></a>__aeabi_llsl</STRONG> (Thumb, 30 bytes, Stack size 0 bytes, llshl.o(.text))
<BR><BR>[Called By]<UL><LI><a href="#[ef]">&gt;&gt;</a>&nbsp;&nbsp;&nbsp;__aeabi_dadd
<LI><a href="#[101]">&gt;&gt;</a>&nbsp;&nbsp;&nbsp;__aeabi_d2ulz
<LI><a href="#[100]">&gt;&gt;</a>&nbsp;&nbsp;&nbsp;__aeabi_uldivmod
<LI><a href="#[f2]">&gt;&gt;</a>&nbsp;&nbsp;&nbsp;_double_epilogue
</UL>

<P><STRONG><a name="[2f7]"></a>_ll_shift_l</STRONG> (Thumb, 0 bytes, Stack size 0 bytes, llshl.o(.text), UNUSED)

<P><STRONG><a name="[fd]"></a>__aeabi_llsr</STRONG> (Thumb, 32 bytes, Stack size 0 bytes, llushr.o(.text))
<BR><BR>[Called By]<UL><LI><a href="#[fc]">&gt;&gt;</a>&nbsp;&nbsp;&nbsp;__aeabi_d2uiz
<LI><a href="#[101]">&gt;&gt;</a>&nbsp;&nbsp;&nbsp;__aeabi_d2ulz
<LI><a href="#[100]">&gt;&gt;</a>&nbsp;&nbsp;&nbsp;__aeabi_uldivmod
<LI><a href="#[f2]">&gt;&gt;</a>&nbsp;&nbsp;&nbsp;_double_epilogue
</UL>

<P><STRONG><a name="[2f8]"></a>_ll_ushift_r</STRONG> (Thumb, 0 bytes, Stack size 0 bytes, llushr.o(.text), UNUSED)

<P><STRONG><a name="[f1]"></a>__aeabi_lasr</STRONG> (Thumb, 36 bytes, Stack size 0 bytes, llsshr.o(.text))
<BR><BR>[Called By]<UL><LI><a href="#[ef]">&gt;&gt;</a>&nbsp;&nbsp;&nbsp;__aeabi_dadd
</UL>

<P><STRONG><a name="[2f9]"></a>_ll_sshift_r</STRONG> (Thumb, 0 bytes, Stack size 0 bytes, llsshr.o(.text), UNUSED)

<P><STRONG><a name="[2fa]"></a>__I$use$fp</STRONG> (Thumb, 0 bytes, Stack size 0 bytes, iusefp.o(.text), UNUSED)

<P><STRONG><a name="[ff]"></a>_float_round</STRONG> (Thumb, 18 bytes, Stack size 0 bytes, fepilogue.o(.text))
<BR><BR>[Called By]<UL><LI><a href="#[fe]">&gt;&gt;</a>&nbsp;&nbsp;&nbsp;__aeabi_d2f
</UL>

<P><STRONG><a name="[f9]"></a>_float_epilogue</STRONG> (Thumb, 92 bytes, Stack size 4 bytes, fepilogue.o(.text))
<BR><BR>[Stack]<UL><LI>Max Depth = 4<LI>Call Chain = _float_epilogue
</UL>
<BR>[Called By]<UL><LI><a href="#[f8]">&gt;&gt;</a>&nbsp;&nbsp;&nbsp;__aeabi_ui2f
</UL>

<P><STRONG><a name="[f3]"></a>_double_round</STRONG> (Thumb, 30 bytes, Stack size 8 bytes, depilogue.o(.text))
<BR><BR>[Stack]<UL><LI>Max Depth = 8<LI>Call Chain = _double_round
</UL>
<BR>[Called By]<UL><LI><a href="#[f7]">&gt;&gt;</a>&nbsp;&nbsp;&nbsp;__aeabi_ddiv
<LI><a href="#[ef]">&gt;&gt;</a>&nbsp;&nbsp;&nbsp;__aeabi_dadd
<LI><a href="#[f2]">&gt;&gt;</a>&nbsp;&nbsp;&nbsp;_double_epilogue
</UL>

<P><STRONG><a name="[f2]"></a>_double_epilogue</STRONG> (Thumb, 156 bytes, Stack size 32 bytes, depilogue.o(.text))
<BR><BR>[Stack]<UL><LI>Max Depth = 40<LI>Call Chain = _double_epilogue &rArr; _double_round
</UL>
<BR>[Calls]<UL><LI><a href="#[fd]">&gt;&gt;</a>&nbsp;&nbsp;&nbsp;__aeabi_llsr
<LI><a href="#[f0]">&gt;&gt;</a>&nbsp;&nbsp;&nbsp;__aeabi_llsl
<LI><a href="#[f3]">&gt;&gt;</a>&nbsp;&nbsp;&nbsp;_double_round
</UL>
<BR>[Called By]<UL><LI><a href="#[fb]">&gt;&gt;</a>&nbsp;&nbsp;&nbsp;__aeabi_ui2d
<LI><a href="#[f6]">&gt;&gt;</a>&nbsp;&nbsp;&nbsp;__aeabi_dmul
<LI><a href="#[ef]">&gt;&gt;</a>&nbsp;&nbsp;&nbsp;__aeabi_dadd
<LI><a href="#[fa]">&gt;&gt;</a>&nbsp;&nbsp;&nbsp;__aeabi_i2d
</UL>

<P><STRONG><a name="[101]"></a>__aeabi_d2ulz</STRONG> (Thumb, 48 bytes, Stack size 0 bytes, dfixul.o(.text), UNUSED)
<BR><BR>[Calls]<UL><LI><a href="#[fd]">&gt;&gt;</a>&nbsp;&nbsp;&nbsp;__aeabi_llsr
<LI><a href="#[f0]">&gt;&gt;</a>&nbsp;&nbsp;&nbsp;__aeabi_llsl
</UL>
<BR>[Called By]<UL><LI><a href="#[2a5]">&gt;&gt;</a>&nbsp;&nbsp;&nbsp;_fp_digits
</UL>

<P><STRONG><a name="[2a6]"></a>__aeabi_cdrcmple</STRONG> (Thumb, 48 bytes, Stack size 0 bytes, cdrcmple.o(.text), UNUSED)
<BR><BR>[Called By]<UL><LI><a href="#[2a5]">&gt;&gt;</a>&nbsp;&nbsp;&nbsp;_fp_digits
</UL>

<P><STRONG><a name="[ec]"></a>__scatterload</STRONG> (Thumb, 28 bytes, Stack size 0 bytes, init.o(.text))
<BR><BR>[Calls]<UL><LI><a href="#[102]">&gt;&gt;</a>&nbsp;&nbsp;&nbsp;__main_after_scatterload
</UL>
<BR>[Called By]<UL><LI><a href="#[eb]">&gt;&gt;</a>&nbsp;&nbsp;&nbsp;_main_scatterload
</UL>

<P><STRONG><a name="[2fb]"></a>__scatterload_rt2</STRONG> (Thumb, 0 bytes, Stack size 0 bytes, init.o(.text), UNUSED)

<P><STRONG><a name="[103]"></a>GL_DrawBitmap</STRONG> (Thumb, 168 bytes, Stack size unknown bytes, GUI_DrawBitmap.o(.text.GL_DrawBitmap))
<BR><BR>[Calls]<UL><LI><a href="#[104]">&gt;&gt;</a>&nbsp;&nbsp;&nbsp;GUI_SetDrawMode
<LI><a href="#[105]">&gt;&gt;</a>&nbsp;&nbsp;&nbsp;LCD_DrawBitmap
</UL>
<BR>[Called By]<UL><LI><a href="#[12f]">&gt;&gt;</a>&nbsp;&nbsp;&nbsp;GUI_DrawBitmap
<LI><a href="#[49]">&gt;&gt;</a>&nbsp;&nbsp;&nbsp;_DrawStreamedBitmapExPalette
<LI><a href="#[4a]">&gt;&gt;</a>&nbsp;&nbsp;&nbsp;_DrawStreamedBitmapExNoPalette
</UL>

<P><STRONG><a name="[98]"></a>GUIMONO_DispChar</STRONG> (Thumb, 316 bytes, Stack size unknown bytes, GUI_CharM.o(.text.GUIMONO_DispChar))
<BR><BR>[Calls]<UL><LI><a href="#[106]">&gt;&gt;</a>&nbsp;&nbsp;&nbsp;LCD_SetDrawMode
<LI><a href="#[107]">&gt;&gt;</a>&nbsp;&nbsp;&nbsp;LCD_FillRect
<LI><a href="#[105]">&gt;&gt;</a>&nbsp;&nbsp;&nbsp;LCD_DrawBitmap
</UL>
<BR>[Address Reference Count : 1]<UL><LI> F6x8.o(.rodata)
</UL>
<P><STRONG><a name="[99]"></a>GUIMONO_GetCharDistX</STRONG> (Thumb, 24 bytes, Stack size unknown bytes, GUI_CharM.o(.text.GUIMONO_GetCharDistX))
<BR>[Address Reference Count : 1]<UL><LI> F6x8.o(.rodata)
</UL>
<P><STRONG><a name="[9a]"></a>GUIMONO_GetFontInfo</STRONG> (Thumb, 6 bytes, Stack size unknown bytes, GUI_CharM.o(.text.GUIMONO_GetFontInfo))
<BR>[Address Reference Count : 1]<UL><LI> F6x8.o(.rodata)
</UL>
<P><STRONG><a name="[9b]"></a>GUIMONO_IsInFont</STRONG> (Thumb, 54 bytes, Stack size unknown bytes, GUI_CharM.o(.text.GUIMONO_IsInFont))
<BR>[Address Reference Count : 1]<UL><LI> F6x8.o(.rodata)
</UL>
<P><STRONG><a name="[94]"></a>GUIPROP_DispChar</STRONG> (Thumb, 236 bytes, Stack size unknown bytes, GUI_CharP.o(.text.GUIPROP_DispChar))
<BR><BR>[Calls]<UL><LI><a href="#[10b]">&gt;&gt;</a>&nbsp;&nbsp;&nbsp;GUI_SetColor
<LI><a href="#[106]">&gt;&gt;</a>&nbsp;&nbsp;&nbsp;LCD_SetDrawMode
<LI><a href="#[109]">&gt;&gt;</a>&nbsp;&nbsp;&nbsp;GUI_GetColor
<LI><a href="#[10a]">&gt;&gt;</a>&nbsp;&nbsp;&nbsp;GUI_GetBkColor
<LI><a href="#[107]">&gt;&gt;</a>&nbsp;&nbsp;&nbsp;LCD_FillRect
<LI><a href="#[108]">&gt;&gt;</a>&nbsp;&nbsp;&nbsp;GUIPROP__FindChar
<LI><a href="#[105]">&gt;&gt;</a>&nbsp;&nbsp;&nbsp;LCD_DrawBitmap
</UL>
<BR>[Address Reference Count : 5]<UL><LI> F20B_ASCII.o(.rodata)
<LI> F24_ASCII.o(.rodata)
<LI> FD64.o(.rodata)
<LI> F24B_ASCII.o(.rodata)
<LI> F08_ASCII.o(.rodata)
</UL>
<P><STRONG><a name="[95]"></a>GUIPROP_GetCharDistX</STRONG> (Thumb, 56 bytes, Stack size unknown bytes, GUI_CharP.o(.text.GUIPROP_GetCharDistX))
<BR><BR>[Calls]<UL><LI><a href="#[108]">&gt;&gt;</a>&nbsp;&nbsp;&nbsp;GUIPROP__FindChar
</UL>
<BR>[Address Reference Count : 5]<UL><LI> F20B_ASCII.o(.rodata)
<LI> F24_ASCII.o(.rodata)
<LI> FD64.o(.rodata)
<LI> F24B_ASCII.o(.rodata)
<LI> F08_ASCII.o(.rodata)
</UL>
[...]
</UL>
<BR>[Address Reference Count : 1]<UL><LI> LCD_RLE32.o(.text.LCD__RLE32_SetFunc)
</UL>
<P><STRONG><a name="[54]"></a>_GetPixel_GetData</STRONG> (Thumb, 32 bytes, Stack size unknown bytes, LCD_RLE32.o(.text._GetPixel_GetData))
<BR><BR>[Calls]<UL><LI><a href="#[1dc]">&gt;&gt;</a>&nbsp;&nbsp;&nbsp;_LoadBufferOnDemand
</UL>
<BR>[Address Reference Count : 1]<UL><LI> LCD_RLE32.o(.text.LCD__RLE32_SetFunc)
</UL>
<P><STRONG><a name="[1d4]"></a>_DrawBitmap</STRONG> (Thumb, 432 bytes, Stack size unknown bytes, LCD_RLE32.o(.text._DrawBitmap))
<BR><BR>[Stack]<UL><LI>Max Depth = 8 + Unknown Stack Size
<LI>Call Chain = _DrawBitmap &rArr; GUI__GetAlphaBuffer &rArr; GUI_ALLOC_GetFixedBlock &rArr; _RemoveHoles &rArr; memmove
</UL>
<BR>[Calls]<UL><LI><a href="#[17a]">&gt;&gt;</a>&nbsp;&nbsp;&nbsp;GUI__GetAlphaBuffer
<LI><a href="#[179]">&gt;&gt;</a>&nbsp;&nbsp;&nbsp;GUI__AllocAlphaBuffer
</UL>
<BR>[Called By]<UL><LI><a href="#[c6]">&gt;&gt;</a>&nbsp;&nbsp;&nbsp;_DrawBitmap_RLE32Ex
<LI><a href="#[c7]">&gt;&gt;</a>&nbsp;&nbsp;&nbsp;_DrawBitmap_RLE32
</UL>

<P><STRONG><a name="[5e]"></a>_DrawClip</STRONG> (Thumb, 104 bytes, Stack size unknown bytes, LCD_RLE32.o(.text._DrawClip))
<BR><BR>[Stack]<UL><LI>Max Depth = 8 + Unknown Stack Size
<LI>Call Chain = _DrawClip &rArr; _Draw &rArr; GUI__DoAlphaBlending &rArr; GUI__GetAlphaBuffer &rArr; GUI_ALLOC_GetFixedBlock &rArr; _RemoveHoles &rArr; memmove
</UL>
<BR>[Calls]<UL><LI><a href="#[5f]">&gt;&gt;</a>&nbsp;&nbsp;&nbsp;_Draw
</UL>
<BR>[Address Reference Count : 1]<UL><LI> LCD_RLE32.o(.text._DrawBitmap)
</UL>
<P><STRONG><a name="[5f]"></a>_Draw</STRONG> (Thumb, 128 bytes, Stack size unknown bytes, LCD_RLE32.o(.text._Draw))
<BR><BR>[Stack]<UL><LI>Max Depth = 8 + Unknown Stack Size
<LI>Call Chain = _Draw &rArr; GUI__DoAlphaBlending &rArr; GUI__GetAlphaBuffer &rArr; GUI_ALLOC_GetFixedBlock &rArr; _RemoveHoles &rArr; memmove
</UL>
<BR>[Calls]<UL><LI><a href="#[105]">&gt;&gt;</a>&nbsp;&nbsp;&nbsp;LCD_DrawBitmap
<LI><a href="#[17b]">&gt;&gt;</a>&nbsp;&nbsp;&nbsp;GUI__CompactPixelIndicesEx
<LI><a href="#[182]">&gt;&gt;</a>&nbsp;&nbsp;&nbsp;GUI__DoAlphaBlending
</UL>
<BR>[Called By]<UL><LI><a href="#[5e]">&gt;&gt;</a>&nbsp;&nbsp;&nbsp;_DrawClip
</UL>
<BR>[Address Reference Count : 1]<UL><LI> LCD_RLE32.o(.text._DrawBitmap)
</UL>
<P><STRONG><a name="[c7]"></a>_DrawBitmap_RLE32</STRONG> (Thumb, 36 bytes, Stack size unknown bytes, LCD_RLE32.o(.text._DrawBitmap_RLE32))
<BR><BR>[Stack]<UL><LI>Max Depth = 8 + Unknown Stack Size
<LI>Call Chain = _DrawBitmap_RLE32 &rArr; _DrawBitmap &rArr; GUI__GetAlphaBuffer &rArr; GUI_ALLOC_GetFixedBlock &rArr; _RemoveHoles &rArr; memmove
</UL>
<BR>[Calls]<UL><LI><a href="#[1d4]">&gt;&gt;</a>&nbsp;&nbsp;&nbsp;_DrawBitmap
</UL>
<BR>[Address Reference Count : 1]<UL><LI> LCD_RLE32.o(.rodata)
</UL>
<P><STRONG><a name="[6a]"></a>_GetPixel_pPixel</STRONG> (Thumb, 16 bytes, Stack size unknown bytes, LCD_RLE32.o(.text._GetPixel_pPixel))
<BR>[Address Reference Count : 1]<UL><LI> LCD_RLE32.o(.text._DrawBitmap_RLE32)
</UL>
<P><STRONG><a name="[c6]"></a>_DrawBitmap_RLE32Ex</STRONG> (Thumb, 124 bytes, Stack size unknown bytes, LCD_RLE32.o(.text._DrawBitmap_RLE32Ex))
<BR><BR>[Stack]<UL><LI>Max Depth = 8 + Unknown Stack Size
<LI>Call Chain = _DrawBitmap_RLE32Ex &rArr; GUI_ALLOC_AllocZero &rArr; GUI_ALLOC_AllocNoInit &rArr; _Alloc &rArr; _RemoveHoles &rArr; memmove
</UL>
<BR>[Calls]<UL><LI><a href="#[10e]">&gt;&gt;</a>&nbsp;&nbsp;&nbsp;GUI_ALLOC_AllocZero
<LI><a href="#[11a]">&gt;&gt;</a>&nbsp;&nbsp;&nbsp;GUI_ALLOC_RequestSize
<LI><a href="#[111]">&gt;&gt;</a>&nbsp;&nbsp;&nbsp;GUI_ALLOC_Free
<LI><a href="#[110]">&gt;&gt;</a>&nbsp;&nbsp;&nbsp;GUI_ALLOC_UnlockH
<LI><a href="#[10f]">&gt;&gt;</a>&nbsp;&nbsp;&nbsp;GUI_ALLOC_LockH
<LI><a href="#[1d4]">&gt;&gt;</a>&nbsp;&nbsp;&nbsp;_DrawBitmap
</UL>
<BR>[Address Reference Count : 1]<UL><LI> LCD_RLE32.o(.rodata)
</UL>
<P><STRONG><a name="[52]"></a>_OnExit</STRONG> (Thumb, 20 bytes, Stack size unknown bytes, LCD_RLE32.o(.text._OnExit))
<BR><BR>[Calls]<UL><LI><a href="#[124]">&gt;&gt;</a>&nbsp;&nbsp;&nbsp;GUI_ALLOC_FreeFixedBlock
</UL>
<BR>[Address Reference Count : 1]<UL><LI> LCD_RLE32.o(.text.LCD__RLE32_SetFunc)
</UL>
<P><STRONG><a name="[6b]"></a>_GetByte_pPixel</STRONG> (Thumb, 16 bytes, Stack size unknown bytes, LCD_RLE4.o(.text._GetByte_pPixel))
<BR>[Address Reference Count : 1]<UL><LI> LCD_RLE4.o(.text._DrawBitmap_RLE4)
</UL>
<P><STRONG><a name="[56]"></a>_GetByte_GetData</STRONG> (Thumb, 64 bytes, Stack size unknown bytes, LCD_RLE4.o(.text._GetByte_GetData))
<BR>[Address Reference Count : 1]<UL><LI> LCD_RLE4.o(.text.LCD__RLE4_SetFunc)
</UL>
<P><STRONG><a name="[1d5]"></a>_DrawBitmap</STRONG> (Thumb, 496 bytes, Stack size unknown bytes, LCD_RLE4.o(.text._DrawBitmap))
<BR><BR>[Calls]<UL><LI><a href="#[92]">&gt;&gt;</a>&nbsp;&nbsp;&nbsp;LCD_DrawHLine
<LI><a href="#[176]">&gt;&gt;</a>&nbsp;&nbsp;&nbsp;LCD_SetColorIndex
<LI><a href="#[1d6]">&gt;&gt;</a>&nbsp;&nbsp;&nbsp;LCD_SetPixelIndex
<LI><a href="#[107]">&gt;&gt;</a>&nbsp;&nbsp;&nbsp;LCD_FillRect
<LI><a href="#[19b]">&gt;&gt;</a>&nbsp;&nbsp;&nbsp;LCD_GetpPalConvTable
</UL>
<BR>[Called By]<UL><LI><a href="#[c8]">&gt;&gt;</a>&nbsp;&nbsp;&nbsp;_DrawBitmap_RLE4Ex
<LI><a href="#[c9]">&gt;&gt;</a>&nbsp;&nbsp;&nbsp;_DrawBitmap_RLE4
</UL>

<P><STRONG><a name="[c9]"></a>_DrawBitmap_RLE4</STRONG> (Thumb, 40 bytes, Stack size unknown bytes, LCD_RLE4.o(.text._DrawBitmap_RLE4))
<BR><BR>[Calls]<UL><LI><a href="#[1d5]">&gt;&gt;</a>&nbsp;&nbsp;&nbsp;_DrawBitmap
</UL>
<BR>[Address Reference Count : 1]<UL><LI> LCD_RLE4.o(.rodata)
</UL>
<P><STRONG><a name="[c8]"></a>_DrawBitmap_RLE4Ex</STRONG> (Thumb, 148 bytes, Stack size unknown bytes, LCD_RLE4.o(.text._DrawBitmap_RLE4Ex))
<BR><BR>[Stack]<UL><LI>Max Depth = 8 + Unknown Stack Size
<LI>Call Chain = _DrawBitmap_RLE4Ex &rArr; GUI_ALLOC_AllocZero &rArr; GUI_ALLOC_AllocNoInit &rArr; _Alloc &rArr; _RemoveHoles &rArr; memmove
</UL>
<BR>[Calls]<UL><LI><a href="#[10e]">&gt;&gt;</a>&nbsp;&nbsp;&nbsp;GUI_ALLOC_AllocZero
<LI><a href="#[11a]">&gt;&gt;</a>&nbsp;&nbsp;&nbsp;GUI_ALLOC_RequestSize
<LI><a href="#[111]">&gt;&gt;</a>&nbsp;&nbsp;&nbsp;GUI_ALLOC_Free
<LI><a href="#[110]">&gt;&gt;</a>&nbsp;&nbsp;&nbsp;GUI_ALLOC_UnlockH
<LI><a href="#[10f]">&gt;&gt;</a>&nbsp;&nbsp;&nbsp;GUI_ALLOC_LockH
<LI><a href="#[1d5]">&gt;&gt;</a>&nbsp;&nbsp;&nbsp;_DrawBitmap
</UL>
<BR>[Address Reference Count : 1]<UL><LI> LCD_RLE4.o(.rodata)
</UL>
<P><STRONG><a name="[55]"></a>_OnExit</STRONG> (Thumb, 20 bytes, Stack size unknown bytes, LCD_RLE4.o(.text._OnExit))
<BR><BR>[Calls]<UL><LI><a href="#[124]">&gt;&gt;</a>&nbsp;&nbsp;&nbsp;GUI_ALLOC_FreeFixedBlock
</UL>
<BR>[Address Reference Count : 1]<UL><LI> LCD_RLE4.o(.text.LCD__RLE4_SetFunc)
</UL>
<P><STRONG><a name="[6c]"></a>_GetByte_pPixel</STRONG> (Thumb, 16 bytes, Stack size unknown bytes, LCD_RLE8.o(.text._GetByte_pPixel))
<BR>[Address Reference Count : 1]<UL><LI> LCD_RLE8.o(.text._DrawBitmap_RLE8)
</UL>
<P><STRONG><a name="[58]"></a>_GetByte_GetData</STRONG> (Thumb, 64 bytes, Stack size unknown bytes, LCD_RLE8.o(.text._GetByte_GetData))
<BR>[Address Reference Count : 1]<UL><LI> LCD_RLE8.o(.text.LCD__RLE8_SetFunc)
</UL>
<P><STRONG><a name="[1d7]"></a>_DrawBitmap</STRONG> (Thumb, 560 bytes, Stack size unknown bytes, LCD_RLE8.o(.text._DrawBitmap))
<BR><BR>[Calls]<UL><LI><a href="#[92]">&gt;&gt;</a>&nbsp;&nbsp;&nbsp;LCD_DrawHLine
<LI><a href="#[176]">&gt;&gt;</a>&nbsp;&nbsp;&nbsp;LCD_SetColorIndex
<LI><a href="#[107]">&gt;&gt;</a>&nbsp;&nbsp;&nbsp;LCD_FillRect
<LI><a href="#[19b]">&gt;&gt;</a>&nbsp;&nbsp;&nbsp;LCD_GetpPalConvTable
</UL>
<BR>[Called By]<UL><LI><a href="#[ca]">&gt;&gt;</a>&nbsp;&nbsp;&nbsp;_DrawBitmap_RLE8Ex
<LI><a href="#[cb]">&gt;&gt;</a>&nbsp;&nbsp;&nbsp;_DrawBitmap_RLE8
</UL>

<P><STRONG><a name="[cb]"></a>_DrawBitmap_RLE8</STRONG> (Thumb, 44 bytes, Stack size unknown bytes, LCD_RLE8.o(.text._DrawBitmap_RLE8))
<BR><BR>[Calls]<UL><LI><a href="#[1d7]">&gt;&gt;</a>&nbsp;&nbsp;&nbsp;_DrawBitmap
</UL>
<BR>[Address Reference Count : 1]<UL><LI> LCD_RLE8.o(.rodata)
</UL>
<P><STRONG><a name="[ca]"></a>_DrawBitmap_RLE8Ex</STRONG> (Thumb, 152 bytes, Stack size unknown bytes, LCD_RLE8.o(.text._DrawBitmap_RLE8Ex))
<BR><BR>[Stack]<UL><LI>Max Depth = 8 + Unknown Stack Size
<LI>Call Chain = _DrawBitmap_RLE8Ex &rArr; GUI_ALLOC_AllocZero &rArr; GUI_ALLOC_AllocNoInit &rArr; _Alloc &rArr; _RemoveHoles &rArr; memmove
</UL>
<BR>[Calls]<UL><LI><a href="#[10e]">&gt;&gt;</a>&nbsp;&nbsp;&nbsp;GUI_ALLOC_AllocZero
<LI><a href="#[11a]">&gt;&gt;</a>&nbsp;&nbsp;&nbsp;GUI_ALLOC_RequestSize
<LI><a href="#[111]">&gt;&gt;</a>&nbsp;&nbsp;&nbsp;GUI_ALLOC_Free
<LI><a href="#[110]">&gt;&gt;</a>&nbsp;&nbsp;&nbsp;GUI_ALLOC_UnlockH
<LI><a href="#[10f]">&gt;&gt;</a>&nbsp;&nbsp;&nbsp;GUI_ALLOC_LockH
<LI><a href="#[1d7]">&gt;&gt;</a>&nbsp;&nbsp;&nbsp;_DrawBitmap
</UL>
<BR>[Address Reference Count : 1]<UL><LI> LCD_RLE8.o(.rodata)
</UL>
<P><STRONG><a name="[57]"></a>_OnExit</STRONG> (Thumb, 20 bytes, Stack size unknown bytes, LCD_RLE8.o(.text._OnExit))
<BR><BR>[Calls]<UL><LI><a href="#[124]">&gt;&gt;</a>&nbsp;&nbsp;&nbsp;GUI_ALLOC_FreeFixedBlock
</UL>
<BR>[Address Reference Count : 1]<UL><LI> LCD_RLE8.o(.text.LCD__RLE8_SetFunc)
</UL>
<P><STRONG><a name="[16c]"></a>_Convert16</STRONG> (Thumb, 62 bytes, Stack size unknown bytes, GUIDEV_WriteToActiveOpaque.o(.text._Convert16))
<BR><BR>[Calls]<UL><LI><a href="#[1cc]">&gt;&gt;</a>&nbsp;&nbsp;&nbsp;GUI__CompactPixelIndices
</UL>
<BR>[Called By]<UL><LI><a href="#[6d]">&gt;&gt;</a>&nbsp;&nbsp;&nbsp;GUI_MEMDEV__WriteToActiveOpaque
</UL>

<P><STRONG><a name="[16d]"></a>_Convert8</STRONG> (Thumb, 66 bytes, Stack size unknown bytes, GUIDEV_WriteToActiveOpaque.o(.text._Convert8))
<BR><BR>[Calls]<UL><LI><a href="#[1cc]">&gt;&gt;</a>&nbsp;&nbsp;&nbsp;GUI__CompactPixelIndices
</UL>
<BR>[Called By]<UL><LI><a href="#[6d]">&gt;&gt;</a>&nbsp;&nbsp;&nbsp;GUI_MEMDEV__WriteToActiveOpaque
</UL>

<P><STRONG><a name="[cc]"></a>_Color2Index_M8888I</STRONG> (Thumb, 2 bytes, Stack size unknown bytes, GUICC_M8888I.o(.text._Color2Index_M8888I))
<BR>[Address Reference Count : 1]<UL><LI> GUICC_M8888I.o(.rodata)
</UL>
<P><STRONG><a name="[cd]"></a>_GetIndexMask_M8888I</STRONG> (Thumb, 6 bytes, Stack size unknown bytes, GUICC_M8888I.o(.text._GetIndexMask_M8888I))
<BR>[Address Reference Count : 1]<UL><LI> GUICC_M8888I.o(.rodata)
</UL>
<P><STRONG><a name="[ce]"></a>_Color2IndexBulk_M8888I</STRONG> (Thumb, 16 bytes, Stack size unknown bytes, GUICC_M8888I.o(.text._Color2IndexBulk_M8888I))
<BR>[Address Reference Count : 1]<UL><LI> GUICC_M8888I.o(.rodata)
</UL>
<P><STRONG><a name="[cf]"></a>_Index2ColorBulk_M8888I</STRONG> (Thumb, 16 bytes, Stack size unknown bytes, GUICC_M8888I.o(.text._Index2ColorBulk_M8888I))
<BR>[Address Reference Count : 1]<UL><LI> GUICC_M8888I.o(.rodata)
</UL>
<P><STRONG><a name="[d2]"></a>_GetIndexMask_0</STRONG> (Thumb, 82 bytes, Stack size unknown bytes, GUICC_0.o(.text._GetIndexMask_0))
<BR><BR>[Calls]<UL><LI><a href="#[194]">&gt;&gt;</a>&nbsp;&nbsp;&nbsp;LCD_GetNumColors
</UL>
<BR>[Address Reference Count : 1]<UL><LI> GUICC_0.o(.rodata)
</UL>
<P><STRONG><a name="[d1]"></a>_Index2Color_0</STRONG> (Thumb, 30 bytes, Stack size unknown bytes, GUICC_0.o(.text._Index2Color_0))
<BR><BR>[Calls]<UL><LI><a href="#[197]">&gt;&gt;</a>&nbsp;&nbsp;&nbsp;LCD_GetPalette
<LI><a href="#[194]">&gt;&gt;</a>&nbsp;&nbsp;&nbsp;LCD_GetNumColors
</UL>
<BR>[Address Reference Count : 1]<UL><LI> GUICC_0.o(.rodata)
</UL>
<P><STRONG><a name="[d0]"></a>_Color2Index_0</STRONG> (Thumb, 82 bytes, Stack size unknown bytes, GUICC_0.o(.text._Color2Index_0))
<BR><BR>[Calls]<UL><LI><a href="#[197]">&gt;&gt;</a>&nbsp;&nbsp;&nbsp;LCD_GetPalette
<LI><a href="#[194]">&gt;&gt;</a>&nbsp;&nbsp;&nbsp;LCD_GetNumColors
<LI><a href="#[1cb]">&gt;&gt;</a>&nbsp;&nbsp;&nbsp;GUI_CalcColorDist
</UL>
<BR>[Address Reference Count : 1]<UL><LI> GUICC_0.o(.rodata)
</UL>
<P><STRONG><a name="[d3]"></a>_Color2Index_565</STRONG> (Thumb, 40 bytes, Stack size unknown bytes, GUICC_565.o(.text._Color2Index_565))
<BR>[Address Reference Count : 1]<UL><LI> GUICC_565.o(.rodata)
</UL>
<P><STRONG><a name="[d4]"></a>_GetIndexMask_565</STRONG> (Thumb, 6 bytes, Stack size unknown bytes, GUICC_565.o(.text._GetIndexMask_565))
<BR>[Address Reference Count : 1]<UL><LI> GUICC_565.o(.rodata)
</UL>
<P><STRONG><a name="[d5]"></a>_Color2IndexBulk</STRONG> (Thumb, 56 bytes, Stack size unknown bytes, GUICC_565.o(.text._Color2IndexBulk))
<BR>[Address Reference Count : 1]<UL><LI> GUICC_565.o(.rodata)
</UL>
<P><STRONG><a name="[d6]"></a>_Index2ColorBulk</STRONG> (Thumb, 80 bytes, Stack size unknown bytes, GUICC_565.o(.text._Index2ColorBulk))
<BR>[Address Reference Count : 1]<UL><LI> GUICC_565.o(.rodata)
</UL>
<P><STRONG><a name="[d7]"></a>_Color2Index_8888</STRONG> (Thumb, 28 bytes, Stack size unknown bytes, GUICC_8888.o(.text._Color2Index_8888))
<BR>[Address Reference Count : 1]<UL><LI> GUICC_8888.o(.rodata)
</UL>
<P><STRONG><a name="[d8]"></a>_GetIndexMask_8888</STRONG> (Thumb, 6 bytes, Stack size unknown bytes, GUICC_8888.o(.text._GetIndexMask_8888))
<BR>[Address Reference Count : 1]<UL><LI> GUICC_8888.o(.rodata)
</UL>
<P><STRONG><a name="[d9]"></a>_Color2IndexBulk</STRONG> (Thumb, 52 bytes, Stack size unknown bytes, GUICC_8888.o(.text._Color2IndexBulk))
<BR>[Address Reference Count : 1]<UL><LI> GUICC_8888.o(.rodata)
</UL>
<P><STRONG><a name="[da]"></a>_Index2ColorBulk</STRONG> (Thumb, 52 bytes, Stack size unknown bytes, GUICC_8888.o(.text._Index2ColorBulk))
<BR>[Address Reference Count : 1]<UL><LI> GUICC_8888.o(.rodata)
</UL>
<P><STRONG><a name="[4e]"></a>_OnExit</STRONG> (Thumb, 40 bytes, Stack size unknown bytes, GUI__Alpha.o(.text._OnExit))
<BR><BR>[Calls]<UL><LI><a href="#[124]">&gt;&gt;</a>&nbsp;&nbsp;&nbsp;GUI_ALLOC_FreeFixedBlock
</UL>
<BR>[Address Reference Count : 1]<UL><LI> GUI__Alpha.o(.text.GUI__GetAlphaBuffer)
</UL>
<P><STRONG><a name="[1e0]"></a>_NextPixel_FlushBuffer</STRONG> (Thumb, 80 bytes, Stack size unknown bytes, LCD_NextPixelAPI.o(.text._NextPixel_FlushBuffer))
<BR><BR>[Called By]<UL><LI><a href="#[ea]">&gt;&gt;</a>&nbsp;&nbsp;&nbsp;_NextPixel_End
<LI><a href="#[e9]">&gt;&gt;</a>&nbsp;&nbsp;&nbsp;_NextPixel_NextLine
<LI><a href="#[e8]">&gt;&gt;</a>&nbsp;&nbsp;&nbsp;_NextPixel_SetPixel
</UL>

<P><STRONG><a name="[e8]"></a>_NextPixel_SetPixel</STRONG> (Thumb, 264 bytes, Stack size unknown bytes, LCD_NextPixelAPI.o(.text._NextPixel_SetPixel))
<BR><BR>[Calls]<UL><LI><a href="#[1e0]">&gt;&gt;</a>&nbsp;&nbsp;&nbsp;_NextPixel_FlushBuffer
</UL>
<BR>[Address Reference Count : 1]<UL><LI> LCD_NextPixelAPI.o(.data)
</UL>
<P><STRONG><a name="[e9]"></a>_NextPixel_NextLine</STRONG> (Thumb, 28 bytes, Stack size unknown bytes, LCD_NextPixelAPI.o(.text._NextPixel_NextLine))
<BR><BR>[Calls]<UL><LI><a href="#[1e0]">&gt;&gt;</a>&nbsp;&nbsp;&nbsp;_NextPixel_FlushBuffer
</UL>
<BR>[Address Reference Count : 1]<UL><LI> LCD_NextPixelAPI.o(.data)
</UL>
<P><STRONG><a name="[ea]"></a>_NextPixel_End</STRONG> (Thumb, 40 bytes, Stack size unknown bytes, LCD_NextPixelAPI.o(.text._NextPixel_End))
<BR><BR>[Calls]<UL><LI><a href="#[111]">&gt;&gt;</a>&nbsp;&nbsp;&nbsp;GUI_ALLOC_Free
<LI><a href="#[110]">&gt;&gt;</a>&nbsp;&nbsp;&nbsp;GUI_ALLOC_UnlockH
<LI><a href="#[1e0]">&gt;&gt;</a>&nbsp;&nbsp;&nbsp;_NextPixel_FlushBuffer
</UL>
<BR>[Address Reference Count : 1]<UL><LI> LCD_NextPixelAPI.o(.data)
</UL>
<P><STRONG><a name="[e7]"></a>_NextPixel_Start</STRONG> (Thumb, 180 bytes, Stack size unknown bytes, LCD_NextPixelAPI.o(.text._NextPixel_Start))
<BR><BR>[Stack]<UL><LI>Max Depth = 8 + Unknown Stack Size
<LI>Call Chain = _NextPixel_Start &rArr; GUI_ALLOC_AllocNoInit &rArr; _Alloc &rArr; _RemoveHoles &rArr; memmove
</UL>
<BR>[Calls]<UL><LI><a href="#[169]">&gt;&gt;</a>&nbsp;&nbsp;&nbsp;GUI_GetBitsPerPixelEx
<LI><a href="#[10c]">&gt;&gt;</a>&nbsp;&nbsp;&nbsp;GUI_ALLOC_AllocNoInit
<LI><a href="#[118]">&gt;&gt;</a>&nbsp;&nbsp;&nbsp;GUI_ALLOC_GetMaxSize
<LI><a href="#[10f]">&gt;&gt;</a>&nbsp;&nbsp;&nbsp;GUI_ALLOC_LockH
</UL>
<BR>[Address Reference Count : 1]<UL><LI> LCD_NextPixelAPI.o(.data)
</UL>
<P><STRONG><a name="[db]"></a>GUI_USAGE_BM_AddPixel</STRONG> (Thumb, 40 bytes, Stack size unknown bytes, GUIDEV_UsageBM.o(.text.GUI_USAGE_BM_AddPixel))
<BR>[Address Reference Count : 1]<UL><LI> GUIDEV_UsageBM.o(.rodata)
</UL>
<P><STRONG><a name="[df]"></a>GUI_USAGE_BM_GetNextDirty</STRONG> (Thumb, 156 bytes, Stack size unknown bytes, GUIDEV_UsageBM.o(.text.GUI_USAGE_BM_GetNextDirty))
<BR>[Address Reference Count : 1]<UL><LI> GUIDEV_UsageBM.o(.rodata)
</UL>
<P><STRONG><a name="[de]"></a>_GUI_USAGE_BM_Delete</STRONG> (Thumb, 4 bytes, Stack size unknown bytes, GUIDEV_UsageBM.o(.text._GUI_USAGE_BM_Delete))
<BR><BR>[Calls]<UL><LI><a href="#[111]">&gt;&gt;</a>&nbsp;&nbsp;&nbsp;GUI_ALLOC_Free
</UL>
<BR>[Address Reference Count : 1]<UL><LI> GUIDEV_UsageBM.o(.rodata)
</UL>
<P><STRONG><a name="[dd]"></a>GUI_USAGE_BM_Clear</STRONG> (Thumb, 16 bytes, Stack size unknown bytes, GUIDEV_UsageBM.o(.text.GUI_USAGE_BM_Clear))
<BR><BR>[Stack]<UL><LI>Max Depth = 8 + Unknown Stack Size
<LI>Call Chain = GUI_USAGE_BM_Clear &rArr; memset
</UL>
<BR>[Calls]<UL><LI><a href="#[e4]">&gt;&gt;</a>&nbsp;&nbsp;&nbsp;memset
</UL>
<BR>[Address Reference Count : 1]<UL><LI> GUIDEV_UsageBM.o(.rodata)
</UL>
<P><STRONG><a name="[dc]"></a>GUI_USAGE_BM_AddHLine</STRONG> (Thumb, 120 bytes, Stack size unknown bytes, GUIDEV_UsageBM.o(.text.GUI_USAGE_BM_AddHLine))
<BR><BR>[Stack]<UL><LI>Max Depth = 8 + Unknown Stack Size
<LI>Call Chain = GUI_USAGE_BM_AddHLine &rArr; memset
</UL>
<BR>[Calls]<UL><LI><a href="#[e4]">&gt;&gt;</a>&nbsp;&nbsp;&nbsp;memset
</UL>
<BR>[Address Reference Count : 1]<UL><LI> GUIDEV_UsageBM.o(.rodata)
</UL>
<P><STRONG><a name="[170]"></a>LCD_ReadRectEx</STRONG> (Thumb, 420 bytes, Stack size unknown bytes, LCD_ReadRect.o(.text.LCD_ReadRectEx))
<BR><BR>[Calls]<UL><LI><a href="#[169]">&gt;&gt;</a>&nbsp;&nbsp;&nbsp;GUI_GetBitsPerPixelEx
</UL>
<BR>[Called By]<UL><LI><a href="#[16f]">&gt;&gt;</a>&nbsp;&nbsp;&nbsp;GUI_ReadRectEx
</UL>

<P><STRONG><a name="[2a5]"></a>_fp_digits</STRONG> (Thumb, 366 bytes, Stack size 64 bytes, printfa.o(i._fp_digits), UNUSED)
<BR><BR>[Calls]<UL><LI><a href="#[f6]">&gt;&gt;</a>&nbsp;&nbsp;&nbsp;__aeabi_dmul
<LI><a href="#[f7]">&gt;&gt;</a>&nbsp;&nbsp;&nbsp;__aeabi_ddiv
<LI><a href="#[ef]">&gt;&gt;</a>&nbsp;&nbsp;&nbsp;__aeabi_dadd
<LI><a href="#[101]">&gt;&gt;</a>&nbsp;&nbsp;&nbsp;__aeabi_d2ulz
<LI><a href="#[2a6]">&gt;&gt;</a>&nbsp;&nbsp;&nbsp;__aeabi_cdrcmple
<LI><a href="#[100]">&gt;&gt;</a>&nbsp;&nbsp;&nbsp;__aeabi_uldivmod
</UL>
<BR>[Called By]<UL><LI><a href="#[2a3]">&gt;&gt;</a>&nbsp;&nbsp;&nbsp;_printf_core
</UL>

<P><STRONG><a name="[2a3]"></a>_printf_core</STRONG> (Thumb, 1704 bytes, Stack size 136 bytes, printfa.o(i._printf_core), UNUSED)
<BR><BR>[Calls]<UL><LI><a href="#[2a7]">&gt;&gt;</a>&nbsp;&nbsp;&nbsp;_printf_pre_padding
<LI><a href="#[2a8]">&gt;&gt;</a>&nbsp;&nbsp;&nbsp;_printf_post_padding
<LI><a href="#[2a5]">&gt;&gt;</a>&nbsp;&nbsp;&nbsp;_fp_digits
<LI><a href="#[100]">&gt;&gt;</a>&nbsp;&nbsp;&nbsp;__aeabi_uldivmod
<LI><a href="#[2a9]">&gt;&gt;</a>&nbsp;&nbsp;&nbsp;__aeabi_uidivmod
</UL>
<BR>[Called By]<UL><LI><a href="#[2a4]">&gt;&gt;</a>&nbsp;&nbsp;&nbsp;__0sprintf
<LI><a href="#[2a2]">&gt;&gt;</a>&nbsp;&nbsp;&nbsp;__0printf
</UL>

<P><STRONG><a name="[2a8]"></a>_printf_post_padding</STRONG> (Thumb, 36 bytes, Stack size 24 bytes, printfa.o(i._printf_post_padding), UNUSED)
<BR><BR>[Called By]<UL><LI><a href="#[2a3]">&gt;&gt;</a>&nbsp;&nbsp;&nbsp;_printf_core
</UL>

<P><STRONG><a name="[2a7]"></a>_printf_pre_padding</STRONG> (Thumb, 46 bytes, Stack size 24 bytes, printfa.o(i._printf_pre_padding), UNUSED)
<BR><BR>[Called By]<UL><LI><a href="#[2a3]">&gt;&gt;</a>&nbsp;&nbsp;&nbsp;_printf_core
</UL>

<P><STRONG><a name="[7c]"></a>_sputc</STRONG> (Thumb, 10 bytes, Stack size 0 bytes, printfa.o(i._sputc))
<BR><BR>[Called By]<UL><LI><a href="#[2a4]">&gt;&gt;</a>&nbsp;&nbsp;&nbsp;__0sprintf
</UL>
<BR>[Address Reference Count : 1]<UL><LI> printfa.o(i.__0sprintf)
</UL><P>
<H3>
Undefined Global Symbols
</H3><HR></body></html>
